walkoff_core_api.1.dgq4r551ojm1@ip-192-168-0-16.ap-southeast-2.compute.internal    | cls - user.py <class 'api.server.db.user.UserModel'> <class 'pydantic.main.ModelMetaclass'>
walkoff_core_api.1.dgq4r551ojm1@ip-192-168-0-16.ap-southeast-2.compute.internal    | pwd walkoff123456
walkoff_core_api.1.dgq4r551ojm1@ip-192-168-0-16.ap-southeast-2.compute.internal    | vals {'id_': UUID('00000069-6e74-6572-6e61-6c5f75736572'), 'hashed': False, 'username': 'internal_user'}
walkoff_core_api.1.dgq4r551ojm1@ip-192-168-0-16.ap-southeast-2.compute.internal    | cls - user.py <class 'api.server.db.user.UserModel'> <class 'pydantic.main.ModelMetaclass'>
walkoff_core_api.1.dgq4r551ojm1@ip-192-168-0-16.ap-southeast-2.compute.internal    | pwd walkoff123456
walkoff_core_api.1.dgq4r551ojm1@ip-192-168-0-16.ap-southeast-2.compute.internal    | vals {'id_': UUID('00000069-6e74-6572-6e61-6c5f75736572'), 'hashed': False, 'username': 'internal_user'}
walkoff_core_api.1.dgq4r551ojm1@ip-192-168-0-16.ap-southeast-2.compute.internal    | pwd-r $pbkdf2-sha512$25000$3huDECLknPOeE0LIGWPsvQ$sBI1wqTzSsgJwgOwlw.GaohNWqmxED9iJ9mpIbAgfs9QOn9qfd4JZKMe5ZdGiucPhwx8SiruJ0/B6xRsxp0Sbg
walkoff_core_api.1.dgq4r551ojm1@ip-192-168-0-16.ap-southeast-2.compute.internal    | INFO:     10.0.3.216:59536 - "POST /walkoff/api/auth/login HTTP/1.1" 201 Created
walkoff_core_api.1.dgq4r551ojm1@ip-192-168-0-16.ap-southeast-2.compute.internal    | cls - user.py <class 'api.server.db.user.UserModel'> <class 'pydantic.main.ModelMetaclass'>
walkoff_core_api.1.dgq4r551ojm1@ip-192-168-0-16.ap-southeast-2.compute.internal    | pwd walkoff123456
walkoff_core_api.1.dgq4r551ojm1@ip-192-168-0-16.ap-southeast-2.compute.internal    | vals {'id_': UUID('00000069-6e74-6572-6e61-6c5f75736572'), 'hashed': False, 'username': 'internal_user'}
walkoff_core_api.1.dgq4r551ojm1@ip-192-168-0-16.ap-southeast-2.compute.internal    | cls - user.py <class 'api.server.db.user.UserModel'> <class 'pydantic.main.ModelMetaclass'>
walkoff_core_api.1.dgq4r551ojm1@ip-192-168-0-16.ap-southeast-2.compute.internal    | pwd walkoff123456
walkoff_core_api.1.dgq4r551ojm1@ip-192-168-0-16.ap-southeast-2.compute.internal    | vals {'id_': UUID('00000069-6e74-6572-6e61-6c5f75736572'), 'hashed': False, 'username': 'internal_user'}
walkoff_core_api.1.dgq4r551ojm1@ip-192-168-0-16.ap-southeast-2.compute.internal    | pwd-r $pbkdf2-sha512$25000$ba31fs/ZG0OotVbqfS/lnA$74Dtz3vNB..d3pKlZv/65i7h4GOJ36bfFAo0kNrF3KAPqIJ8vnwEi3SUN761638WZlOgfE2t6XSdiJoirzD1zw
walkoff_core_api.1.dgq4r551ojm1@ip-192-168-0-16.ap-southeast-2.compute.internal    | INFO:     10.0.3.216:59536 - "POST /walkoff/api/auth/refresh HTTP/1.1" 200 OK
walkoff_core_api.1.dgq4r551ojm1@ip-192-168-0-16.ap-southeast-2.compute.internal    | INFO:     10.0.3.216:59536 - "GET /walkoff/api/apps/apis/ HTTP/1.1" 200 OK
walkoff_core_api.1.dgq4r551ojm1@ip-192-168-0-16.ap-southeast-2.compute.internal    | cls - user.py <class 'api.server.db.user.UserModel'> <class 'pydantic.main.ModelMetaclass'>
walkoff_core_api.1.dgq4r551ojm1@ip-192-168-0-16.ap-southeast-2.compute.internal    | pwd walkoff123456
walkoff_core_api.1.dgq4r551ojm1@ip-192-168-0-16.ap-southeast-2.compute.internal    | vals {'id_': UUID('00000069-6e74-6572-6e61-6c5f75736572'), 'hashed': False, 'username': 'internal_user'}
walkoff_core_api.1.dgq4r551ojm1@ip-192-168-0-16.ap-southeast-2.compute.internal    | cls - user.py <class 'api.server.db.user.UserModel'> <class 'pydantic.main.ModelMetaclass'>
walkoff_core_api.1.dgq4r551ojm1@ip-192-168-0-16.ap-southeast-2.compute.internal    | pwd walkoff123456
walkoff_core_api.1.dgq4r551ojm1@ip-192-168-0-16.ap-southeast-2.compute.internal    | vals {'id_': UUID('00000069-6e74-6572-6e61-6c5f75736572'), 'hashed': False, 'username': 'internal_user'}
walkoff_core_api.1.dgq4r551ojm1@ip-192-168-0-16.ap-southeast-2.compute.internal    | pwd-r $pbkdf2-sha512$25000$o1RqjbGWEoIQopSyNkZISQ$DOta83a/9/JCFwUfJYB2WmXj.rJSdWkbKHyJwRmNuRxhmn4Bv7OZkwVdWEA0O8J.9ggXdYbNk4ijU3/L6v0Gow
walkoff_core_api.1.dgq4r551ojm1@ip-192-168-0-16.ap-southeast-2.compute.internal    | INFO:     10.0.3.216:59536 - "POST /walkoff/api/auth/refresh HTTP/1.1" 200 OK
walkoff_core_api.1.dgq4r551ojm1@ip-192-168-0-16.ap-southeast-2.compute.internal    | INFO:     10.0.3.216:59536 - "GET /walkoff/api/apps/apis/ HTTP/1.1" 200 OK
walkoff_core_api.1.dgq4r551ojm1@ip-192-168-0-16.ap-southeast-2.compute.internal    | cls - user.py <class 'api.server.db.user.UserModel'> <class 'pydantic.main.ModelMetaclass'>
walkoff_core_api.1.dgq4r551ojm1@ip-192-168-0-16.ap-southeast-2.compute.internal    | pwd walkoff123456
walkoff_core_api.1.dgq4r551ojm1@ip-192-168-0-16.ap-southeast-2.compute.internal    | vals {'id_': UUID('00000069-6e74-6572-6e61-6c5f75736572'), 'hashed': False, 'username': 'internal_user'}
walkoff_core_api.1.dgq4r551ojm1@ip-192-168-0-16.ap-southeast-2.compute.internal    | cls - user.py <class 'api.server.db.user.UserModel'> <class 'pydantic.main.ModelMetaclass'>
walkoff_core_api.1.dgq4r551ojm1@ip-192-168-0-16.ap-southeast-2.compute.internal    | pwd walkoff123456
walkoff_core_api.1.dgq4r551ojm1@ip-192-168-0-16.ap-southeast-2.compute.internal    | vals {'id_': UUID('00000069-6e74-6572-6e61-6c5f75736572'), 'hashed': False, 'username': 'internal_user'}
walkoff_core_api.1.dgq4r551ojm1@ip-192-168-0-16.ap-southeast-2.compute.internal    | pwd-r $pbkdf2-sha512$25000$s3autRaiFALgfA9hDEFoDQ$ExPXV4a7kvGdks1yVnP3q6CQijuImGaZnxNiKrPh4.KkPnU34zI8Z4EAPTlwDgpK/zvEaeFDDudDDP3VnAfNEg
walkoff_core_api.1.dgq4r551ojm1@ip-192-168-0-16.ap-southeast-2.compute.internal    | INFO:     10.0.3.216:59536 - "POST /walkoff/api/auth/refresh HTTP/1.1" 200 OK
walkoff_core_api.1.dgq4r551ojm1@ip-192-168-0-16.ap-southeast-2.compute.internal    | INFO:     10.0.3.216:59536 - "POST /walkoff/api/apps/apis/ HTTP/1.1" 500 Internal Server Error
walkoff_core_api.1.dgq4r551ojm1@ip-192-168-0-16.ap-southeast-2.compute.internal    | cls - user.py <class 'api.server.db.user.UserModel'> <class 'pydantic.main.ModelMetaclass'>
walkoff_core_api.1.dgq4r551ojm1@ip-192-168-0-16.ap-southeast-2.compute.internal    | pwd walkoff123456
walkoff_core_api.1.dgq4r551ojm1@ip-192-168-0-16.ap-southeast-2.compute.internal    | vals {'id_': UUID('00000069-6e74-6572-6e61-6c5f75736572'), 'hashed': False, 'username': 'internal_user'}
walkoff_core_api.1.dgq4r551ojm1@ip-192-168-0-16.ap-southeast-2.compute.internal    | cls - user.py <class 'api.server.db.user.UserModel'> <class 'pydantic.main.ModelMetaclass'>
walkoff_core_api.1.dgq4r551ojm1@ip-192-168-0-16.ap-southeast-2.compute.internal    | pwd walkoff123456
walkoff_core_api.1.dgq4r551ojm1@ip-192-168-0-16.ap-southeast-2.compute.internal    | vals {'id_': UUID('00000069-6e74-6572-6e61-6c5f75736572'), 'hashed': False, 'username': 'internal_user'}
walkoff_core_api.1.dgq4r551ojm1@ip-192-168-0-16.ap-southeast-2.compute.internal    | pwd-r $pbkdf2-sha512$25000$21sLQci5dw7hfI.xtta69w$NwDLU4jdYu2fehTnKpPqS1gHe/52m42o1wscaClgwoRKGqly25DPJm9R.igQVBW95h/LGhkO7Y9thOoLXosX2A
walkoff_core_api.1.dgq4r551ojm1@ip-192-168-0-16.ap-southeast-2.compute.internal    | INFO:     10.0.3.216:59544 - "POST /walkoff/api/auth/refresh HTTP/1.1" 200 OK
walkoff_core_api.1.dgq4r551ojm1@ip-192-168-0-16.ap-southeast-2.compute.internal    | INFO:     10.0.3.216:59544 - "POST /walkoff/api/apps/apis/ HTTP/1.1" 500 Internal Server Error
walkoff_core_api.1.dgq4r551ojm1@ip-192-168-0-16.ap-southeast-2.compute.internal    | cls - user.py <class 'api.server.db.user.UserModel'> <class 'pydantic.main.ModelMetaclass'>
walkoff_core_api.1.dgq4r551ojm1@ip-192-168-0-16.ap-southeast-2.compute.internal    | pwd walkoff123456
walkoff_core_api.1.dgq4r551ojm1@ip-192-168-0-16.ap-southeast-2.compute.internal    | vals {'id_': UUID('00000069-6e74-6572-6e61-6c5f75736572'), 'hashed': False, 'username': 'internal_user'}
walkoff_core_api.1.dgq4r551ojm1@ip-192-168-0-16.ap-southeast-2.compute.internal    | cls - user.py <class 'api.server.db.user.UserModel'> <class 'pydantic.main.ModelMetaclass'>
walkoff_core_api.1.dgq4r551ojm1@ip-192-168-0-16.ap-southeast-2.compute.internal    | pwd walkoff123456
walkoff_core_api.1.dgq4r551ojm1@ip-192-168-0-16.ap-southeast-2.compute.internal    | vals {'id_': UUID('00000069-6e74-6572-6e61-6c5f75736572'), 'hashed': False, 'username': 'internal_user'}
walkoff_core_api.1.dgq4r551ojm1@ip-192-168-0-16.ap-southeast-2.compute.internal    | pwd-r $pbkdf2-sha512$25000$DQEg5HzP2XvvnfMew3ivVQ$U4oCliE8fFEA5KJXv2pJvFCzUsf8Ba/UljJILFYnHsEb9A72oA95kUPO6L.U0WKgcMv3JQmQ5C/vLXYWkYyUGg
walkoff_core_api.1.dgq4r551ojm1@ip-192-168-0-16.ap-southeast-2.compute.internal    | INFO:     10.0.3.216:59550 - "POST /walkoff/api/auth/refresh HTTP/1.1" 200 OK
walkoff_core_api.1.dgq4r551ojm1@ip-192-168-0-16.ap-southeast-2.compute.internal    | INFO:     10.0.3.216:59550 - "POST /walkoff/api/apps/apis/ HTTP/1.1" 500 Internal Server Error
walkoff_core_api.1.dgq4r551ojm1@ip-192-168-0-16.ap-southeast-2.compute.internal    | cls - user.py <class 'api.server.db.user.UserModel'> <class 'pydantic.main.ModelMetaclass'>
walkoff_core_api.1.dgq4r551ojm1@ip-192-168-0-16.ap-southeast-2.compute.internal    | pwd walkoff123456
walkoff_core_api.1.dgq4r551ojm1@ip-192-168-0-16.ap-southeast-2.compute.internal    | vals {'id_': UUID('00000069-6e74-6572-6e61-6c5f75736572'), 'hashed': False, 'username': 'internal_user'}
walkoff_core_api.1.dgq4r551ojm1@ip-192-168-0-16.ap-southeast-2.compute.internal    | cls - user.py <class 'api.server.db.user.UserModel'> <class 'pydantic.main.ModelMetaclass'>
walkoff_core_api.1.dgq4r551ojm1@ip-192-168-0-16.ap-southeast-2.compute.internal    | pwd walkoff123456
walkoff_core_api.1.dgq4r551ojm1@ip-192-168-0-16.ap-southeast-2.compute.internal    | vals {'id_': UUID('00000069-6e74-6572-6e61-6c5f75736572'), 'hashed': False, 'username': 'internal_user'}
walkoff_core_api.1.dgq4r551ojm1@ip-192-168-0-16.ap-southeast-2.compute.internal    | pwd-r $pbkdf2-sha512$25000$0TrnnPNeq9V6b61VitFa6w$dlD6uolSQfyMVnbZV2Ty/uXBloPT5dCzvTOYqydqaVlFco0/dthRhIbmGuB.zj4UEA786jJOqb6L6AFrfsfEYg
walkoff_core_api.1.dgq4r551ojm1@ip-192-168-0-16.ap-southeast-2.compute.internal    | INFO:     10.0.3.216:59554 - "POST /walkoff/api/auth/refresh HTTP/1.1" 200 OK
walkoff_core_api.1.dgq4r551ojm1@ip-192-168-0-16.ap-southeast-2.compute.internal    | INFO:     10.0.3.216:59554 - "POST /walkoff/api/apps/apis/ HTTP/1.1" 500 Internal Server Error
walkoff_core_api.1.dgq4r551ojm1@ip-192-168-0-16.ap-southeast-2.compute.internal    | cls - user.py <class 'api.server.db.user.UserModel'> <class 'pydantic.main.ModelMetaclass'>
walkoff_core_api.1.dgq4r551ojm1@ip-192-168-0-16.ap-southeast-2.compute.internal    | pwd walkoff123456
walkoff_core_api.1.dgq4r551ojm1@ip-192-168-0-16.ap-southeast-2.compute.internal    | vals {'id_': UUID('00000069-6e74-6572-6e61-6c5f75736572'), 'hashed': False, 'username': 'internal_user'}
walkoff_core_api.1.dgq4r551ojm1@ip-192-168-0-16.ap-southeast-2.compute.internal    | cls - user.py <class 'api.server.db.user.UserModel'> <class 'pydantic.main.ModelMetaclass'>
walkoff_core_api.1.dgq4r551ojm1@ip-192-168-0-16.ap-southeast-2.compute.internal    | pwd walkoff123456
walkoff_core_api.1.dgq4r551ojm1@ip-192-168-0-16.ap-southeast-2.compute.internal    | vals {'id_': UUID('00000069-6e74-6572-6e61-6c5f75736572'), 'hashed': False, 'username': 'internal_user'}
walkoff_core_api.1.dgq4r551ojm1@ip-192-168-0-16.ap-southeast-2.compute.internal    | pwd-r $pbkdf2-sha512$25000$bq1VivEeo3SuNSbkPGeslQ$h5FH1dqfpJOd27Lk7tQwFy3IqhXxO777qlK7/XpHUp1ahH94pwfjAHxr70RPhFrnN7da/VwwWD8FmCKpIzQ61g
walkoff_core_api.1.dgq4r551ojm1@ip-192-168-0-16.ap-southeast-2.compute.internal    | INFO:     10.0.3.216:59558 - "POST /walkoff/api/auth/refresh HTTP/1.1" 200 OK
walkoff_core_api.1.dgq4r551ojm1@ip-192-168-0-16.ap-southeast-2.compute.internal    | INFO:     10.0.3.216:59558 - "POST /walkoff/api/apps/apis/ HTTP/1.1" 500 Internal Server Error
walkoff_core_api.1.dgq4r551ojm1@ip-192-168-0-16.ap-southeast-2.compute.internal    | cls - user.py <class 'api.server.db.user.UserModel'> <class 'pydantic.main.ModelMetaclass'>
walkoff_core_api.1.dgq4r551ojm1@ip-192-168-0-16.ap-southeast-2.compute.internal    | pwd walkoff123456
walkoff_core_api.1.dgq4r551ojm1@ip-192-168-0-16.ap-southeast-2.compute.internal    | vals {'id_': UUID('00000069-6e74-6572-6e61-6c5f75736572'), 'hashed': False, 'username': 'internal_user'}
walkoff_core_api.1.dgq4r551ojm1@ip-192-168-0-16.ap-southeast-2.compute.internal    | cls - user.py <class 'api.server.db.user.UserModel'> <class 'pydantic.main.ModelMetaclass'>
walkoff_core_api.1.dgq4r551ojm1@ip-192-168-0-16.ap-southeast-2.compute.internal    | pwd walkoff123456
walkoff_core_api.1.dgq4r551ojm1@ip-192-168-0-16.ap-southeast-2.compute.internal    | vals {'id_': UUID('00000069-6e74-6572-6e61-6c5f75736572'), 'hashed': False, 'username': 'internal_user'}
walkoff_core_api.1.dgq4r551ojm1@ip-192-168-0-16.ap-southeast-2.compute.internal    | pwd-r $pbkdf2-sha512$25000$tDZGiJEyxhijdC6l1Nrbew$h3IpQ55hWT78CspppaVZZQyiZyw0ocRbYmynLS3rGrcO8ZVlJVnTCCT995vq.v6bQJgQMkAvnbeOiLWYtiTUVg
walkoff_core_api.1.dgq4r551ojm1@ip-192-168-0-16.ap-southeast-2.compute.internal    | INFO:     10.0.3.216:59570 - "POST /walkoff/api/auth/refresh HTTP/1.1" 200 OK
walkoff_core_api.1.dgq4r551ojm1@ip-192-168-0-16.ap-southeast-2.compute.internal    | INFO:     10.0.3.216:59570 - "POST /walkoff/api/apps/apis/ HTTP/1.1" 500 Internal Server Error
walkoff_core_api.1.dgq4r551ojm1@ip-192-168-0-16.ap-southeast-2.compute.internal    | cls - user.py <class 'api.server.db.user.UserModel'> <class 'pydantic.main.ModelMetaclass'>
walkoff_core_api.1.dgq4r551ojm1@ip-192-168-0-16.ap-southeast-2.compute.internal    | pwd walkoff123456
walkoff_core_api.1.dgq4r551ojm1@ip-192-168-0-16.ap-southeast-2.compute.internal    | vals {'id_': UUID('00000069-6e74-6572-6e61-6c5f75736572'), 'hashed': False, 'username': 'internal_user'}
walkoff_core_api.1.dgq4r551ojm1@ip-192-168-0-16.ap-southeast-2.compute.internal    | cls - user.py <class 'api.server.db.user.UserModel'> <class 'pydantic.main.ModelMetaclass'>
walkoff_core_api.1.dgq4r551ojm1@ip-192-168-0-16.ap-southeast-2.compute.internal    | pwd walkoff123456
walkoff_core_api.1.dgq4r551ojm1@ip-192-168-0-16.ap-southeast-2.compute.internal    | vals {'id_': UUID('00000069-6e74-6572-6e61-6c5f75736572'), 'hashed': False, 'username': 'internal_user'}
walkoff_core_api.1.dgq4r551ojm1@ip-192-168-0-16.ap-southeast-2.compute.internal    | pwd-r $pbkdf2-sha512$25000$1Lq31jpHyLm3FoLQGkNIKQ$aH074ni5ZnrvD17XhkecYyT8TxMJ6H8fPZQuVfTWhwDO1Z/IiwbbQByk1.X2RDg1/9F8sx3ZV/KzUnHG7440cQ
walkoff_core_api.1.dgq4r551ojm1@ip-192-168-0-16.ap-southeast-2.compute.internal    | INFO:     10.0.3.216:59574 - "POST /walkoff/api/auth/refresh HTTP/1.1" 200 OK
walkoff_core_api.1.dgq4r551ojm1@ip-192-168-0-16.ap-southeast-2.compute.internal    | INFO:     10.0.3.216:59574 - "POST /walkoff/api/apps/apis/ HTTP/1.1" 500 Internal Server Error
walkoff_core_api.1.dgq4r551ojm1@ip-192-168-0-16.ap-southeast-2.compute.internal    | cls - user.py <class 'api.server.db.user.UserModel'> <class 'pydantic.main.ModelMetaclass'>
walkoff_core_api.1.dgq4r551ojm1@ip-192-168-0-16.ap-southeast-2.compute.internal    | pwd walkoff123456
walkoff_core_api.1.dgq4r551ojm1@ip-192-168-0-16.ap-southeast-2.compute.internal    | vals {'id_': UUID('00000069-6e74-6572-6e61-6c5f75736572'), 'hashed': False, 'username': 'internal_user'}
walkoff_core_api.1.dgq4r551ojm1@ip-192-168-0-16.ap-southeast-2.compute.internal    | cls - user.py <class 'api.server.db.user.UserModel'> <class 'pydantic.main.ModelMetaclass'>
walkoff_core_api.1.dgq4r551ojm1@ip-192-168-0-16.ap-southeast-2.compute.internal    | pwd walkoff123456
walkoff_core_api.1.dgq4r551ojm1@ip-192-168-0-16.ap-southeast-2.compute.internal    | vals {'id_': UUID('00000069-6e74-6572-6e61-6c5f75736572'), 'hashed': False, 'username': 'internal_user'}
walkoff_core_api.1.dgq4r551ojm1@ip-192-168-0-16.ap-southeast-2.compute.internal    | pwd-r $pbkdf2-sha512$25000$9T4nJASAcM5Zq5WSstZ6bw$pw10EagxR2SMWLkPDzE.NY2/zsTnrW265GS1ve1axw//ncjk2QOuZRGzgylx4lu/rZoNF7QmElB0gHgHM6q0BA
walkoff_core_api.1.dgq4r551ojm1@ip-192-168-0-16.ap-southeast-2.compute.internal    | INFO:     10.0.3.216:59580 - "POST /walkoff/api/auth/refresh HTTP/1.1" 200 OK
walkoff_core_api.1.dgq4r551ojm1@ip-192-168-0-16.ap-southeast-2.compute.internal    | INFO:     10.0.3.216:59580 - "POST /walkoff/api/apps/apis/ HTTP/1.1" 500 Internal Server Error
walkoff_core_api.1.dgq4r551ojm1@ip-192-168-0-16.ap-southeast-2.compute.internal    | cls - user.py <class 'api.server.db.user.UserModel'> <class 'pydantic.main.ModelMetaclass'>
walkoff_core_api.1.dgq4r551ojm1@ip-192-168-0-16.ap-southeast-2.compute.internal    | pwd walkoff123456
walkoff_core_api.1.dgq4r551ojm1@ip-192-168-0-16.ap-southeast-2.compute.internal    | vals {'id_': UUID('00000069-6e74-6572-6e61-6c5f75736572'), 'hashed': False, 'username': 'internal_user'}
walkoff_core_api.1.dgq4r551ojm1@ip-192-168-0-16.ap-southeast-2.compute.internal    | cls - user.py <class 'api.server.db.user.UserModel'> <class 'pydantic.main.ModelMetaclass'>
walkoff_core_api.1.dgq4r551ojm1@ip-192-168-0-16.ap-southeast-2.compute.internal    | pwd walkoff123456
walkoff_core_api.1.dgq4r551ojm1@ip-192-168-0-16.ap-southeast-2.compute.internal    | vals {'id_': UUID('00000069-6e74-6572-6e61-6c5f75736572'), 'hashed': False, 'username': 'internal_user'}
walkoff_core_api.1.dgq4r551ojm1@ip-192-168-0-16.ap-southeast-2.compute.internal    | pwd-r $pbkdf2-sha512$25000$cm4txdh7T8kZ47zX.v/fGw$coEyG/X.Wyg0SYPKO7AV8Lvi5H1L391fOMfBfWCm5EAYK/KgMBQJ.mG8YbALERff88Od1XLIE4cdBnE.yhTM/g
walkoff_core_api.1.dgq4r551ojm1@ip-192-168-0-16.ap-southeast-2.compute.internal    | INFO:     10.0.3.216:59584 - "POST /walkoff/api/auth/refresh HTTP/1.1" 200 OK
walkoff_core_api.1.dgq4r551ojm1@ip-192-168-0-16.ap-southeast-2.compute.internal    | INFO:     10.0.3.216:59584 - "POST /walkoff/api/apps/apis/ HTTP/1.1" 500 Internal Server Error
walkoff_core_api.1.dgq4r551ojm1@ip-192-168-0-16.ap-southeast-2.compute.internal    | cls - user.py <class 'api.server.db.user.UserModel'> <class 'pydantic.main.ModelMetaclass'>
walkoff_core_api.1.dgq4r551ojm1@ip-192-168-0-16.ap-southeast-2.compute.internal    | pwd walkoff123456
walkoff_core_api.1.dgq4r551ojm1@ip-192-168-0-16.ap-southeast-2.compute.internal    | vals {'id_': UUID('00000069-6e74-6572-6e61-6c5f75736572'), 'hashed': False, 'username': 'internal_user'}
walkoff_core_api.1.dgq4r551ojm1@ip-192-168-0-16.ap-southeast-2.compute.internal    | cls - user.py <class 'api.server.db.user.UserModel'> <class 'pydantic.main.ModelMetaclass'>
walkoff_core_api.1.dgq4r551ojm1@ip-192-168-0-16.ap-southeast-2.compute.internal    | pwd walkoff123456
walkoff_core_api.1.dgq4r551ojm1@ip-192-168-0-16.ap-southeast-2.compute.internal    | vals {'id_': UUID('00000069-6e74-6572-6e61-6c5f75736572'), 'hashed': False, 'username': 'internal_user'}
walkoff_core_api.1.dgq4r551ojm1@ip-192-168-0-16.ap-southeast-2.compute.internal    | pwd-r $pbkdf2-sha512$25000$7l2rdQ7BeC.FMKZUai3FOA$VTPr/DTFj52RY9z/hPTNM7PlVmKNU.SuTOJYeP/ZW.8yF3SbMQzybIHgRSQZOWybYxK7rSDcMi7zoNtB5Fx2.A
walkoff_core_api.1.dgq4r551ojm1@ip-192-168-0-16.ap-southeast-2.compute.internal    | INFO:     10.0.3.216:59590 - "POST /walkoff/api/auth/refresh HTTP/1.1" 200 OK
walkoff_core_api.1.dgq4r551ojm1@ip-192-168-0-16.ap-southeast-2.compute.internal    | INFO:     10.0.3.216:59590 - "POST /walkoff/api/apps/apis/ HTTP/1.1" 500 Internal Server Error
walkoff_core_api.1.dgq4r551ojm1@ip-192-168-0-16.ap-southeast-2.compute.internal    | cls - user.py <class 'api.server.db.user.UserModel'> <class 'pydantic.main.ModelMetaclass'>
walkoff_core_api.1.dgq4r551ojm1@ip-192-168-0-16.ap-southeast-2.compute.internal    | pwd admin
walkoff_core_api.1.dgq4r551ojm1@ip-192-168-0-16.ap-southeast-2.compute.internal    | vals {'id_': UUID('00000000-0000-6164-6d69-6e5f75736572'), 'hashed': False, 'username': 'admin'}
walkoff_core_api.1.dgq4r551ojm1@ip-192-168-0-16.ap-southeast-2.compute.internal    | cls - user.py <class 'api.server.db.user.UserModel'> <class 'pydantic.main.ModelMetaclass'>
walkoff_core_api.1.dgq4r551ojm1@ip-192-168-0-16.ap-southeast-2.compute.internal    | pwd admin
walkoff_core_api.1.dgq4r551ojm1@ip-192-168-0-16.ap-southeast-2.compute.internal    | vals {'id_': UUID('00000000-0000-6164-6d69-6e5f75736572'), 'hashed': False, 'username': 'admin'}
walkoff_core_api.1.dgq4r551ojm1@ip-192-168-0-16.ap-southeast-2.compute.internal    | pwd-r $pbkdf2-sha512$25000$Ogdg7J3zPieEkDLmvJcyRg$6PwbnTzFbrE8m4ihxGtgkyu0IzXlEhXfsfWpPI3fLhabKoNRRPm7HutMSdmNBgUfY1GUtoaD3qljlqThc2rjXw
walkoff_core_api.1.dgq4r551ojm1@ip-192-168-0-16.ap-southeast-2.compute.internal    | INFO:     10.0.3.216:57530 - "GET /walkoff/api/users/permissions/ HTTP/1.0" 200 OK
walkoff_core_api.1.dgq4r551ojm1@ip-192-168-0-16.ap-southeast-2.compute.internal    | cls - user.py <class 'api.server.db.user.UserModel'> <class 'pydantic.main.ModelMetaclass'>
walkoff_core_api.1.dgq4r551ojm1@ip-192-168-0-16.ap-southeast-2.compute.internal    | pwd admin
walkoff_core_api.1.dgq4r551ojm1@ip-192-168-0-16.ap-southeast-2.compute.internal    | vals {'id_': UUID('00000000-0000-6164-6d69-6e5f75736572'), 'hashed': False, 'username': 'admin'}
walkoff_core_api.1.dgq4r551ojm1@ip-192-168-0-16.ap-southeast-2.compute.internal    | cls - user.py <class 'api.server.db.user.UserModel'> <class 'pydantic.main.ModelMetaclass'>
walkoff_core_api.1.dgq4r551ojm1@ip-192-168-0-16.ap-southeast-2.compute.internal    | pwd admin
walkoff_core_api.1.dgq4r551ojm1@ip-192-168-0-16.ap-southeast-2.compute.internal    | vals {'id_': UUID('00000000-0000-6164-6d69-6e5f75736572'), 'hashed': False, 'username': 'admin'}
walkoff_core_api.1.dgq4r551ojm1@ip-192-168-0-16.ap-southeast-2.compute.internal    | pwd-r $pbkdf2-sha512$25000$VUqpNSZE6N07ZywlxLhXig$21hyvZV5twCJEScWxF2O7cqG7KTLrtf3GotRh.Si/ptR7/L8O3jJIrq/k0wAGuFyOs2VE2KU1bdSvbjrqbBH6g
walkoff_core_api.1.dgq4r551ojm1@ip-192-168-0-16.ap-southeast-2.compute.internal    | INFO:     10.0.3.216:57668 - "GET /walkoff/api/users/permissions/ HTTP/1.0" 200 OK
walkoff_core_api.1.dgq4r551ojm1@ip-192-168-0-16.ap-southeast-2.compute.internal    | INFO:     10.0.3.216:57696 - "GET / HTTP/1.0" 200 OK
walkoff_core_api.1.dgq4r551ojm1@ip-192-168-0-16.ap-southeast-2.compute.internal    | INFO:     10.0.3.216:57700 - "GET /walkoff/client/dist/walkoff/styles.16ca3349f52b1833d035.css HTTP/1.0" 200 OK
walkoff_core_api.1.dgq4r551ojm1@ip-192-168-0-16.ap-southeast-2.compute.internal    | INFO:     10.0.3.216:57710 - "GET /walkoff/api/dashboards/ HTTP/1.0" 200 OK
walkoff_core_api.1.dgq4r551ojm1@ip-192-168-0-16.ap-southeast-2.compute.internal    | INFO:     10.0.3.216:57712 - "GET /walkoff/api/workflows/ HTTP/1.0" 200 OK
walkoff_core_api.1.dgq4r551ojm1@ip-192-168-0-16.ap-southeast-2.compute.internal    | cls - user.py <class 'api.server.db.user.UserModel'> <class 'pydantic.main.ModelMetaclass'>
walkoff_core_api.1.dgq4r551ojm1@ip-192-168-0-16.ap-southeast-2.compute.internal    | pwd admin
walkoff_core_api.1.dgq4r551ojm1@ip-192-168-0-16.ap-southeast-2.compute.internal    | vals {'id_': UUID('00000000-0000-6164-6d69-6e5f75736572'), 'hashed': False, 'username': 'admin'}
walkoff_core_api.1.dgq4r551ojm1@ip-192-168-0-16.ap-southeast-2.compute.internal    | cls - user.py <class 'api.server.db.user.UserModel'> <class 'pydantic.main.ModelMetaclass'>
walkoff_core_api.1.dgq4r551ojm1@ip-192-168-0-16.ap-southeast-2.compute.internal    | pwd admin
walkoff_core_api.1.dgq4r551ojm1@ip-192-168-0-16.ap-southeast-2.compute.internal    | vals {'id_': UUID('00000000-0000-6164-6d69-6e5f75736572'), 'hashed': False, 'username': 'admin'}
walkoff_core_api.1.dgq4r551ojm1@ip-192-168-0-16.ap-southeast-2.compute.internal    | pwd-r $pbkdf2-sha512$25000$gLDWute6955zjjGmNMYYIw$ndCYQ3onVDc6DEvSoSmwPwajsuj7j65emlCUwCeY7CXcxsG1iHGoa6e1nq6m6menDHsOX0tCo2DXhtSF3vhpvA
walkoff_core_api.1.dgq4r551ojm1@ip-192-168-0-16.ap-southeast-2.compute.internal    | INFO:     10.0.3.216:57714 - "GET /walkoff/api/users/permissions/ HTTP/1.0" 200 OK
walkoff_core_api.1.dgq4r551ojm1@ip-192-168-0-16.ap-southeast-2.compute.internal    | INFO:     10.0.3.216:57716 - "GET /walkoff/client/dist/walkoff/favicon.ico HTTP/1.0" 200 OK
walkoff_core_api.1.dgq4r551ojm1@ip-192-168-0-16.ap-southeast-2.compute.internal    | INFO:     10.0.3.216:57718 - "GET /walkoff/api/workflows/ HTTP/1.0" 200 OK
walkoff_core_api.1.dgq4r551ojm1@ip-192-168-0-16.ap-southeast-2.compute.internal    | INFO:     10.0.3.216:57720 - "GET /walkoff/client/dist/walkoff/favicon.ico HTTP/1.0" 200 OK
walkoff_core_api.1.dgq4r551ojm1@ip-192-168-0-16.ap-southeast-2.compute.internal    | cls - user.py <class 'api.server.db.user.UserModel'> <class 'pydantic.main.ModelMetaclass'>
walkoff_core_api.1.dgq4r551ojm1@ip-192-168-0-16.ap-southeast-2.compute.internal    | pwd admin
walkoff_core_api.1.dgq4r551ojm1@ip-192-168-0-16.ap-southeast-2.compute.internal    | vals {'id_': UUID('00000000-0000-6164-6d69-6e5f75736572'), 'hashed': False, 'username': 'admin'}
walkoff_core_api.1.dgq4r551ojm1@ip-192-168-0-16.ap-southeast-2.compute.internal    | cls - user.py <class 'api.server.db.user.UserModel'> <class 'pydantic.main.ModelMetaclass'>
walkoff_core_api.1.dgq4r551ojm1@ip-192-168-0-16.ap-southeast-2.compute.internal    | pwd admin
walkoff_core_api.1.dgq4r551ojm1@ip-192-168-0-16.ap-southeast-2.compute.internal    | vals {'id_': UUID('00000000-0000-6164-6d69-6e5f75736572'), 'hashed': False, 'username': 'admin'}
walkoff_core_api.1.dgq4r551ojm1@ip-192-168-0-16.ap-southeast-2.compute.internal    | pwd-r $pbkdf2-sha512$25000$1ZrTOmeM0brXGmPsHcOYEw$T8Y1eSMvuP3osKHDOUu54CDjIyFmOzUgh181fu5eZoQ4xAibiNTAOhU4IBHaIK6XwcA/YJm0iM.VVfQnxCpVUA
walkoff_core_api.1.dgq4r551ojm1@ip-192-168-0-16.ap-southeast-2.compute.internal    | INFO:     10.0.3.216:57736 - "GET /walkoff/api/users/permissions/ HTTP/1.0" 200 OK
walkoff_core_api.1.dgq4r551ojm1@ip-192-168-0-16.ap-southeast-2.compute.internal    | INFO:     10.0.3.216:57792 - "GET /walkoff/client/dist/walkoff/favicon.ico HTTP/1.0" 200 OK
walkoff_core_api.1.dgq4r551ojm1@ip-192-168-0-16.ap-southeast-2.compute.internal    | INFO:     10.0.3.216:57784 - "GET /walkoff/api/roles/availableresourceactions/ HTTP/1.0" 200 OK
walkoff_core_api.1.dgq4r551ojm1@ip-192-168-0-16.ap-southeast-2.compute.internal    | INFO:     10.0.3.216:57786 - "GET /walkoff/api/roles/ HTTP/1.0" 200 OK
walkoff_core_api.1.dgq4r551ojm1@ip-192-168-0-16.ap-southeast-2.compute.internal    | INFO:     10.0.3.216:57794 - "GET /walkoff/api/users/?page=1 HTTP/1.0" 500 Internal Server Error
walkoff_core_api.1.dgq4r551ojm1@ip-192-168-0-16.ap-southeast-2.compute.internal    | INFO:     10.0.3.216:57796 - "GET /walkoff/api/roles/ HTTP/1.0" 200 OK
walkoff_core_api.1.dgq4r551ojm1@ip-192-168-0-16.ap-southeast-2.compute.internal    | INFO:     10.0.3.216:57798 - "GET /walkoff/client/dist/walkoff/favicon.ico HTTP/1.0" 200 OK
walkoff_core_api.1.dgq4r551ojm1@ip-192-168-0-16.ap-southeast-2.compute.internal    | cls - user.py <class 'api.server.db.user.UserModel'> <class 'pydantic.main.ModelMetaclass'>
walkoff_core_api.1.dgq4r551ojm1@ip-192-168-0-16.ap-southeast-2.compute.internal    | pwd admin
walkoff_core_api.1.dgq4r551ojm1@ip-192-168-0-16.ap-southeast-2.compute.internal    | vals {'id_': UUID('00000000-0000-6164-6d69-6e5f75736572'), 'hashed': False, 'username': 'admin'}
walkoff_core_api.1.dgq4r551ojm1@ip-192-168-0-16.ap-southeast-2.compute.internal    | cls - user.py <class 'api.server.db.user.UserModel'> <class 'pydantic.main.ModelMetaclass'>
walkoff_core_api.1.dgq4r551ojm1@ip-192-168-0-16.ap-southeast-2.compute.internal    | pwd admin
walkoff_core_api.1.dgq4r551ojm1@ip-192-168-0-16.ap-southeast-2.compute.internal    | vals {'id_': UUID('00000000-0000-6164-6d69-6e5f75736572'), 'hashed': False, 'username': 'admin'}
walkoff_core_api.1.dgq4r551ojm1@ip-192-168-0-16.ap-southeast-2.compute.internal    | pwd-r $pbkdf2-sha512$25000$c.79f4/R2vufM0aode79/w$Y.zgdr0Q5fG13ghj.senzmJflRsEJ9RClkRx.qh1S8ZfqJ22wVTRVdZoGX5wE4hZu55I/7uyxObjQTc4o4oEUQ
walkoff_core_api.1.dgq4r551ojm1@ip-192-168-0-16.ap-southeast-2.compute.internal    | INFO:     10.0.3.216:57808 - "GET /walkoff/api/users/permissions/ HTTP/1.0" 200 OK
walkoff_core_api.1.dgq4r551ojm1@ip-192-168-0-16.ap-southeast-2.compute.internal    | cls - user.py <class 'api.server.db.user.UserModel'> <class 'pydantic.main.ModelMetaclass'>
walkoff_core_api.1.dgq4r551ojm1@ip-192-168-0-16.ap-southeast-2.compute.internal    | pwd admin
walkoff_core_api.1.dgq4r551ojm1@ip-192-168-0-16.ap-southeast-2.compute.internal    | vals {'id_': UUID('00000000-0000-6164-6d69-6e5f75736572'), 'hashed': False, 'username': 'admin'}
walkoff_core_api.1.dgq4r551ojm1@ip-192-168-0-16.ap-southeast-2.compute.internal    | cls - user.py <class 'api.server.db.user.UserModel'> <class 'pydantic.main.ModelMetaclass'>
walkoff_core_api.1.dgq4r551ojm1@ip-192-168-0-16.ap-southeast-2.compute.internal    | pwd admin
walkoff_core_api.1.dgq4r551ojm1@ip-192-168-0-16.ap-southeast-2.compute.internal    | vals {'id_': UUID('00000000-0000-6164-6d69-6e5f75736572'), 'hashed': False, 'username': 'admin'}
walkoff_core_api.1.dgq4r551ojm1@ip-192-168-0-16.ap-southeast-2.compute.internal    | pwd-r $pbkdf2-sha512$25000$p/T.v3cupRSCUOrd27v3ng$Opkwa/dcva2fUzHiFGVWlrkDURb6IwZC9IbadKOa8gcO9rXnlDdz3s1JJtCcMWoVW3ycBA/pcKrjTPgHTzXFYg
walkoff_core_api.1.dgq4r551ojm1@ip-192-168-0-16.ap-southeast-2.compute.internal    | INFO:     10.0.3.216:57834 - "GET /walkoff/api/users/permissions/ HTTP/1.0" 200 OK
walkoff_core_api.1.dgq4r551ojm1@ip-192-168-0-16.ap-southeast-2.compute.internal    | cls - user.py <class 'api.server.db.user.UserModel'> <class 'pydantic.main.ModelMetaclass'>
walkoff_core_api.1.dgq4r551ojm1@ip-192-168-0-16.ap-southeast-2.compute.internal    | pwd admin
walkoff_core_api.1.dgq4r551ojm1@ip-192-168-0-16.ap-southeast-2.compute.internal    | vals {'id_': UUID('00000000-0000-6164-6d69-6e5f75736572'), 'hashed': False, 'username': 'admin'}
walkoff_core_api.1.dgq4r551ojm1@ip-192-168-0-16.ap-southeast-2.compute.internal    | cls - user.py <class 'api.server.db.user.UserModel'> <class 'pydantic.main.ModelMetaclass'>
walkoff_core_api.1.dgq4r551ojm1@ip-192-168-0-16.ap-southeast-2.compute.internal    | pwd admin
walkoff_core_api.1.dgq4r551ojm1@ip-192-168-0-16.ap-southeast-2.compute.internal    | vals {'id_': UUID('00000000-0000-6164-6d69-6e5f75736572'), 'hashed': False, 'username': 'admin'}
walkoff_core_api.1.dgq4r551ojm1@ip-192-168-0-16.ap-southeast-2.compute.internal    | pwd-r $pbkdf2-sha512$25000$5rw35nwvJcR4r1VKydmbUw$3tb34MPSIT2bci/GNQNl65.68AqIDOUVyXbL8S9paKnK9JppaSbjGJYwJTodcTiPDI6hxMME8m6lrGeWh9Dipg
walkoff_core_api.1.dgq4r551ojm1@ip-192-168-0-16.ap-southeast-2.compute.internal    | INFO:     10.0.3.216:57886 - "GET /walkoff/api/users/permissions/ HTTP/1.0" 200 OK
walkoff_core_api.1.dgq4r551ojm1@ip-192-168-0-16.ap-southeast-2.compute.internal    | cls - user.py <class 'api.server.db.user.UserModel'> <class 'pydantic.main.ModelMetaclass'>
walkoff_core_api.1.dgq4r551ojm1@ip-192-168-0-16.ap-southeast-2.compute.internal    | pwd admin
walkoff_core_api.1.dgq4r551ojm1@ip-192-168-0-16.ap-southeast-2.compute.internal    | vals {'id_': UUID('00000000-0000-6164-6d69-6e5f75736572'), 'hashed': False, 'username': 'admin'}
walkoff_core_api.1.dgq4r551ojm1@ip-192-168-0-16.ap-southeast-2.compute.internal    | cls - user.py <class 'api.server.db.user.UserModel'> <class 'pydantic.main.ModelMetaclass'>
walkoff_core_api.1.dgq4r551ojm1@ip-192-168-0-16.ap-southeast-2.compute.internal    | pwd admin
walkoff_core_api.1.dgq4r551ojm1@ip-192-168-0-16.ap-southeast-2.compute.internal    | vals {'id_': UUID('00000000-0000-6164-6d69-6e5f75736572'), 'hashed': False, 'username': 'admin'}
walkoff_core_api.1.dgq4r551ojm1@ip-192-168-0-16.ap-southeast-2.compute.internal    | pwd-r $pbkdf2-sha512$25000$zvm/l/JeC0HI.R/DGAOgVA$7AeW9IRxRJFiWUww4JP5Nly2MCNElNgv0yJjN5SmJ2Nf6US0BrbJgphTVRiQo3UofVSvfhdx5Ara5ayRcWVY9A
walkoff_core_api.1.dgq4r551ojm1@ip-192-168-0-16.ap-southeast-2.compute.internal    | INFO:     10.0.3.216:57900 - "GET /walkoff/api/users/permissions/ HTTP/1.0" 200 OK
walkoff_core_api.1.dgq4r551ojm1@ip-192-168-0-16.ap-southeast-2.compute.internal    | cls - user.py <class 'api.server.db.user.UserModel'> <class 'pydantic.main.ModelMetaclass'>
walkoff_core_api.1.dgq4r551ojm1@ip-192-168-0-16.ap-southeast-2.compute.internal    | pwd admin
walkoff_core_api.1.dgq4r551ojm1@ip-192-168-0-16.ap-southeast-2.compute.internal    | vals {'id_': UUID('00000000-0000-6164-6d69-6e5f75736572'), 'hashed': False, 'username': 'admin'}
walkoff_core_api.1.dgq4r551ojm1@ip-192-168-0-16.ap-southeast-2.compute.internal    | cls - user.py <class 'api.server.db.user.UserModel'> <class 'pydantic.main.ModelMetaclass'>
walkoff_core_api.1.dgq4r551ojm1@ip-192-168-0-16.ap-southeast-2.compute.internal    | pwd admin
walkoff_core_api.1.dgq4r551ojm1@ip-192-168-0-16.ap-southeast-2.compute.internal    | vals {'id_': UUID('00000000-0000-6164-6d69-6e5f75736572'), 'hashed': False, 'username': 'admin'}
walkoff_core_api.1.dgq4r551ojm1@ip-192-168-0-16.ap-southeast-2.compute.internal    | pwd-r $pbkdf2-sha512$25000$GGNMSUkJAcD4v5fyvrdWCg$F86bO.j6sREBALHHiy1p/FINCC8XENwXlwEwlc2n0RyGEGtAZWIi93mXIm/jb9F2r8kUqkvifCA3hfco9LiGxg
walkoff_core_api.1.dgq4r551ojm1@ip-192-168-0-16.ap-southeast-2.compute.internal    | INFO:     10.0.3.216:57960 - "GET /walkoff/api/users/permissions/ HTTP/1.0" 200 OK
walkoff_core_api.1.dgq4r551ojm1@ip-192-168-0-16.ap-southeast-2.compute.internal    | cls - user.py <class 'api.server.db.user.UserModel'> <class 'pydantic.main.ModelMetaclass'>
walkoff_core_api.1.dgq4r551ojm1@ip-192-168-0-16.ap-southeast-2.compute.internal    | pwd admin
walkoff_core_api.1.dgq4r551ojm1@ip-192-168-0-16.ap-southeast-2.compute.internal    | vals {'id_': UUID('00000000-0000-6164-6d69-6e5f75736572'), 'hashed': False, 'username': 'admin'}
walkoff_core_api.1.dgq4r551ojm1@ip-192-168-0-16.ap-southeast-2.compute.internal    | cls - user.py <class 'api.server.db.user.UserModel'> <class 'pydantic.main.ModelMetaclass'>
walkoff_core_api.1.dgq4r551ojm1@ip-192-168-0-16.ap-southeast-2.compute.internal    | pwd admin
walkoff_core_api.1.dgq4r551ojm1@ip-192-168-0-16.ap-southeast-2.compute.internal    | vals {'id_': UUID('00000000-0000-6164-6d69-6e5f75736572'), 'hashed': False, 'username': 'admin'}
walkoff_core_api.1.dgq4r551ojm1@ip-192-168-0-16.ap-southeast-2.compute.internal    | pwd-r $pbkdf2-sha512$25000$875XKgWAsLZ2jhFiDAFAyA$u8kruDr6Yavi.5A6vM/TGpjOdEsbo4SFCmxFfDRI3kgXY0l9pQvZGhAVB6k6Xe4ME8wFCmIOBtAkbffcHTb/vg
walkoff_core_api.1.dgq4r551ojm1@ip-192-168-0-16.ap-southeast-2.compute.internal    | INFO:     10.0.3.216:57976 - "GET /walkoff/api/users/permissions/ HTTP/1.0" 200 OK
walkoff_core_api.1.dgq4r551ojm1@ip-192-168-0-16.ap-southeast-2.compute.internal    | cls - user.py <class 'api.server.db.user.UserModel'> <class 'pydantic.main.ModelMetaclass'>
walkoff_core_api.1.dgq4r551ojm1@ip-192-168-0-16.ap-southeast-2.compute.internal    | pwd admin
walkoff_core_api.1.dgq4r551ojm1@ip-192-168-0-16.ap-southeast-2.compute.internal    | vals {'id_': UUID('00000000-0000-6164-6d69-6e5f75736572'), 'hashed': False, 'username': 'admin'}
walkoff_core_api.1.dgq4r551ojm1@ip-192-168-0-16.ap-southeast-2.compute.internal    | cls - user.py <class 'api.server.db.user.UserModel'> <class 'pydantic.main.ModelMetaclass'>
walkoff_core_api.1.dgq4r551ojm1@ip-192-168-0-16.ap-southeast-2.compute.internal    | pwd admin
walkoff_core_api.1.dgq4r551ojm1@ip-192-168-0-16.ap-southeast-2.compute.internal    | vals {'id_': UUID('00000000-0000-6164-6d69-6e5f75736572'), 'hashed': False, 'username': 'admin'}
walkoff_core_api.1.dgq4r551ojm1@ip-192-168-0-16.ap-southeast-2.compute.internal    | pwd-r $pbkdf2-sha512$25000$vHeO8b63VirF.F/LWSsFwA$xEfYcBu8TFoLvbzxLmVmIq1NafwmHeI6Ls0/DX5bIyJBy7VtalydjF8iRfPlZKdKisIp0gbqTXrsVdvTDAS7xA
walkoff_core_api.1.dgq4r551ojm1@ip-192-168-0-16.ap-southeast-2.compute.internal    | INFO:     10.0.3.216:58036 - "GET /walkoff/api/users/permissions/ HTTP/1.0" 200 OK
walkoff_core_api.1.dgq4r551ojm1@ip-192-168-0-16.ap-southeast-2.compute.internal    | cls - user.py <class 'api.server.db.user.UserModel'> <class 'pydantic.main.ModelMetaclass'>
walkoff_core_api.1.dgq4r551ojm1@ip-192-168-0-16.ap-southeast-2.compute.internal    | pwd admin
walkoff_core_api.1.dgq4r551ojm1@ip-192-168-0-16.ap-southeast-2.compute.internal    | vals {'id_': UUID('00000000-0000-6164-6d69-6e5f75736572'), 'hashed': False, 'username': 'admin'}
walkoff_core_api.1.dgq4r551ojm1@ip-192-168-0-16.ap-southeast-2.compute.internal    | cls - user.py <class 'api.server.db.user.UserModel'> <class 'pydantic.main.ModelMetaclass'>
walkoff_core_api.1.dgq4r551ojm1@ip-192-168-0-16.ap-southeast-2.compute.internal    | pwd admin
walkoff_core_api.1.dgq4r551ojm1@ip-192-168-0-16.ap-southeast-2.compute.internal    | vals {'id_': UUID('00000000-0000-6164-6d69-6e5f75736572'), 'hashed': False, 'username': 'admin'}
walkoff_core_api.1.dgq4r551ojm1@ip-192-168-0-16.ap-southeast-2.compute.internal    | pwd-r $pbkdf2-sha512$25000$XosRghDCWCtFqFWq9X7vXQ$snKlDLTy95NRGBJ7yrGgTmjyB6WK6qjoFL4uOJKncASKS/4JqspHEwii.0TZbb.bKT1Co8dQDYq8hPPKbarJoQ
walkoff_core_api.1.dgq4r551ojm1@ip-192-168-0-16.ap-southeast-2.compute.internal    | INFO:     10.0.3.216:58050 - "GET /walkoff/api/users/permissions/ HTTP/1.0" 200 OK
walkoff_core_api.1.dgq4r551ojm1@ip-192-168-0-16.ap-southeast-2.compute.internal    | cls - user.py <class 'api.server.db.user.UserModel'> <class 'pydantic.main.ModelMetaclass'>
walkoff_core_api.1.dgq4r551ojm1@ip-192-168-0-16.ap-southeast-2.compute.internal    | pwd abcd1234
walkoff_core_api.1.dgq4r551ojm1@ip-192-168-0-16.ap-southeast-2.compute.internal    | vals {'id_': None, 'hashed': False, 'username': 'abcd1234'}
walkoff_core_api.1.dgq4r551ojm1@ip-192-168-0-16.ap-southeast-2.compute.internal    | cls - user.py <class 'api.server.db.user.UserModel'> <class 'pydantic.main.ModelMetaclass'>
walkoff_core_api.1.dgq4r551ojm1@ip-192-168-0-16.ap-southeast-2.compute.internal    | pwd abcd1234
walkoff_core_api.1.dgq4r551ojm1@ip-192-168-0-16.ap-southeast-2.compute.internal    | vals {'id_': None, 'hashed': False, 'username': 'abcd1234'}
walkoff_core_api.1.dgq4r551ojm1@ip-192-168-0-16.ap-southeast-2.compute.internal    | pwd-r $pbkdf2-sha512$25000$nhNC6B3j3HsvBUBo7R1jzA$H5.xwkZNwdK8YrAYi.yzozm4VGwacoKqA66RzRkSV3qg65MMcVksKr4ORu8DeZE4rxvXWn979vnpsBQnyx6RwA
walkoff_core_api.1.dgq4r551ojm1@ip-192-168-0-16.ap-southeast-2.compute.internal    | INFO:     10.0.3.216:58112 - "POST /walkoff/api/users/ HTTP/1.0" 500 Internal Server Error
walkoff_core_api.1.dgq4r551ojm1@ip-192-168-0-16.ap-southeast-2.compute.internal    | cls - user.py <class 'api.server.db.user.UserModel'> <class 'pydantic.main.ModelMetaclass'>
walkoff_core_api.1.dgq4r551ojm1@ip-192-168-0-16.ap-southeast-2.compute.internal    | pwd admin
walkoff_core_api.1.dgq4r551ojm1@ip-192-168-0-16.ap-southeast-2.compute.internal    | vals {'id_': UUID('00000000-0000-6164-6d69-6e5f75736572'), 'hashed': False, 'username': 'admin'}
walkoff_core_api.1.dgq4r551ojm1@ip-192-168-0-16.ap-southeast-2.compute.internal    | cls - user.py <class 'api.server.db.user.UserModel'> <class 'pydantic.main.ModelMetaclass'>
walkoff_core_api.1.dgq4r551ojm1@ip-192-168-0-16.ap-southeast-2.compute.internal    | pwd admin
walkoff_core_api.1.dgq4r551ojm1@ip-192-168-0-16.ap-southeast-2.compute.internal    | vals {'id_': UUID('00000000-0000-6164-6d69-6e5f75736572'), 'hashed': False, 'username': 'admin'}
walkoff_core_api.1.dgq4r551ojm1@ip-192-168-0-16.ap-southeast-2.compute.internal    | pwd-r $pbkdf2-sha512$25000$srZWihECQKg1hrC2FoKwNg$brBZeZXEwd4Sw3mWfKfBWo0vkylVY/ip4MXF0e1gu/Nga9D9hKS2wv5SaW0A3uyfcwyHtuREIaQojm20gZuokA
walkoff_core_api.1.dgq4r551ojm1@ip-192-168-0-16.ap-southeast-2.compute.internal    | INFO:     10.0.3.216:58114 - "GET /walkoff/api/users/permissions/ HTTP/1.0" 200 OK
walkoff_core_api.1.dgq4r551ojm1@ip-192-168-0-16.ap-southeast-2.compute.internal    | cls - user.py <class 'api.server.db.user.UserModel'> <class 'pydantic.main.ModelMetaclass'>
walkoff_core_api.1.dgq4r551ojm1@ip-192-168-0-16.ap-southeast-2.compute.internal    | pwd admin
walkoff_core_api.1.dgq4r551ojm1@ip-192-168-0-16.ap-southeast-2.compute.internal    | vals {'id_': UUID('00000000-0000-6164-6d69-6e5f75736572'), 'hashed': False, 'username': 'admin'}
walkoff_core_api.1.dgq4r551ojm1@ip-192-168-0-16.ap-southeast-2.compute.internal    | cls - user.py <class 'api.server.db.user.UserModel'> <class 'pydantic.main.ModelMetaclass'>
walkoff_core_api.1.dgq4r551ojm1@ip-192-168-0-16.ap-southeast-2.compute.internal    | pwd admin
walkoff_core_api.1.dgq4r551ojm1@ip-192-168-0-16.ap-southeast-2.compute.internal    | vals {'id_': UUID('00000000-0000-6164-6d69-6e5f75736572'), 'hashed': False, 'username': 'admin'}
walkoff_core_api.1.dgq4r551ojm1@ip-192-168-0-16.ap-southeast-2.compute.internal    | pwd-r $pbkdf2-sha512$25000$5bzXWqs1xvifE8I4pxQiRA$lF4QKKzvKyJDWijIDKDnGTMgG.3XNefu2b3MSc02HJmqc63ArQhgCp/udlcYIcfvCBAup7BltHlYqyCQsPLYCg
walkoff_core_api.1.dgq4r551ojm1@ip-192-168-0-16.ap-southeast-2.compute.internal    | INFO:     10.0.3.216:58130 - "GET /walkoff/api/users/permissions/ HTTP/1.0" 200 OK
walkoff_core_api.1.dgq4r551ojm1@ip-192-168-0-16.ap-southeast-2.compute.internal    | cls - user.py <class 'api.server.db.user.UserModel'> <class 'pydantic.main.ModelMetaclass'>
walkoff_core_api.1.dgq4r551ojm1@ip-192-168-0-16.ap-southeast-2.compute.internal    | pwd admin
walkoff_core_api.1.dgq4r551ojm1@ip-192-168-0-16.ap-southeast-2.compute.internal    | vals {'id_': UUID('00000000-0000-6164-6d69-6e5f75736572'), 'hashed': False, 'username': 'admin'}
walkoff_core_api.1.dgq4r551ojm1@ip-192-168-0-16.ap-southeast-2.compute.internal    | cls - user.py <class 'api.server.db.user.UserModel'> <class 'pydantic.main.ModelMetaclass'>
walkoff_core_api.1.dgq4r551ojm1@ip-192-168-0-16.ap-southeast-2.compute.internal    | pwd admin
walkoff_core_api.1.dgq4r551ojm1@ip-192-168-0-16.ap-southeast-2.compute.internal    | vals {'id_': UUID('00000000-0000-6164-6d69-6e5f75736572'), 'hashed': False, 'username': 'admin'}
walkoff_core_api.1.dgq4r551ojm1@ip-192-168-0-16.ap-southeast-2.compute.internal    | pwd-r $pbkdf2-sha512$25000$g1AKIUTImXOu1TonJOS81w$7kf0/6a6iQS2lxFp/B.Wb/Bl9B/ECyjoclCf/ZWAa9QNlwlt/GqPBOcMDS/QqnXYIGFkH7if3HHWRlBNjinckA
walkoff_core_api.1.dgq4r551ojm1@ip-192-168-0-16.ap-southeast-2.compute.internal    | INFO:     10.0.3.216:58190 - "GET /walkoff/api/users/permissions/ HTTP/1.0" 200 OK
walkoff_core_api.1.dgq4r551ojm1@ip-192-168-0-16.ap-southeast-2.compute.internal    | cls - user.py <class 'api.server.db.user.UserModel'> <class 'pydantic.main.ModelMetaclass'>
walkoff_core_api.1.dgq4r551ojm1@ip-192-168-0-16.ap-southeast-2.compute.internal    | pwd admin
walkoff_core_api.1.dgq4r551ojm1@ip-192-168-0-16.ap-southeast-2.compute.internal    | vals {'id_': UUID('00000000-0000-6164-6d69-6e5f75736572'), 'hashed': False, 'username': 'admin'}
walkoff_core_api.1.dgq4r551ojm1@ip-192-168-0-16.ap-southeast-2.compute.internal    | cls - user.py <class 'api.server.db.user.UserModel'> <class 'pydantic.main.ModelMetaclass'>
walkoff_core_api.1.dgq4r551ojm1@ip-192-168-0-16.ap-southeast-2.compute.internal    | pwd admin
walkoff_core_api.1.dgq4r551ojm1@ip-192-168-0-16.ap-southeast-2.compute.internal    | vals {'id_': UUID('00000000-0000-6164-6d69-6e5f75736572'), 'hashed': False, 'username': 'admin'}
walkoff_core_api.1.dgq4r551ojm1@ip-192-168-0-16.ap-southeast-2.compute.internal    | pwd-r $pbkdf2-sha512$25000$hdAaIyQkREhpjfF.750Twg$5J8m1K638KpJ5ypdan.Q3XVncMmLjTBg0vmdED9qE/ppjswcLTrZveaq1EqVKCdrrEwfa8c6xWeEGc/8BKvVgg
walkoff_core_api.1.dgq4r551ojm1@ip-192-168-0-16.ap-southeast-2.compute.internal    | INFO:     10.0.3.216:58212 - "GET /walkoff/api/users/permissions/ HTTP/1.0" 200 OK
walkoff_core_api.1.dgq4r551ojm1@ip-192-168-0-16.ap-southeast-2.compute.internal    | cls - user.py <class 'api.server.db.user.UserModel'> <class 'pydantic.main.ModelMetaclass'>
walkoff_core_api.1.dgq4r551ojm1@ip-192-168-0-16.ap-southeast-2.compute.internal    | pwd admin
walkoff_core_api.1.dgq4r551ojm1@ip-192-168-0-16.ap-southeast-2.compute.internal    | vals {'id_': UUID('00000000-0000-6164-6d69-6e5f75736572'), 'hashed': False, 'username': 'admin'}
walkoff_core_api.1.dgq4r551ojm1@ip-192-168-0-16.ap-southeast-2.compute.internal    | cls - user.py <class 'api.server.db.user.UserModel'> <class 'pydantic.main.ModelMetaclass'>
walkoff_core_api.1.dgq4r551ojm1@ip-192-168-0-16.ap-southeast-2.compute.internal    | pwd admin
walkoff_core_api.1.dgq4r551ojm1@ip-192-168-0-16.ap-southeast-2.compute.internal    | vals {'id_': UUID('00000000-0000-6164-6d69-6e5f75736572'), 'hashed': False, 'username': 'admin'}
walkoff_core_api.1.dgq4r551ojm1@ip-192-168-0-16.ap-southeast-2.compute.internal    | pwd-r $pbkdf2-sha512$25000$vLc2xniv9d7b.19rLeX8/w$4WtyGkEdjsTd/gK8Le4dBCsFx.cWEiGQuAxNOLkenLWB2qmVv/1CC4o8GGD7ORipOVNPRhQcfjuovFc.DMoUpA
walkoff_core_api.1.dgq4r551ojm1@ip-192-168-0-16.ap-southeast-2.compute.internal    | INFO:     10.0.3.216:58268 - "GET /walkoff/api/users/permissions/ HTTP/1.0" 200 OK
walkoff_core_api.1.dgq4r551ojm1@ip-192-168-0-16.ap-southeast-2.compute.internal    | cls - user.py <class 'api.server.db.user.UserModel'> <class 'pydantic.main.ModelMetaclass'>
walkoff_core_api.1.dgq4r551ojm1@ip-192-168-0-16.ap-southeast-2.compute.internal    | pwd admin
walkoff_core_api.1.dgq4r551ojm1@ip-192-168-0-16.ap-southeast-2.compute.internal    | vals {'id_': UUID('00000000-0000-6164-6d69-6e5f75736572'), 'hashed': False, 'username': 'admin'}
walkoff_core_api.1.dgq4r551ojm1@ip-192-168-0-16.ap-southeast-2.compute.internal    | cls - user.py <class 'api.server.db.user.UserModel'> <class 'pydantic.main.ModelMetaclass'>
walkoff_core_api.1.dgq4r551ojm1@ip-192-168-0-16.ap-southeast-2.compute.internal    | pwd admin
walkoff_core_api.1.dgq4r551ojm1@ip-192-168-0-16.ap-southeast-2.compute.internal    | vals {'id_': UUID('00000000-0000-6164-6d69-6e5f75736572'), 'hashed': False, 'username': 'admin'}
walkoff_core_api.1.dgq4r551ojm1@ip-192-168-0-16.ap-southeast-2.compute.internal    | pwd-r $pbkdf2-sha512$25000$szZmzJnzPidEqJVSKiVk7A$bmge3JaWLEz5etpM8wKYgozMpdDERNcKjBfSbb8CHHkRpWBsqgEsxK0iw4lEYA761.9PlGFoqHd0ZllyQHOE6Q
walkoff_core_api.1.dgq4r551ojm1@ip-192-168-0-16.ap-southeast-2.compute.internal    | INFO:     10.0.3.216:58292 - "GET /walkoff/api/users/permissions/ HTTP/1.0" 200 OK
walkoff_core_api.1.dgq4r551ojm1@ip-192-168-0-16.ap-southeast-2.compute.internal    | cls - user.py <class 'api.server.db.user.UserModel'> <class 'pydantic.main.ModelMetaclass'>
walkoff_core_api.1.dgq4r551ojm1@ip-192-168-0-16.ap-southeast-2.compute.internal    | pwd admin
walkoff_core_api.1.dgq4r551ojm1@ip-192-168-0-16.ap-southeast-2.compute.internal    | vals {'id_': UUID('00000000-0000-6164-6d69-6e5f75736572'), 'hashed': False, 'username': 'admin'}
walkoff_core_api.1.dgq4r551ojm1@ip-192-168-0-16.ap-southeast-2.compute.internal    | cls - user.py <class 'api.server.db.user.UserModel'> <class 'pydantic.main.ModelMetaclass'>
walkoff_core_api.1.dgq4r551ojm1@ip-192-168-0-16.ap-southeast-2.compute.internal    | pwd admin
walkoff_core_api.1.dgq4r551ojm1@ip-192-168-0-16.ap-southeast-2.compute.internal    | vals {'id_': UUID('00000000-0000-6164-6d69-6e5f75736572'), 'hashed': False, 'username': 'admin'}
walkoff_core_api.1.dgq4r551ojm1@ip-192-168-0-16.ap-southeast-2.compute.internal    | pwd-r $pbkdf2-sha512$25000$ISQEYCzFeK.V8l6LEULI.Q$FCE5dNo60pK7igyM1pH38xfIIQMQtXorPmEYgw/YZYgEEC1GtoaA11lPT98ZZLIrXk8PrPq3W9E88ngiNWFAOA
walkoff_core_api.1.dgq4r551ojm1@ip-192-168-0-16.ap-southeast-2.compute.internal    | INFO:     10.0.3.216:58346 - "GET /walkoff/api/users/permissions/ HTTP/1.0" 200 OK
walkoff_core_api.1.dgq4r551ojm1@ip-192-168-0-16.ap-southeast-2.compute.internal    | cls - user.py <class 'api.server.db.user.UserModel'> <class 'pydantic.main.ModelMetaclass'>
walkoff_core_api.1.dgq4r551ojm1@ip-192-168-0-16.ap-southeast-2.compute.internal    | pwd admin
walkoff_core_api.1.dgq4r551ojm1@ip-192-168-0-16.ap-southeast-2.compute.internal    | vals {'id_': UUID('00000000-0000-6164-6d69-6e5f75736572'), 'hashed': False, 'username': 'admin'}
walkoff_core_api.1.dgq4r551ojm1@ip-192-168-0-16.ap-southeast-2.compute.internal    | cls - user.py <class 'api.server.db.user.UserModel'> <class 'pydantic.main.ModelMetaclass'>
walkoff_core_api.1.dgq4r551ojm1@ip-192-168-0-16.ap-southeast-2.compute.internal    | pwd admin
walkoff_core_api.1.dgq4r551ojm1@ip-192-168-0-16.ap-southeast-2.compute.internal    | vals {'id_': UUID('00000000-0000-6164-6d69-6e5f75736572'), 'hashed': False, 'username': 'admin'}
walkoff_core_api.1.dgq4r551ojm1@ip-192-168-0-16.ap-southeast-2.compute.internal    | pwd-r $pbkdf2-sha512$25000$YExpzVmL0RrD.L8X4ty7dw$aZ/C/kDSI2j3U8sAqjlJChtFGTU0ytTtWmn8bbRy64t2DPrSkgpz37S2cAH.nCE4n.R6RGP3.GI6JJGmHIzm3Q
walkoff_core_api.1.dgq4r551ojm1@ip-192-168-0-16.ap-southeast-2.compute.internal    | INFO:     10.0.3.216:58368 - "GET /walkoff/api/users/permissions/ HTTP/1.0" 200 OK
walkoff_core_api.1.dgq4r551ojm1@ip-192-168-0-16.ap-southeast-2.compute.internal    | cls - user.py <class 'api.server.db.user.UserModel'> <class 'pydantic.main.ModelMetaclass'>
walkoff_core_api.1.dgq4r551ojm1@ip-192-168-0-16.ap-southeast-2.compute.internal    | pwd admin
walkoff_core_api.1.dgq4r551ojm1@ip-192-168-0-16.ap-southeast-2.compute.internal    | vals {'id_': UUID('00000000-0000-6164-6d69-6e5f75736572'), 'hashed': False, 'username': 'admin'}
walkoff_core_api.1.dgq4r551ojm1@ip-192-168-0-16.ap-southeast-2.compute.internal    | cls - user.py <class 'api.server.db.user.UserModel'> <class 'pydantic.main.ModelMetaclass'>
walkoff_core_api.1.dgq4r551ojm1@ip-192-168-0-16.ap-southeast-2.compute.internal    | pwd admin
walkoff_core_api.1.dgq4r551ojm1@ip-192-168-0-16.ap-southeast-2.compute.internal    | vals {'id_': UUID('00000000-0000-6164-6d69-6e5f75736572'), 'hashed': False, 'username': 'admin'}
walkoff_core_api.1.dgq4r551ojm1@ip-192-168-0-16.ap-southeast-2.compute.internal    | pwd-r $pbkdf2-sha512$25000$jLFW6v0/Z2ztXUvJuVdqrQ$uPyUim3OQAXKizhszqSJ9UgAdxetCDmDMZp5HOTja.w96/EssRIG3vzN/NAsRhRaIcdEEptUNjadujJH88vpsQ
walkoff_core_api.1.dgq4r551ojm1@ip-192-168-0-16.ap-southeast-2.compute.internal    | INFO:     10.0.3.216:58420 - "GET /walkoff/api/users/permissions/ HTTP/1.0" 200 OK
walkoff_core_api.1.dgq4r551ojm1@ip-192-168-0-16.ap-southeast-2.compute.internal    | cls - user.py <class 'api.server.db.user.UserModel'> <class 'pydantic.main.ModelMetaclass'>
walkoff_core_api.1.dgq4r551ojm1@ip-192-168-0-16.ap-southeast-2.compute.internal    | pwd admin
walkoff_core_api.1.dgq4r551ojm1@ip-192-168-0-16.ap-southeast-2.compute.internal    | vals {'id_': UUID('00000000-0000-6164-6d69-6e5f75736572'), 'hashed': False, 'username': 'admin'}
walkoff_core_api.1.dgq4r551ojm1@ip-192-168-0-16.ap-southeast-2.compute.internal    | cls - user.py <class 'api.server.db.user.UserModel'> <class 'pydantic.main.ModelMetaclass'>
walkoff_core_api.1.dgq4r551ojm1@ip-192-168-0-16.ap-southeast-2.compute.internal    | pwd admin
walkoff_core_api.1.dgq4r551ojm1@ip-192-168-0-16.ap-southeast-2.compute.internal    | vals {'id_': UUID('00000000-0000-6164-6d69-6e5f75736572'), 'hashed': False, 'username': 'admin'}
walkoff_core_api.1.dgq4r551ojm1@ip-192-168-0-16.ap-southeast-2.compute.internal    | pwd-r $pbkdf2-sha512$25000$vtdaK2VM6b33Xsu5V.pdKw$P3rVpMMWC2YTxV.lDNUbkWRep4R17gly/G2PP.agI1QRIKCZ7FIM5v7Bs4lAWMh1XwAESE8qJf8jRlKgD5WxWQ
walkoff_core_api.1.dgq4r551ojm1@ip-192-168-0-16.ap-southeast-2.compute.internal    | INFO:     10.0.3.216:58444 - "GET /walkoff/api/users/permissions/ HTTP/1.0" 200 OK
walkoff_core_api.1.dgq4r551ojm1@ip-192-168-0-16.ap-southeast-2.compute.internal    | cls - user.py <class 'api.server.db.user.UserModel'> <class 'pydantic.main.ModelMetaclass'>
walkoff_core_api.1.dgq4r551ojm1@ip-192-168-0-16.ap-southeast-2.compute.internal    | pwd admin
walkoff_core_api.1.dgq4r551ojm1@ip-192-168-0-16.ap-southeast-2.compute.internal    | vals {'id_': UUID('00000000-0000-6164-6d69-6e5f75736572'), 'hashed': False, 'username': 'admin'}
walkoff_core_api.1.dgq4r551ojm1@ip-192-168-0-16.ap-southeast-2.compute.internal    | cls - user.py <class 'api.server.db.user.UserModel'> <class 'pydantic.main.ModelMetaclass'>
walkoff_core_api.1.dgq4r551ojm1@ip-192-168-0-16.ap-southeast-2.compute.internal    | pwd admin
walkoff_core_api.1.dgq4r551ojm1@ip-192-168-0-16.ap-southeast-2.compute.internal    | vals {'id_': UUID('00000000-0000-6164-6d69-6e5f75736572'), 'hashed': False, 'username': 'admin'}
walkoff_core_api.1.dgq4r551ojm1@ip-192-168-0-16.ap-southeast-2.compute.internal    | pwd-r $pbkdf2-sha512$25000$IyREiPG.V8p5T2mtldKaMw$3couK.LQQzjrp5u8G8fLaZkjYo86JCLObY1pu3Q2K7cOetMEdyKsuZ4A1cDayqIsel4a.Hn8hNZNT9KwoWkVag
walkoff_core_api.1.dgq4r551ojm1@ip-192-168-0-16.ap-southeast-2.compute.internal    | INFO:     10.0.3.216:58496 - "GET /walkoff/api/users/permissions/ HTTP/1.0" 200 OK
walkoff_core_api.1.dgq4r551ojm1@ip-192-168-0-16.ap-southeast-2.compute.internal    | cls - user.py <class 'api.server.db.user.UserModel'> <class 'pydantic.main.ModelMetaclass'>
walkoff_core_api.1.dgq4r551ojm1@ip-192-168-0-16.ap-southeast-2.compute.internal    | pwd admin
walkoff_core_api.1.dgq4r551ojm1@ip-192-168-0-16.ap-southeast-2.compute.internal    | vals {'id_': UUID('00000000-0000-6164-6d69-6e5f75736572'), 'hashed': False, 'username': 'admin'}
walkoff_core_api.1.dgq4r551ojm1@ip-192-168-0-16.ap-southeast-2.compute.internal    | cls - user.py <class 'api.server.db.user.UserModel'> <class 'pydantic.main.ModelMetaclass'>
walkoff_core_api.1.dgq4r551ojm1@ip-192-168-0-16.ap-southeast-2.compute.internal    | pwd admin
walkoff_core_api.1.dgq4r551ojm1@ip-192-168-0-16.ap-southeast-2.compute.internal    | vals {'id_': UUID('00000000-0000-6164-6d69-6e5f75736572'), 'hashed': False, 'username': 'admin'}
walkoff_core_api.1.dgq4r551ojm1@ip-192-168-0-16.ap-southeast-2.compute.internal    | pwd-r $pbkdf2-sha512$25000$gvC.V0qJMSZECEFIKSWkdA$i9cI.4ZybIsVGWQqhT7VY.8pTlNaMfJZF9AMwn3d3pmnFgbhyK7dOVYS3lT3LMAF1DGjp2US1oSiaFS5SHNhnw
walkoff_core_api.1.dgq4r551ojm1@ip-192-168-0-16.ap-southeast-2.compute.internal    | INFO:     10.0.3.216:58518 - "GET /walkoff/api/users/permissions/ HTTP/1.0" 200 OK
walkoff_core_api.1.dgq4r551ojm1@ip-192-168-0-16.ap-southeast-2.compute.internal    | cls - user.py <class 'api.server.db.user.UserModel'> <class 'pydantic.main.ModelMetaclass'>
walkoff_core_api.1.dgq4r551ojm1@ip-192-168-0-16.ap-southeast-2.compute.internal    | pwd admin
walkoff_core_api.1.dgq4r551ojm1@ip-192-168-0-16.ap-southeast-2.compute.internal    | vals {'id_': UUID('00000000-0000-6164-6d69-6e5f75736572'), 'hashed': False, 'username': 'admin'}
walkoff_core_api.1.dgq4r551ojm1@ip-192-168-0-16.ap-southeast-2.compute.internal    | cls - user.py <class 'api.server.db.user.UserModel'> <class 'pydantic.main.ModelMetaclass'>
walkoff_core_api.1.dgq4r551ojm1@ip-192-168-0-16.ap-southeast-2.compute.internal    | pwd admin
walkoff_core_api.1.dgq4r551ojm1@ip-192-168-0-16.ap-southeast-2.compute.internal    | vals {'id_': UUID('00000000-0000-6164-6d69-6e5f75736572'), 'hashed': False, 'username': 'admin'}
walkoff_core_api.1.dgq4r551ojm1@ip-192-168-0-16.ap-southeast-2.compute.internal    | pwd-r $pbkdf2-sha512$25000$OYcQQmgtBSDknFNKqfXe.w$ErGK3wN6kETcZiDJoSV9mDLxKoGszfJI5OjXPI2ZJHx7T6iv0swwfg1CzeCRNGakJhNL8F5EFuFl5.3P/5TyRQ
walkoff_core_api.1.dgq4r551ojm1@ip-192-168-0-16.ap-southeast-2.compute.internal    | INFO:     10.0.3.216:58570 - "GET /walkoff/api/users/permissions/ HTTP/1.0" 200 OK
walkoff_core_api.1.dgq4r551ojm1@ip-192-168-0-16.ap-southeast-2.compute.internal    | cls - user.py <class 'api.server.db.user.UserModel'> <class 'pydantic.main.ModelMetaclass'>
walkoff_core_api.1.dgq4r551ojm1@ip-192-168-0-16.ap-southeast-2.compute.internal    | pwd admin
walkoff_core_api.1.dgq4r551ojm1@ip-192-168-0-16.ap-southeast-2.compute.internal    | vals {'id_': UUID('00000000-0000-6164-6d69-6e5f75736572'), 'hashed': False, 'username': 'admin'}
walkoff_core_api.1.dgq4r551ojm1@ip-192-168-0-16.ap-southeast-2.compute.internal    | cls - user.py <class 'api.server.db.user.UserModel'> <class 'pydantic.main.ModelMetaclass'>
walkoff_core_api.1.dgq4r551ojm1@ip-192-168-0-16.ap-southeast-2.compute.internal    | pwd admin
walkoff_core_api.1.dgq4r551ojm1@ip-192-168-0-16.ap-southeast-2.compute.internal    | vals {'id_': UUID('00000000-0000-6164-6d69-6e5f75736572'), 'hashed': False, 'username': 'admin'}
walkoff_core_api.1.dgq4r551ojm1@ip-192-168-0-16.ap-southeast-2.compute.internal    | pwd-r $pbkdf2-sha512$25000$T8n5v/d.LyWEUKpV6v2fkw$1w.19XAenr9L0UQ/IEx4OY1OchZBh5.VXmkzfmrg..VGo6/Y42jkDc6lTcyGwlJ4NShybq0RkA1jz7p6FhhcHg
walkoff_core_api.1.dgq4r551ojm1@ip-192-168-0-16.ap-southeast-2.compute.internal    | INFO:     10.0.3.216:58594 - "POST /walkoff/api/auth/refresh HTTP/1.0" 200 OK
walkoff_core_api.1.dgq4r551ojm1@ip-192-168-0-16.ap-southeast-2.compute.internal    | cls - user.py <class 'api.server.db.user.UserModel'> <class 'pydantic.main.ModelMetaclass'>
walkoff_core_api.1.dgq4r551ojm1@ip-192-168-0-16.ap-southeast-2.compute.internal    | pwd admin
walkoff_core_api.1.dgq4r551ojm1@ip-192-168-0-16.ap-southeast-2.compute.internal    | vals {'id_': UUID('00000000-0000-6164-6d69-6e5f75736572'), 'hashed': False, 'username': 'admin'}
walkoff_core_api.1.dgq4r551ojm1@ip-192-168-0-16.ap-southeast-2.compute.internal    | cls - user.py <class 'api.server.db.user.UserModel'> <class 'pydantic.main.ModelMetaclass'>
walkoff_core_api.1.dgq4r551ojm1@ip-192-168-0-16.ap-southeast-2.compute.internal    | pwd admin
walkoff_core_api.1.dgq4r551ojm1@ip-192-168-0-16.ap-southeast-2.compute.internal    | vals {'id_': UUID('00000000-0000-6164-6d69-6e5f75736572'), 'hashed': False, 'username': 'admin'}
walkoff_core_api.1.dgq4r551ojm1@ip-192-168-0-16.ap-southeast-2.compute.internal    | pwd-r $pbkdf2-sha512$25000$7j0nZMz5H0OI0VqLEeJcKw$YgU9D8hVotO3tR.GkMFOL/yhaeQjjhfEd2sQt8glhoHpn18lx9MqrThMj11PGHFHkiRE9Pum1mdD/nXu6kouaA
walkoff_core_api.1.dgq4r551ojm1@ip-192-168-0-16.ap-southeast-2.compute.internal    | INFO:     10.0.3.216:58596 - "GET /walkoff/api/users/permissions/ HTTP/1.0" 200 OK
walkoff_core_api.1.dgq4r551ojm1@ip-192-168-0-16.ap-southeast-2.compute.internal    | cls - user.py <class 'api.server.db.user.UserModel'> <class 'pydantic.main.ModelMetaclass'>
walkoff_core_api.1.dgq4r551ojm1@ip-192-168-0-16.ap-southeast-2.compute.internal    | pwd admin
walkoff_core_api.1.dgq4r551ojm1@ip-192-168-0-16.ap-southeast-2.compute.internal    | vals {'id_': UUID('00000000-0000-6164-6d69-6e5f75736572'), 'hashed': False, 'username': 'admin'}
walkoff_core_api.1.dgq4r551ojm1@ip-192-168-0-16.ap-southeast-2.compute.internal    | cls - user.py <class 'api.server.db.user.UserModel'> <class 'pydantic.main.ModelMetaclass'>
walkoff_core_api.1.dgq4r551ojm1@ip-192-168-0-16.ap-southeast-2.compute.internal    | pwd admin
walkoff_core_api.1.dgq4r551ojm1@ip-192-168-0-16.ap-southeast-2.compute.internal    | vals {'id_': UUID('00000000-0000-6164-6d69-6e5f75736572'), 'hashed': False, 'username': 'admin'}
walkoff_core_api.1.dgq4r551ojm1@ip-192-168-0-16.ap-southeast-2.compute.internal    | pwd-r $pbkdf2-sha512$25000$pfReq1Wq9f7fe08JoTQmpA$yRuXDAUW7ivpNokBnESSBxgAm4Ytwo2Du20bUwqQQTYW1qi.hs.851wnZPNqRWxEu.Q5zVzSdvNuBE98NTvQ/w
walkoff_core_api.1.dgq4r551ojm1@ip-192-168-0-16.ap-southeast-2.compute.internal    | INFO:     10.0.3.216:58648 - "GET /walkoff/api/users/permissions/ HTTP/1.0" 200 OK
walkoff_core_api.1.dgq4r551ojm1@ip-192-168-0-16.ap-southeast-2.compute.internal    | cls - user.py <class 'api.server.db.user.UserModel'> <class 'pydantic.main.ModelMetaclass'>
walkoff_core_api.1.dgq4r551ojm1@ip-192-168-0-16.ap-southeast-2.compute.internal    | pwd admin
walkoff_core_api.1.dgq4r551ojm1@ip-192-168-0-16.ap-southeast-2.compute.internal    | vals {'id_': UUID('00000000-0000-6164-6d69-6e5f75736572'), 'hashed': False, 'username': 'admin'}
walkoff_core_api.1.dgq4r551ojm1@ip-192-168-0-16.ap-southeast-2.compute.internal    | cls - user.py <class 'api.server.db.user.UserModel'> <class 'pydantic.main.ModelMetaclass'>
walkoff_core_api.1.dgq4r551ojm1@ip-192-168-0-16.ap-southeast-2.compute.internal    | pwd admin
walkoff_core_api.1.dgq4r551ojm1@ip-192-168-0-16.ap-southeast-2.compute.internal    | vals {'id_': UUID('00000000-0000-6164-6d69-6e5f75736572'), 'hashed': False, 'username': 'admin'}
walkoff_core_api.1.dgq4r551ojm1@ip-192-168-0-16.ap-southeast-2.compute.internal    | pwd-r $pbkdf2-sha512$25000$SilFaE0JAeDcG.O89/4fIw$v53YCj0/KUiX3oQFkuhA.AXIpwOPnweEOKT0WQeesBcUUqxyzhz092jpDizB2agrnCo5qCJQHuuE5jDJCf8s/A
walkoff_core_api.1.dgq4r551ojm1@ip-192-168-0-16.ap-southeast-2.compute.internal    | INFO:     10.0.3.216:58670 - "GET /walkoff/api/users/permissions/ HTTP/1.0" 200 OK
walkoff_core_api.1.dgq4r551ojm1@ip-192-168-0-16.ap-southeast-2.compute.internal    | cls - user.py <class 'api.server.db.user.UserModel'> <class 'pydantic.main.ModelMetaclass'>
walkoff_core_api.1.dgq4r551ojm1@ip-192-168-0-16.ap-southeast-2.compute.internal    | pwd admin
walkoff_core_api.1.dgq4r551ojm1@ip-192-168-0-16.ap-southeast-2.compute.internal    | vals {'id_': UUID('00000000-0000-6164-6d69-6e5f75736572'), 'hashed': False, 'username': 'admin'}
walkoff_core_api.1.dgq4r551ojm1@ip-192-168-0-16.ap-southeast-2.compute.internal    | cls - user.py <class 'api.server.db.user.UserModel'> <class 'pydantic.main.ModelMetaclass'>
walkoff_core_api.1.dgq4r551ojm1@ip-192-168-0-16.ap-southeast-2.compute.internal    | pwd admin
walkoff_core_api.1.dgq4r551ojm1@ip-192-168-0-16.ap-southeast-2.compute.internal    | vals {'id_': UUID('00000000-0000-6164-6d69-6e5f75736572'), 'hashed': False, 'username': 'admin'}
walkoff_core_api.1.dgq4r551ojm1@ip-192-168-0-16.ap-southeast-2.compute.internal    | pwd-r $pbkdf2-sha512$25000$XwtBSGltbY1xLgUgZAzBWA$InlLk./KzittNG5YxlVexIDebH.Dfz1Agj5lnZojlMXnOybtRbkmQmtjGwqyiYuHv04MRs7/Ho0IZ5zQ7WPsSA
walkoff_core_api.1.dgq4r551ojm1@ip-192-168-0-16.ap-southeast-2.compute.internal    | INFO:     10.0.3.216:58722 - "GET /walkoff/api/users/permissions/ HTTP/1.0" 200 OK
walkoff_core_api.1.dgq4r551ojm1@ip-192-168-0-16.ap-southeast-2.compute.internal    | cls - user.py <class 'api.server.db.user.UserModel'> <class 'pydantic.main.ModelMetaclass'>
walkoff_core_api.1.dgq4r551ojm1@ip-192-168-0-16.ap-southeast-2.compute.internal    | pwd admin
walkoff_core_api.1.dgq4r551ojm1@ip-192-168-0-16.ap-southeast-2.compute.internal    | vals {'id_': UUID('00000000-0000-6164-6d69-6e5f75736572'), 'hashed': False, 'username': 'admin'}
walkoff_core_api.1.dgq4r551ojm1@ip-192-168-0-16.ap-southeast-2.compute.internal    | cls - user.py <class 'api.server.db.user.UserModel'> <class 'pydantic.main.ModelMetaclass'>
walkoff_core_api.1.dgq4r551ojm1@ip-192-168-0-16.ap-southeast-2.compute.internal    | pwd admin
walkoff_core_api.1.dgq4r551ojm1@ip-192-168-0-16.ap-southeast-2.compute.internal    | vals {'id_': UUID('00000000-0000-6164-6d69-6e5f75736572'), 'hashed': False, 'username': 'admin'}
walkoff_core_api.1.dgq4r551ojm1@ip-192-168-0-16.ap-southeast-2.compute.internal    | pwd-r $pbkdf2-sha512$25000$u9d6jzFGSMn5H.M8p9R6bw$rb6oOS6XbwWHU5KJY8p24yJz/ZxgigxB.Dag..AsspmrMC8ugUIl5HTblm66/WlYqHcVmUJwidpIGU9j/eHkVg
walkoff_core_api.1.dgq4r551ojm1@ip-192-168-0-16.ap-southeast-2.compute.internal    | INFO:     10.0.3.216:58746 - "GET /walkoff/api/users/permissions/ HTTP/1.0" 200 OK
walkoff_core_api.1.dgq4r551ojm1@ip-192-168-0-16.ap-southeast-2.compute.internal    | cls - user.py <class 'api.server.db.user.UserModel'> <class 'pydantic.main.ModelMetaclass'>
walkoff_core_api.1.dgq4r551ojm1@ip-192-168-0-16.ap-southeast-2.compute.internal    | pwd admin
walkoff_core_api.1.dgq4r551ojm1@ip-192-168-0-16.ap-southeast-2.compute.internal    | vals {'id_': UUID('00000000-0000-6164-6d69-6e5f75736572'), 'hashed': False, 'username': 'admin'}
walkoff_core_api.1.dgq4r551ojm1@ip-192-168-0-16.ap-southeast-2.compute.internal    | cls - user.py <class 'api.server.db.user.UserModel'> <class 'pydantic.main.ModelMetaclass'>
walkoff_core_api.1.dgq4r551ojm1@ip-192-168-0-16.ap-southeast-2.compute.internal    | pwd admin
walkoff_core_api.1.dgq4r551ojm1@ip-192-168-0-16.ap-southeast-2.compute.internal    | vals {'id_': UUID('00000000-0000-6164-6d69-6e5f75736572'), 'hashed': False, 'username': 'admin'}
walkoff_core_api.1.dgq4r551ojm1@ip-192-168-0-16.ap-southeast-2.compute.internal    | pwd-r $pbkdf2-sha512$25000$UYpxTgnhHEMo5VyL8b6Xcg$ecBgk.ZbzvDKJq4kydqqLqiEqgytKjuyKLSN9o1inxTMyXYWPtgD/utX2Zaj7GLQ/LC3oOqT89n3gZCqHPp4lg
walkoff_core_api.1.dgq4r551ojm1@ip-192-168-0-16.ap-southeast-2.compute.internal    | INFO:     10.0.3.216:58800 - "GET /walkoff/api/users/permissions/ HTTP/1.0" 200 OK
walkoff_core_api.1.dgq4r551ojm1@ip-192-168-0-16.ap-southeast-2.compute.internal    | cls - user.py <class 'api.server.db.user.UserModel'> <class 'pydantic.main.ModelMetaclass'>
walkoff_core_api.1.dgq4r551ojm1@ip-192-168-0-16.ap-southeast-2.compute.internal    | pwd admin
walkoff_core_api.1.dgq4r551ojm1@ip-192-168-0-16.ap-southeast-2.compute.internal    | vals {'id_': UUID('00000000-0000-6164-6d69-6e5f75736572'), 'hashed': False, 'username': 'admin'}
walkoff_core_api.1.dgq4r551ojm1@ip-192-168-0-16.ap-southeast-2.compute.internal    | cls - user.py <class 'api.server.db.user.UserModel'> <class 'pydantic.main.ModelMetaclass'>
walkoff_core_api.1.dgq4r551ojm1@ip-192-168-0-16.ap-southeast-2.compute.internal    | pwd admin
walkoff_core_api.1.dgq4r551ojm1@ip-192-168-0-16.ap-southeast-2.compute.internal    | vals {'id_': UUID('00000000-0000-6164-6d69-6e5f75736572'), 'hashed': False, 'username': 'admin'}
walkoff_core_api.1.dgq4r551ojm1@ip-192-168-0-16.ap-southeast-2.compute.internal    | pwd-r $pbkdf2-sha512$25000$/N875xzjvPc.R0jpPad0Lg$bJjHR2kiEGAy/NbA.h9nPI.Iq1EXcOUkJT6Q7HIgu3MwbodNjzfFNGINy7w8a2wxfsz7bR4dAwUm8PUpkqbLUQ
walkoff_core_api.1.dgq4r551ojm1@ip-192-168-0-16.ap-southeast-2.compute.internal    | INFO:     10.0.3.216:58814 - "GET /walkoff/api/users/permissions/ HTTP/1.0" 200 OK
walkoff_core_api.1.dgq4r551ojm1@ip-192-168-0-16.ap-southeast-2.compute.internal    | cls - user.py <class 'api.server.db.user.UserModel'> <class 'pydantic.main.ModelMetaclass'>
walkoff_core_api.1.dgq4r551ojm1@ip-192-168-0-16.ap-southeast-2.compute.internal    | pwd admin
walkoff_core_api.1.dgq4r551ojm1@ip-192-168-0-16.ap-southeast-2.compute.internal    | vals {'id_': UUID('00000000-0000-6164-6d69-6e5f75736572'), 'hashed': False, 'username': 'admin'}
walkoff_core_api.1.dgq4r551ojm1@ip-192-168-0-16.ap-southeast-2.compute.internal    | cls - user.py <class 'api.server.db.user.UserModel'> <class 'pydantic.main.ModelMetaclass'>
walkoff_core_api.1.dgq4r551ojm1@ip-192-168-0-16.ap-southeast-2.compute.internal    | pwd admin
walkoff_core_api.1.dgq4r551ojm1@ip-192-168-0-16.ap-southeast-2.compute.internal    | vals {'id_': UUID('00000000-0000-6164-6d69-6e5f75736572'), 'hashed': False, 'username': 'admin'}
walkoff_core_api.1.dgq4r551ojm1@ip-192-168-0-16.ap-southeast-2.compute.internal    | pwd-r $pbkdf2-sha512$25000$bs259/6f07rXOkeoVSpFyA$BkAoaBkuGC4CG3Pu68Uy.y9B6qe5q7PHsCXODrmmoxj1Pwh7BhXZw42jA.K0QAuQ/6m8KqfQT4z6vSqpPS08MA
walkoff_core_api.1.dgq4r551ojm1@ip-192-168-0-16.ap-southeast-2.compute.internal    | INFO:     10.0.3.216:58876 - "GET /walkoff/api/users/permissions/ HTTP/1.0" 200 OK
walkoff_core_api.1.dgq4r551ojm1@ip-192-168-0-16.ap-southeast-2.compute.internal    | cls - user.py <class 'api.server.db.user.UserModel'> <class 'pydantic.main.ModelMetaclass'>
walkoff_core_api.1.dgq4r551ojm1@ip-192-168-0-16.ap-southeast-2.compute.internal    | pwd admin
walkoff_core_api.1.dgq4r551ojm1@ip-192-168-0-16.ap-southeast-2.compute.internal    | vals {'id_': UUID('00000000-0000-6164-6d69-6e5f75736572'), 'hashed': False, 'username': 'admin'}
walkoff_core_api.1.dgq4r551ojm1@ip-192-168-0-16.ap-southeast-2.compute.internal    | cls - user.py <class 'api.server.db.user.UserModel'> <class 'pydantic.main.ModelMetaclass'>
walkoff_core_api.1.dgq4r551ojm1@ip-192-168-0-16.ap-southeast-2.compute.internal    | pwd admin
walkoff_core_api.1.dgq4r551ojm1@ip-192-168-0-16.ap-southeast-2.compute.internal    | vals {'id_': UUID('00000000-0000-6164-6d69-6e5f75736572'), 'hashed': False, 'username': 'admin'}
walkoff_core_api.1.dgq4r551ojm1@ip-192-168-0-16.ap-southeast-2.compute.internal    | pwd-r $pbkdf2-sha512$25000$HwOgtBaCMOYcw7jXute6Vw$8i71BB0maw36g/E2SyS3uw0x2MA3yakpSiMfUHR7J5iqQbWVsGaGkGz.0Z/Fy5qtE3Xo2EX6H9b6EGtP7fAMPA
walkoff_core_api.1.dgq4r551ojm1@ip-192-168-0-16.ap-southeast-2.compute.internal    | INFO:     10.0.3.216:58892 - "GET /walkoff/api/users/permissions/ HTTP/1.0" 200 OK
walkoff_core_api.1.dgq4r551ojm1@ip-192-168-0-16.ap-southeast-2.compute.internal    | cls - user.py <class 'api.server.db.user.UserModel'> <class 'pydantic.main.ModelMetaclass'>
walkoff_core_api.1.dgq4r551ojm1@ip-192-168-0-16.ap-southeast-2.compute.internal    | pwd admin
walkoff_core_api.1.dgq4r551ojm1@ip-192-168-0-16.ap-southeast-2.compute.internal    | vals {'id_': UUID('00000000-0000-6164-6d69-6e5f75736572'), 'hashed': False, 'username': 'admin'}
walkoff_core_api.1.dgq4r551ojm1@ip-192-168-0-16.ap-southeast-2.compute.internal    | cls - user.py <class 'api.server.db.user.UserModel'> <class 'pydantic.main.ModelMetaclass'>
walkoff_core_api.1.dgq4r551ojm1@ip-192-168-0-16.ap-southeast-2.compute.internal    | pwd admin
walkoff_core_api.1.dgq4r551ojm1@ip-192-168-0-16.ap-southeast-2.compute.internal    | vals {'id_': UUID('00000000-0000-6164-6d69-6e5f75736572'), 'hashed': False, 'username': 'admin'}
walkoff_core_api.1.dgq4r551ojm1@ip-192-168-0-16.ap-southeast-2.compute.internal    | pwd-r $pbkdf2-sha512$25000$09p7D4FQitEagxAiRCiltA$4IPqHIYS9q6fUwzVpXiaq6ibpY.iUbUQ0hTbdNPBC.CyslWyxbHAioYtN6EU7DhGp6adCqof.hF1N1pxTZyDhw
walkoff_core_api.1.dgq4r551ojm1@ip-192-168-0-16.ap-southeast-2.compute.internal    | INFO:     10.0.3.216:58952 - "GET /walkoff/api/users/permissions/ HTTP/1.0" 200 OK
walkoff_core_api.1.dgq4r551ojm1@ip-192-168-0-16.ap-southeast-2.compute.internal    | cls - user.py <class 'api.server.db.user.UserModel'> <class 'pydantic.main.ModelMetaclass'>
walkoff_core_api.1.dgq4r551ojm1@ip-192-168-0-16.ap-southeast-2.compute.internal    | pwd admin
walkoff_core_api.1.dgq4r551ojm1@ip-192-168-0-16.ap-southeast-2.compute.internal    | vals {'id_': UUID('00000000-0000-6164-6d69-6e5f75736572'), 'hashed': False, 'username': 'admin'}
walkoff_core_api.1.dgq4r551ojm1@ip-192-168-0-16.ap-southeast-2.compute.internal    | cls - user.py <class 'api.server.db.user.UserModel'> <class 'pydantic.main.ModelMetaclass'>
walkoff_core_api.1.dgq4r551ojm1@ip-192-168-0-16.ap-southeast-2.compute.internal    | pwd admin
walkoff_core_api.1.dgq4r551ojm1@ip-192-168-0-16.ap-southeast-2.compute.internal    | vals {'id_': UUID('00000000-0000-6164-6d69-6e5f75736572'), 'hashed': False, 'username': 'admin'}
walkoff_core_api.1.dgq4r551ojm1@ip-192-168-0-16.ap-southeast-2.compute.internal    | pwd-r $pbkdf2-sha512$25000$ZSwFwJjTes8ZQ6hVipGyFg$q7ORZRFSMiN9rEDvslu6Fy1DxwGpDwkxDg/AuNi9d1lmyF2AXKiwCC5x413BhBppPMRjLyuy0BUPIcVoWEb/FQ
walkoff_core_api.1.dgq4r551ojm1@ip-192-168-0-16.ap-southeast-2.compute.internal    | INFO:     10.0.3.216:58966 - "GET /walkoff/api/users/permissions/ HTTP/1.0" 200 OK
walkoff_core_api.1.dgq4r551ojm1@ip-192-168-0-16.ap-southeast-2.compute.internal    | cls - user.py <class 'api.server.db.user.UserModel'> <class 'pydantic.main.ModelMetaclass'>
walkoff_core_api.1.dgq4r551ojm1@ip-192-168-0-16.ap-southeast-2.compute.internal    | pwd admin
walkoff_core_api.1.dgq4r551ojm1@ip-192-168-0-16.ap-southeast-2.compute.internal    | vals {'id_': UUID('00000000-0000-6164-6d69-6e5f75736572'), 'hashed': False, 'username': 'admin'}
walkoff_core_api.1.dgq4r551ojm1@ip-192-168-0-16.ap-southeast-2.compute.internal    | cls - user.py <class 'api.server.db.user.UserModel'> <class 'pydantic.main.ModelMetaclass'>
walkoff_core_api.1.dgq4r551ojm1@ip-192-168-0-16.ap-southeast-2.compute.internal    | pwd admin
walkoff_core_api.1.dgq4r551ojm1@ip-192-168-0-16.ap-southeast-2.compute.internal    | vals {'id_': UUID('00000000-0000-6164-6d69-6e5f75736572'), 'hashed': False, 'username': 'admin'}
walkoff_core_api.1.dgq4r551ojm1@ip-192-168-0-16.ap-southeast-2.compute.internal    | pwd-r $pbkdf2-sha512$25000$4lwrpdSa856zNsZ4b63VOg$7oriHrMHn/uPzqgB1R1yF2ly6tvcwp0rHuZheFv3hTkPUvQiuDrECP3pry2jYk5hWwFz77p9fza27dR.4HkP5w
walkoff_core_api.1.dgq4r551ojm1@ip-192-168-0-16.ap-southeast-2.compute.internal    | INFO:     10.0.3.216:59026 - "GET /walkoff/api/users/permissions/ HTTP/1.0" 200 OK
walkoff_core_api.1.dgq4r551ojm1@ip-192-168-0-16.ap-southeast-2.compute.internal    | cls - user.py <class 'api.server.db.user.UserModel'> <class 'pydantic.main.ModelMetaclass'>
walkoff_core_api.1.dgq4r551ojm1@ip-192-168-0-16.ap-southeast-2.compute.internal    | pwd admin
walkoff_core_api.1.dgq4r551ojm1@ip-192-168-0-16.ap-southeast-2.compute.internal    | vals {'id_': UUID('00000000-0000-6164-6d69-6e5f75736572'), 'hashed': False, 'username': 'admin'}
walkoff_core_api.1.dgq4r551ojm1@ip-192-168-0-16.ap-southeast-2.compute.internal    | cls - user.py <class 'api.server.db.user.UserModel'> <class 'pydantic.main.ModelMetaclass'>
walkoff_core_api.1.dgq4r551ojm1@ip-192-168-0-16.ap-southeast-2.compute.internal    | pwd admin
walkoff_core_api.1.dgq4r551ojm1@ip-192-168-0-16.ap-southeast-2.compute.internal    | vals {'id_': UUID('00000000-0000-6164-6d69-6e5f75736572'), 'hashed': False, 'username': 'admin'}
walkoff_core_api.1.dgq4r551ojm1@ip-192-168-0-16.ap-southeast-2.compute.internal    | pwd-r $pbkdf2-sha512$25000$SomRslYq5Txn7L2Xsrb2Hg$k1NjJ4Y8uCLcxIaUlVCeyKN/MFqurXvMwHOrkKGWkt2CsPfYornjmRUCWk20X03D8rijKV5ar7xOMOzi0QW7XA
walkoff_core_api.1.dgq4r551ojm1@ip-192-168-0-16.ap-southeast-2.compute.internal    | INFO:     10.0.3.216:59044 - "GET /walkoff/api/users/permissions/ HTTP/1.0" 200 OK
walkoff_core_api.1.dgq4r551ojm1@ip-192-168-0-16.ap-southeast-2.compute.internal    | cls - user.py <class 'api.server.db.user.UserModel'> <class 'pydantic.main.ModelMetaclass'>
walkoff_core_api.1.dgq4r551ojm1@ip-192-168-0-16.ap-southeast-2.compute.internal    | pwd admin
walkoff_core_api.1.dgq4r551ojm1@ip-192-168-0-16.ap-southeast-2.compute.internal    | vals {'id_': UUID('00000000-0000-6164-6d69-6e5f75736572'), 'hashed': False, 'username': 'admin'}
walkoff_core_api.1.dgq4r551ojm1@ip-192-168-0-16.ap-southeast-2.compute.internal    | cls - user.py <class 'api.server.db.user.UserModel'> <class 'pydantic.main.ModelMetaclass'>
walkoff_core_api.1.dgq4r551ojm1@ip-192-168-0-16.ap-southeast-2.compute.internal    | pwd admin
walkoff_core_api.1.dgq4r551ojm1@ip-192-168-0-16.ap-southeast-2.compute.internal    | vals {'id_': UUID('00000000-0000-6164-6d69-6e5f75736572'), 'hashed': False, 'username': 'admin'}
walkoff_core_api.1.dgq4r551ojm1@ip-192-168-0-16.ap-southeast-2.compute.internal    | pwd-r $pbkdf2-sha512$25000$fA/hnHPuHaP03rsXQiglBA$SHtyGHIBBzdeCSneGG0xa6fCfTTx08d9WEzpxQjaycxtNIHxRESAKA/BtYooKF5f6TG2cC4Kd.n8AgAGIyzy6w
walkoff_core_api.1.dgq4r551ojm1@ip-192-168-0-16.ap-southeast-2.compute.internal    | INFO:     10.0.3.216:59104 - "GET /walkoff/api/users/permissions/ HTTP/1.0" 200 OK
walkoff_core_api.1.dgq4r551ojm1@ip-192-168-0-16.ap-southeast-2.compute.internal    | cls - user.py <class 'api.server.db.user.UserModel'> <class 'pydantic.main.ModelMetaclass'>
walkoff_core_api.1.dgq4r551ojm1@ip-192-168-0-16.ap-southeast-2.compute.internal    | pwd admin
walkoff_core_api.1.dgq4r551ojm1@ip-192-168-0-16.ap-southeast-2.compute.internal    | vals {'id_': UUID('00000000-0000-6164-6d69-6e5f75736572'), 'hashed': False, 'username': 'admin'}
walkoff_core_api.1.dgq4r551ojm1@ip-192-168-0-16.ap-southeast-2.compute.internal    | cls - user.py <class 'api.server.db.user.UserModel'> <class 'pydantic.main.ModelMetaclass'>
walkoff_core_api.1.dgq4r551ojm1@ip-192-168-0-16.ap-southeast-2.compute.internal    | pwd admin
walkoff_core_api.1.dgq4r551ojm1@ip-192-168-0-16.ap-southeast-2.compute.internal    | vals {'id_': UUID('00000000-0000-6164-6d69-6e5f75736572'), 'hashed': False, 'username': 'admin'}
walkoff_core_api.1.dgq4r551ojm1@ip-192-168-0-16.ap-southeast-2.compute.internal    | pwd-r $pbkdf2-sha512$25000$HSOkdM45ZwxhrFUKAeD8vw$q009mNywI0xdgTFMYewNW9PKPoFmpNAdu7krp.FqMU8HT/cl1clM4hURef3tBuh4odskh2qkNbaVyDexqjCDUQ
walkoff_core_api.1.dgq4r551ojm1@ip-192-168-0-16.ap-southeast-2.compute.internal    | INFO:     10.0.3.216:59118 - "GET /walkoff/api/users/permissions/ HTTP/1.0" 200 OK
walkoff_core_api.1.dgq4r551ojm1@ip-192-168-0-16.ap-southeast-2.compute.internal    | cls - user.py <class 'api.server.db.user.UserModel'> <class 'pydantic.main.ModelMetaclass'>
walkoff_core_api.1.dgq4r551ojm1@ip-192-168-0-16.ap-southeast-2.compute.internal    | pwd admin
walkoff_core_api.1.dgq4r551ojm1@ip-192-168-0-16.ap-southeast-2.compute.internal    | vals {'id_': UUID('00000000-0000-6164-6d69-6e5f75736572'), 'hashed': False, 'username': 'admin'}
walkoff_core_api.1.dgq4r551ojm1@ip-192-168-0-16.ap-southeast-2.compute.internal    | cls - user.py <class 'api.server.db.user.UserModel'> <class 'pydantic.main.ModelMetaclass'>
walkoff_core_api.1.dgq4r551ojm1@ip-192-168-0-16.ap-southeast-2.compute.internal    | pwd admin
walkoff_core_api.1.dgq4r551ojm1@ip-192-168-0-16.ap-southeast-2.compute.internal    | vals {'id_': UUID('00000000-0000-6164-6d69-6e5f75736572'), 'hashed': False, 'username': 'admin'}
walkoff_core_api.1.dgq4r551ojm1@ip-192-168-0-16.ap-southeast-2.compute.internal    | pwd-r $pbkdf2-sha512$25000$VUrp/Z9zznmvNcaYk3KuFQ$JYCMW4gd8J7ZvWbRikvVQNGL8bEeOnYnRw8wVwn6fsBmRdbDiKtTICXrZPCh4Wa4yHupGJwIzAWIAQSfWIVaWg
walkoff_core_api.1.dgq4r551ojm1@ip-192-168-0-16.ap-southeast-2.compute.internal    | INFO:     10.0.3.216:59178 - "GET /walkoff/api/users/permissions/ HTTP/1.0" 200 OK
walkoff_core_api.1.dgq4r551ojm1@ip-192-168-0-16.ap-southeast-2.compute.internal    | cls - user.py <class 'api.server.db.user.UserModel'> <class 'pydantic.main.ModelMetaclass'>
walkoff_core_api.1.dgq4r551ojm1@ip-192-168-0-16.ap-southeast-2.compute.internal    | pwd admin
walkoff_core_api.1.dgq4r551ojm1@ip-192-168-0-16.ap-southeast-2.compute.internal    | vals {'id_': UUID('00000000-0000-6164-6d69-6e5f75736572'), 'hashed': False, 'username': 'admin'}
walkoff_core_api.1.dgq4r551ojm1@ip-192-168-0-16.ap-southeast-2.compute.internal    | cls - user.py <class 'api.server.db.user.UserModel'> <class 'pydantic.main.ModelMetaclass'>
walkoff_core_api.1.dgq4r551ojm1@ip-192-168-0-16.ap-southeast-2.compute.internal    | pwd admin
walkoff_core_api.1.dgq4r551ojm1@ip-192-168-0-16.ap-southeast-2.compute.internal    | vals {'id_': UUID('00000000-0000-6164-6d69-6e5f75736572'), 'hashed': False, 'username': 'admin'}
walkoff_core_api.1.dgq4r551ojm1@ip-192-168-0-16.ap-southeast-2.compute.internal    | pwd-r $pbkdf2-sha512$25000$9J4zprS29p6zFgKAEILw3g$O5kZqq0azrnjivD7SG6xe7YKdbzdkj0eWqwiJViFJN4406O48ip8vCsBMZ9yMLJXWUFO.JV0wqHS1AY25RGO0A
walkoff_core_api.1.dgq4r551ojm1@ip-192-168-0-16.ap-southeast-2.compute.internal    | INFO:     10.0.3.216:59194 - "GET /walkoff/api/users/permissions/ HTTP/1.0" 200 OK
walkoff_core_api.1.dgq4r551ojm1@ip-192-168-0-16.ap-southeast-2.compute.internal    | cls - user.py <class 'api.server.db.user.UserModel'> <class 'pydantic.main.ModelMetaclass'>
walkoff_core_api.1.dgq4r551ojm1@ip-192-168-0-16.ap-southeast-2.compute.internal    | pwd admin
walkoff_core_api.1.dgq4r551ojm1@ip-192-168-0-16.ap-southeast-2.compute.internal    | vals {'id_': UUID('00000000-0000-6164-6d69-6e5f75736572'), 'hashed': False, 'username': 'admin'}
walkoff_core_api.1.dgq4r551ojm1@ip-192-168-0-16.ap-southeast-2.compute.internal    | cls - user.py <class 'api.server.db.user.UserModel'> <class 'pydantic.main.ModelMetaclass'>
walkoff_core_api.1.dgq4r551ojm1@ip-192-168-0-16.ap-southeast-2.compute.internal    | pwd admin
walkoff_core_api.1.dgq4r551ojm1@ip-192-168-0-16.ap-southeast-2.compute.internal    | vals {'id_': UUID('00000000-0000-6164-6d69-6e5f75736572'), 'hashed': False, 'username': 'admin'}
walkoff_core_api.1.dgq4r551ojm1@ip-192-168-0-16.ap-southeast-2.compute.internal    | pwd-r $pbkdf2-sha512$25000$/d87Z0ypNWaMESJkrDXGuA$li2FbytIP6cliMSpKLTM9sS3VvvOpNK2hsPvy/8gzYMfXUmo/jym1nR.UdYzrSA.YO4DR4nOaIp6iPCYwDmjOg
walkoff_core_api.1.dgq4r551ojm1@ip-192-168-0-16.ap-southeast-2.compute.internal    | INFO:     10.0.3.216:59254 - "GET /walkoff/api/users/permissions/ HTTP/1.0" 200 OK
walkoff_core_api.1.dgq4r551ojm1@ip-192-168-0-16.ap-southeast-2.compute.internal    | cls - user.py <class 'api.server.db.user.UserModel'> <class 'pydantic.main.ModelMetaclass'>
walkoff_core_api.1.dgq4r551ojm1@ip-192-168-0-16.ap-southeast-2.compute.internal    | pwd admin
walkoff_core_api.1.dgq4r551ojm1@ip-192-168-0-16.ap-southeast-2.compute.internal    | vals {'id_': UUID('00000000-0000-6164-6d69-6e5f75736572'), 'hashed': False, 'username': 'admin'}
walkoff_core_api.1.dgq4r551ojm1@ip-192-168-0-16.ap-southeast-2.compute.internal    | cls - user.py <class 'api.server.db.user.UserModel'> <class 'pydantic.main.ModelMetaclass'>
walkoff_core_api.1.dgq4r551ojm1@ip-192-168-0-16.ap-southeast-2.compute.internal    | pwd admin
walkoff_core_api.1.dgq4r551ojm1@ip-192-168-0-16.ap-southeast-2.compute.internal    | vals {'id_': UUID('00000000-0000-6164-6d69-6e5f75736572'), 'hashed': False, 'username': 'admin'}
walkoff_core_api.1.dgq4r551ojm1@ip-192-168-0-16.ap-southeast-2.compute.internal    | pwd-r $pbkdf2-sha512$25000$UCpljJGyFiIkxPgfA4BQ6g$Wq9hFDiBdVLN.xm7nYV.YvWQ/AI/Rce2x34QZDMHjb3AAktL6EWPhaisVKmCCRyGXHjA4WQQJDIyX4hDx6q4hA
walkoff_core_api.1.dgq4r551ojm1@ip-192-168-0-16.ap-southeast-2.compute.internal    | INFO:     10.0.3.216:59268 - "GET /walkoff/api/users/permissions/ HTTP/1.0" 200 OK
walkoff_core_api.1.dgq4r551ojm1@ip-192-168-0-16.ap-southeast-2.compute.internal    | cls - user.py <class 'api.server.db.user.UserModel'> <class 'pydantic.main.ModelMetaclass'>
walkoff_core_api.1.dgq4r551ojm1@ip-192-168-0-16.ap-southeast-2.compute.internal    | pwd admin
walkoff_core_api.1.dgq4r551ojm1@ip-192-168-0-16.ap-southeast-2.compute.internal    | vals {'id_': UUID('00000000-0000-6164-6d69-6e5f75736572'), 'hashed': False, 'username': 'admin'}
walkoff_core_api.1.dgq4r551ojm1@ip-192-168-0-16.ap-southeast-2.compute.internal    | cls - user.py <class 'api.server.db.user.UserModel'> <class 'pydantic.main.ModelMetaclass'>
walkoff_core_api.1.dgq4r551ojm1@ip-192-168-0-16.ap-southeast-2.compute.internal    | pwd admin
walkoff_core_api.1.dgq4r551ojm1@ip-192-168-0-16.ap-southeast-2.compute.internal    | vals {'id_': UUID('00000000-0000-6164-6d69-6e5f75736572'), 'hashed': False, 'username': 'admin'}
walkoff_core_api.1.dgq4r551ojm1@ip-192-168-0-16.ap-southeast-2.compute.internal    | pwd-r $pbkdf2-sha512$25000$lPLee6.VUsrZ29t7b825tw$CGg3zCaHFWL7AXay0PIK6ppFknXn2x2RRsnR/fNAbmHQubEf8dbr5WuWfQIeHkYxNIWM7kOHXYI9CDlPPimhdw
walkoff_core_api.1.dgq4r551ojm1@ip-192-168-0-16.ap-southeast-2.compute.internal    | INFO:     10.0.3.216:59328 - "GET /walkoff/api/users/permissions/ HTTP/1.0" 200 OK
walkoff_core_api.1.dgq4r551ojm1@ip-192-168-0-16.ap-southeast-2.compute.internal    | cls - user.py <class 'api.server.db.user.UserModel'> <class 'pydantic.main.ModelMetaclass'>
walkoff_core_api.1.dgq4r551ojm1@ip-192-168-0-16.ap-southeast-2.compute.internal    | pwd admin
walkoff_core_api.1.dgq4r551ojm1@ip-192-168-0-16.ap-southeast-2.compute.internal    | vals {'id_': UUID('00000000-0000-6164-6d69-6e5f75736572'), 'hashed': False, 'username': 'admin'}
walkoff_core_api.1.dgq4r551ojm1@ip-192-168-0-16.ap-southeast-2.compute.internal    | cls - user.py <class 'api.server.db.user.UserModel'> <class 'pydantic.main.ModelMetaclass'>
walkoff_core_api.1.dgq4r551ojm1@ip-192-168-0-16.ap-southeast-2.compute.internal    | pwd admin
walkoff_core_api.1.dgq4r551ojm1@ip-192-168-0-16.ap-southeast-2.compute.internal    | vals {'id_': UUID('00000000-0000-6164-6d69-6e5f75736572'), 'hashed': False, 'username': 'admin'}
walkoff_core_api.1.dgq4r551ojm1@ip-192-168-0-16.ap-southeast-2.compute.internal    | pwd-r $pbkdf2-sha512$25000$KGVsTUkJQShlDCFECOFcaw$l1h6glURh5W74evzjxKdUx5M4FmOd8t.OC2f1WXcDYyAep0SlbcbYDmUeHpu07AlO6INRAXlfYE3nXQgSJbrDg
walkoff_core_api.1.dgq4r551ojm1@ip-192-168-0-16.ap-southeast-2.compute.internal    | INFO:     10.0.3.216:59344 - "GET /walkoff/api/users/permissions/ HTTP/1.0" 200 OK
walkoff_core_api.1.dgq4r551ojm1@ip-192-168-0-16.ap-southeast-2.compute.internal    | cls - user.py <class 'api.server.db.user.UserModel'> <class 'pydantic.main.ModelMetaclass'>
walkoff_core_api.1.dgq4r551ojm1@ip-192-168-0-16.ap-southeast-2.compute.internal    | pwd admin
walkoff_core_api.1.dgq4r551ojm1@ip-192-168-0-16.ap-southeast-2.compute.internal    | vals {'id_': UUID('00000000-0000-6164-6d69-6e5f75736572'), 'hashed': False, 'username': 'admin'}
walkoff_core_api.1.dgq4r551ojm1@ip-192-168-0-16.ap-southeast-2.compute.internal    | cls - user.py <class 'api.server.db.user.UserModel'> <class 'pydantic.main.ModelMetaclass'>
walkoff_core_api.1.dgq4r551ojm1@ip-192-168-0-16.ap-southeast-2.compute.internal    | pwd admin
walkoff_core_api.1.dgq4r551ojm1@ip-192-168-0-16.ap-southeast-2.compute.internal    | vals {'id_': UUID('00000000-0000-6164-6d69-6e5f75736572'), 'hashed': False, 'username': 'admin'}
walkoff_core_api.1.dgq4r551ojm1@ip-192-168-0-16.ap-southeast-2.compute.internal    | pwd-r $pbkdf2-sha512$25000$TIkRonRuLQVAKGVMCaH0Pg$rcuHMfW2K3CvPZXY1zMqky4PmgpEEJRzHlEBkXpU0fdFjJNzh3lynI5cvTBbMl1nHEZXyURRtHIaLXbVkgxnJg
walkoff_core_api.1.dgq4r551ojm1@ip-192-168-0-16.ap-southeast-2.compute.internal    | INFO:     10.0.3.216:59404 - "GET /walkoff/api/users/permissions/ HTTP/1.0" 200 OK
walkoff_core_api.1.dgq4r551ojm1@ip-192-168-0-16.ap-southeast-2.compute.internal    | cls - user.py <class 'api.server.db.user.UserModel'> <class 'pydantic.main.ModelMetaclass'>
walkoff_core_api.1.dgq4r551ojm1@ip-192-168-0-16.ap-southeast-2.compute.internal    | pwd admin
walkoff_core_api.1.dgq4r551ojm1@ip-192-168-0-16.ap-southeast-2.compute.internal    | vals {'id_': UUID('00000000-0000-6164-6d69-6e5f75736572'), 'hashed': False, 'username': 'admin'}
walkoff_core_api.1.dgq4r551ojm1@ip-192-168-0-16.ap-southeast-2.compute.internal    | cls - user.py <class 'api.server.db.user.UserModel'> <class 'pydantic.main.ModelMetaclass'>
walkoff_core_api.1.dgq4r551ojm1@ip-192-168-0-16.ap-southeast-2.compute.internal    | pwd admin
walkoff_core_api.1.dgq4r551ojm1@ip-192-168-0-16.ap-southeast-2.compute.internal    | vals {'id_': UUID('00000000-0000-6164-6d69-6e5f75736572'), 'hashed': False, 'username': 'admin'}
walkoff_core_api.1.dgq4r551ojm1@ip-192-168-0-16.ap-southeast-2.compute.internal    | pwd-r $pbkdf2-sha512$25000$h3BO6f2/l1IqxZgz5pyTUg$iXTW4YPsgPfU5dQaa0OxeBWNJHRI8FFCwSdyudBmbFkT9djB4Qp9ZCpclmENeXqniOxrygINxtaE0Vek5IN/nQ
walkoff_core_api.1.dgq4r551ojm1@ip-192-168-0-16.ap-southeast-2.compute.internal    | INFO:     10.0.3.216:59418 - "GET /walkoff/api/users/permissions/ HTTP/1.0" 200 OK
walkoff_core_api.1.dgq4r551ojm1@ip-192-168-0-16.ap-southeast-2.compute.internal    | cls - user.py <class 'api.server.db.user.UserModel'> <class 'pydantic.main.ModelMetaclass'>
walkoff_core_api.1.dgq4r551ojm1@ip-192-168-0-16.ap-southeast-2.compute.internal    | pwd admin
walkoff_core_api.1.dgq4r551ojm1@ip-192-168-0-16.ap-southeast-2.compute.internal    | vals {'id_': UUID('00000000-0000-6164-6d69-6e5f75736572'), 'hashed': False, 'username': 'admin'}
walkoff_core_api.1.dgq4r551ojm1@ip-192-168-0-16.ap-southeast-2.compute.internal    | cls - user.py <class 'api.server.db.user.UserModel'> <class 'pydantic.main.ModelMetaclass'>
walkoff_core_api.1.dgq4r551ojm1@ip-192-168-0-16.ap-southeast-2.compute.internal    | pwd admin
walkoff_core_api.1.dgq4r551ojm1@ip-192-168-0-16.ap-southeast-2.compute.internal    | vals {'id_': UUID('00000000-0000-6164-6d69-6e5f75736572'), 'hashed': False, 'username': 'admin'}
walkoff_core_api.1.dgq4r551ojm1@ip-192-168-0-16.ap-southeast-2.compute.internal    | pwd-r $pbkdf2-sha512$25000$o9R6T6lV6p1TSmltjVFqzQ$LpI0QWKqpPwgelKLfhZ4Zp.uM1A8J15bGujhb/AOVicWVk1yXbT3qNNJgMSIFyt6n/PJ8KPNo37WaZ6BQ2DSJA
walkoff_core_api.1.dgq4r551ojm1@ip-192-168-0-16.ap-southeast-2.compute.internal    | INFO:     10.0.3.216:59478 - "GET /walkoff/api/users/permissions/ HTTP/1.0" 200 OK
walkoff_core_api.1.dgq4r551ojm1@ip-192-168-0-16.ap-southeast-2.compute.internal    | cls - user.py <class 'api.server.db.user.UserModel'> <class 'pydantic.main.ModelMetaclass'>
walkoff_core_api.1.dgq4r551ojm1@ip-192-168-0-16.ap-southeast-2.compute.internal    | pwd admin
walkoff_core_api.1.dgq4r551ojm1@ip-192-168-0-16.ap-southeast-2.compute.internal    | vals {'id_': UUID('00000000-0000-6164-6d69-6e5f75736572'), 'hashed': False, 'username': 'admin'}
walkoff_core_api.1.dgq4r551ojm1@ip-192-168-0-16.ap-southeast-2.compute.internal    | cls - user.py <class 'api.server.db.user.UserModel'> <class 'pydantic.main.ModelMetaclass'>
walkoff_core_api.1.dgq4r551ojm1@ip-192-168-0-16.ap-southeast-2.compute.internal    | pwd admin
walkoff_core_api.1.dgq4r551ojm1@ip-192-168-0-16.ap-southeast-2.compute.internal    | vals {'id_': UUID('00000000-0000-6164-6d69-6e5f75736572'), 'hashed': False, 'username': 'admin'}
walkoff_core_api.1.dgq4r551ojm1@ip-192-168-0-16.ap-southeast-2.compute.internal    | pwd-r $pbkdf2-sha512$25000$.r/3npMyZkwJAeCcc45Rig$MPto.VKAmkp5Auj/6TX/yQLlUsYq2MKEdST0fzh6sZd5mkKIfwP/ucVp8ypG3nH5NfBWaHiBmFm4dleKS8VIFQ
walkoff_core_api.1.dgq4r551ojm1@ip-192-168-0-16.ap-southeast-2.compute.internal    | INFO:     10.0.3.216:59494 - "GET /walkoff/api/users/permissions/ HTTP/1.0" 200 OK
walkoff_core_api.1.dgq4r551ojm1@ip-192-168-0-16.ap-southeast-2.compute.internal    | cls - user.py <class 'api.server.db.user.UserModel'> <class 'pydantic.main.ModelMetaclass'>
walkoff_core_api.1.dgq4r551ojm1@ip-192-168-0-16.ap-southeast-2.compute.internal    | pwd admin
walkoff_core_api.1.dgq4r551ojm1@ip-192-168-0-16.ap-southeast-2.compute.internal    | vals {'id_': UUID('00000000-0000-6164-6d69-6e5f75736572'), 'hashed': False, 'username': 'admin'}
walkoff_core_api.1.dgq4r551ojm1@ip-192-168-0-16.ap-southeast-2.compute.internal    | cls - user.py <class 'api.server.db.user.UserModel'> <class 'pydantic.main.ModelMetaclass'>
walkoff_core_api.1.dgq4r551ojm1@ip-192-168-0-16.ap-southeast-2.compute.internal    | pwd admin
walkoff_core_api.1.dgq4r551ojm1@ip-192-168-0-16.ap-southeast-2.compute.internal    | vals {'id_': UUID('00000000-0000-6164-6d69-6e5f75736572'), 'hashed': False, 'username': 'admin'}
walkoff_core_api.1.dgq4r551ojm1@ip-192-168-0-16.ap-southeast-2.compute.internal    | pwd-r $pbkdf2-sha512$25000$GkNICWHM.T.HsPY.51yrdQ$7GU5aAXby7uWQ.aPvMpTCtZHcKrZK9XdEx9.5v.W5Z1b8tC2x9wv253d7K/fHIktH6QFN.mQBv3XP02lM9Ct2w
walkoff_core_api.1.dgq4r551ojm1@ip-192-168-0-16.ap-southeast-2.compute.internal    | INFO:     10.0.3.216:59554 - "GET /walkoff/api/users/permissions/ HTTP/1.0" 200 OK
walkoff_core_api.1.dgq4r551ojm1@ip-192-168-0-16.ap-southeast-2.compute.internal    | cls - user.py <class 'api.server.db.user.UserModel'> <class 'pydantic.main.ModelMetaclass'>
walkoff_core_api.1.dgq4r551ojm1@ip-192-168-0-16.ap-southeast-2.compute.internal    | pwd admin
walkoff_core_api.1.dgq4r551ojm1@ip-192-168-0-16.ap-southeast-2.compute.internal    | vals {'id_': UUID('00000000-0000-6164-6d69-6e5f75736572'), 'hashed': False, 'username': 'admin'}
walkoff_core_api.1.dgq4r551ojm1@ip-192-168-0-16.ap-southeast-2.compute.internal    | cls - user.py <class 'api.server.db.user.UserModel'> <class 'pydantic.main.ModelMetaclass'>
walkoff_core_api.1.dgq4r551ojm1@ip-192-168-0-16.ap-southeast-2.compute.internal    | pwd admin
walkoff_core_api.1.dgq4r551ojm1@ip-192-168-0-16.ap-southeast-2.compute.internal    | vals {'id_': UUID('00000000-0000-6164-6d69-6e5f75736572'), 'hashed': False, 'username': 'admin'}
walkoff_core_api.1.dgq4r551ojm1@ip-192-168-0-16.ap-southeast-2.compute.internal    | pwd-r $pbkdf2-sha512$25000$ey9lDEGI0ZpTCqE0hlCq1Q$MjXqzX7GoA4.gJofiSHRAP5Ub7h8lWGcKFXxsKne2XL2vUMjyrIrNt.oE.LgRqErZLx3FO0lurXJ0Am9arytzQ
walkoff_core_api.1.dgq4r551ojm1@ip-192-168-0-16.ap-southeast-2.compute.internal    | INFO:     10.0.3.216:59568 - "GET /walkoff/api/users/permissions/ HTTP/1.0" 200 OK
walkoff_core_api.1.dgq4r551ojm1@ip-192-168-0-16.ap-southeast-2.compute.internal    | cls - user.py <class 'api.server.db.user.UserModel'> <class 'pydantic.main.ModelMetaclass'>
walkoff_core_api.1.dgq4r551ojm1@ip-192-168-0-16.ap-southeast-2.compute.internal    | pwd admin
walkoff_core_api.1.dgq4r551ojm1@ip-192-168-0-16.ap-southeast-2.compute.internal    | vals {'id_': UUID('00000000-0000-6164-6d69-6e5f75736572'), 'hashed': False, 'username': 'admin'}
walkoff_core_api.1.dgq4r551ojm1@ip-192-168-0-16.ap-southeast-2.compute.internal    | cls - user.py <class 'api.server.db.user.UserModel'> <class 'pydantic.main.ModelMetaclass'>
walkoff_core_api.1.dgq4r551ojm1@ip-192-168-0-16.ap-southeast-2.compute.internal    | pwd admin
walkoff_core_api.1.dgq4r551ojm1@ip-192-168-0-16.ap-southeast-2.compute.internal    | vals {'id_': UUID('00000000-0000-6164-6d69-6e5f75736572'), 'hashed': False, 'username': 'admin'}
walkoff_core_api.1.dgq4r551ojm1@ip-192-168-0-16.ap-southeast-2.compute.internal    | pwd-r $pbkdf2-sha512$25000$AIBQSsmZ0xqjNGastdY65w$NRjf4Y6auQUuV/6tYqKzvYqFlmp0CZCrUUZuFQ.r.hlP5OHzhDkTDmLcZ3XEp5Ph3wgaj1o9Ch2XwOyDDe9XCg
walkoff_core_api.1.dgq4r551ojm1@ip-192-168-0-16.ap-southeast-2.compute.internal    | INFO:     10.0.3.216:59628 - "GET /walkoff/api/users/permissions/ HTTP/1.0" 200 OK
walkoff_core_api.1.dgq4r551ojm1@ip-192-168-0-16.ap-southeast-2.compute.internal    | cls - user.py <class 'api.server.db.user.UserModel'> <class 'pydantic.main.ModelMetaclass'>
walkoff_core_api.1.dgq4r551ojm1@ip-192-168-0-16.ap-southeast-2.compute.internal    | pwd admin
walkoff_core_api.1.dgq4r551ojm1@ip-192-168-0-16.ap-southeast-2.compute.internal    | vals {'id_': UUID('00000000-0000-6164-6d69-6e5f75736572'), 'hashed': False, 'username': 'admin'}
walkoff_core_api.1.dgq4r551ojm1@ip-192-168-0-16.ap-southeast-2.compute.internal    | cls - user.py <class 'api.server.db.user.UserModel'> <class 'pydantic.main.ModelMetaclass'>
walkoff_core_api.1.dgq4r551ojm1@ip-192-168-0-16.ap-southeast-2.compute.internal    | pwd admin
walkoff_core_api.1.dgq4r551ojm1@ip-192-168-0-16.ap-southeast-2.compute.internal    | vals {'id_': UUID('00000000-0000-6164-6d69-6e5f75736572'), 'hashed': False, 'username': 'admin'}
walkoff_core_api.1.dgq4r551ojm1@ip-192-168-0-16.ap-southeast-2.compute.internal    | pwd-r $pbkdf2-sha512$25000$otRaK8WYM4bwPseYMyZkjA$zJjPOi7hfBpVGVEU0iIRPod0reJgZGQpVpz6166pMkPHYf6nF4Ku3v5h7pgteyMyPHIvOQAFNxlwS0cp/dxXXQ
walkoff_core_api.1.dgq4r551ojm1@ip-192-168-0-16.ap-southeast-2.compute.internal    | INFO:     10.0.3.216:59646 - "GET /walkoff/api/users/permissions/ HTTP/1.0" 200 OK
walkoff_core_api.1.dgq4r551ojm1@ip-192-168-0-16.ap-southeast-2.compute.internal    | cls - user.py <class 'api.server.db.user.UserModel'> <class 'pydantic.main.ModelMetaclass'>
walkoff_core_api.1.dgq4r551ojm1@ip-192-168-0-16.ap-southeast-2.compute.internal    | pwd admin
walkoff_core_api.1.dgq4r551ojm1@ip-192-168-0-16.ap-southeast-2.compute.internal    | vals {'id_': UUID('00000000-0000-6164-6d69-6e5f75736572'), 'hashed': False, 'username': 'admin'}
walkoff_core_api.1.dgq4r551ojm1@ip-192-168-0-16.ap-southeast-2.compute.internal    | cls - user.py <class 'api.server.db.user.UserModel'> <class 'pydantic.main.ModelMetaclass'>
walkoff_core_api.1.dgq4r551ojm1@ip-192-168-0-16.ap-southeast-2.compute.internal    | pwd admin
walkoff_core_api.1.dgq4r551ojm1@ip-192-168-0-16.ap-southeast-2.compute.internal    | vals {'id_': UUID('00000000-0000-6164-6d69-6e5f75736572'), 'hashed': False, 'username': 'admin'}
walkoff_core_api.1.dgq4r551ojm1@ip-192-168-0-16.ap-southeast-2.compute.internal    | pwd-r $pbkdf2-sha512$25000$/B.D8P5fCwFACAHg3Juz9g$hFtI.1gKEpOOBAe8RAKas5Cj7ysZF2y/8FS3SnsB.wW5oqr.fnXKoZcE/kXH6vtkdtimJA3YazJ9d23RwugO/Q
walkoff_core_api.1.dgq4r551ojm1@ip-192-168-0-16.ap-southeast-2.compute.internal    | INFO:     10.0.3.216:59706 - "GET /walkoff/api/users/permissions/ HTTP/1.0" 200 OK
walkoff_core_api.1.dgq4r551ojm1@ip-192-168-0-16.ap-southeast-2.compute.internal    | cls - user.py <class 'api.server.db.user.UserModel'> <class 'pydantic.main.ModelMetaclass'>
walkoff_core_api.1.dgq4r551ojm1@ip-192-168-0-16.ap-southeast-2.compute.internal    | pwd admin
walkoff_core_api.1.dgq4r551ojm1@ip-192-168-0-16.ap-southeast-2.compute.internal    | vals {'id_': UUID('00000000-0000-6164-6d69-6e5f75736572'), 'hashed': False, 'username': 'admin'}
walkoff_core_api.1.dgq4r551ojm1@ip-192-168-0-16.ap-southeast-2.compute.internal    | cls - user.py <class 'api.server.db.user.UserModel'> <class 'pydantic.main.ModelMetaclass'>
walkoff_core_api.1.dgq4r551ojm1@ip-192-168-0-16.ap-southeast-2.compute.internal    | pwd admin
walkoff_core_api.1.dgq4r551ojm1@ip-192-168-0-16.ap-southeast-2.compute.internal    | vals {'id_': UUID('00000000-0000-6164-6d69-6e5f75736572'), 'hashed': False, 'username': 'admin'}
walkoff_core_api.1.dgq4r551ojm1@ip-192-168-0-16.ap-southeast-2.compute.internal    | pwd-r $pbkdf2-sha512$25000$HsP431trzZmzFqI0BuAcAw$.GC6EKlw/HBzImR/CdfY/IeiU2jD15AQFZH3x.Axb8JITM4a4zEitQvhg9shVR8T/E3t0pB/9cA/xGyzprhuKA
walkoff_core_api.1.dgq4r551ojm1@ip-192-168-0-16.ap-southeast-2.compute.internal    | INFO:     10.0.3.216:59720 - "GET /walkoff/api/users/permissions/ HTTP/1.0" 200 OK
walkoff_core_api.1.dgq4r551ojm1@ip-192-168-0-16.ap-southeast-2.compute.internal    | cls - user.py <class 'api.server.db.user.UserModel'> <class 'pydantic.main.ModelMetaclass'>
walkoff_core_api.1.dgq4r551ojm1@ip-192-168-0-16.ap-southeast-2.compute.internal    | pwd admin
walkoff_core_api.1.dgq4r551ojm1@ip-192-168-0-16.ap-southeast-2.compute.internal    | vals {'id_': UUID('00000000-0000-6164-6d69-6e5f75736572'), 'hashed': False, 'username': 'admin'}
walkoff_core_api.1.dgq4r551ojm1@ip-192-168-0-16.ap-southeast-2.compute.internal    | cls - user.py <class 'api.server.db.user.UserModel'> <class 'pydantic.main.ModelMetaclass'>
walkoff_core_api.1.dgq4r551ojm1@ip-192-168-0-16.ap-southeast-2.compute.internal    | pwd admin
walkoff_core_api.1.dgq4r551ojm1@ip-192-168-0-16.ap-southeast-2.compute.internal    | vals {'id_': UUID('00000000-0000-6164-6d69-6e5f75736572'), 'hashed': False, 'username': 'admin'}
walkoff_core_api.1.dgq4r551ojm1@ip-192-168-0-16.ap-southeast-2.compute.internal    | pwd-r $pbkdf2-sha512$25000$aS2ldA5BCMHY2xuD0DoHIA$FxuQNuI.2do2RgcKAD7qVupp5nw9Ke5BdMtFrROgqpsg9/ShFqXRO6WxgaNys/edanxN0zwqcs4mF9NOLem3WA
walkoff_core_api.1.dgq4r551ojm1@ip-192-168-0-16.ap-southeast-2.compute.internal    | INFO:     10.0.3.216:59782 - "GET /walkoff/api/users/permissions/ HTTP/1.0" 200 OK
walkoff_core_api.1.dgq4r551ojm1@ip-192-168-0-16.ap-southeast-2.compute.internal    | cls - user.py <class 'api.server.db.user.UserModel'> <class 'pydantic.main.ModelMetaclass'>
walkoff_core_api.1.dgq4r551ojm1@ip-192-168-0-16.ap-southeast-2.compute.internal    | pwd admin
walkoff_core_api.1.dgq4r551ojm1@ip-192-168-0-16.ap-southeast-2.compute.internal    | vals {'id_': UUID('00000000-0000-6164-6d69-6e5f75736572'), 'hashed': False, 'username': 'admin'}
walkoff_core_api.1.dgq4r551ojm1@ip-192-168-0-16.ap-southeast-2.compute.internal    | cls - user.py <class 'api.server.db.user.UserModel'> <class 'pydantic.main.ModelMetaclass'>
walkoff_core_api.1.dgq4r551ojm1@ip-192-168-0-16.ap-southeast-2.compute.internal    | pwd admin
walkoff_core_api.1.dgq4r551ojm1@ip-192-168-0-16.ap-southeast-2.compute.internal    | vals {'id_': UUID('00000000-0000-6164-6d69-6e5f75736572'), 'hashed': False, 'username': 'admin'}
walkoff_core_api.1.dgq4r551ojm1@ip-192-168-0-16.ap-southeast-2.compute.internal    | pwd-r $pbkdf2-sha512$25000$4JzTmvPeG8M4B2AsBYCQ8g$6.AD1c2XHND5JlDeDacsA9.aDLCxj0NbM4IYQhfu7Ky5EIoJlLthO6210onxiFVH3wdupdP0z8Aq5mJYJPh2mg
walkoff_core_api.1.dgq4r551ojm1@ip-192-168-0-16.ap-southeast-2.compute.internal    | INFO:     10.0.3.216:59798 - "GET /walkoff/api/users/permissions/ HTTP/1.0" 200 OK
walkoff_core_api.1.dgq4r551ojm1@ip-192-168-0-16.ap-southeast-2.compute.internal    | cls - user.py <class 'api.server.db.user.UserModel'> <class 'pydantic.main.ModelMetaclass'>
walkoff_core_api.1.dgq4r551ojm1@ip-192-168-0-16.ap-southeast-2.compute.internal    | pwd admin
walkoff_core_api.1.dgq4r551ojm1@ip-192-168-0-16.ap-southeast-2.compute.internal    | vals {'id_': UUID('00000000-0000-6164-6d69-6e5f75736572'), 'hashed': False, 'username': 'admin'}
walkoff_core_api.1.dgq4r551ojm1@ip-192-168-0-16.ap-southeast-2.compute.internal    | cls - user.py <class 'api.server.db.user.UserModel'> <class 'pydantic.main.ModelMetaclass'>
walkoff_core_api.1.dgq4r551ojm1@ip-192-168-0-16.ap-southeast-2.compute.internal    | pwd admin
walkoff_core_api.1.dgq4r551ojm1@ip-192-168-0-16.ap-southeast-2.compute.internal    | vals {'id_': UUID('00000000-0000-6164-6d69-6e5f75736572'), 'hashed': False, 'username': 'admin'}
walkoff_core_api.1.dgq4r551ojm1@ip-192-168-0-16.ap-southeast-2.compute.internal    | pwd-r $pbkdf2-sha512$25000$cG6t1VqrNUaIkfI.J0SodQ$RbGw1vUIjpSXSLu5xcnP0XnGZdDXc4fo9ezNvTRd01z4UnPdTeV804ya780CFCxODXhedsiFE0llv153tunsgQ
walkoff_core_api.1.dgq4r551ojm1@ip-192-168-0-16.ap-southeast-2.compute.internal    | INFO:     10.0.3.216:59930 - "GET /walkoff/api/users/permissions/ HTTP/1.0" 200 OK
walkoff_core_api.1.dgq4r551ojm1@ip-192-168-0-16.ap-southeast-2.compute.internal    | cls - user.py <class 'api.server.db.user.UserModel'> <class 'pydantic.main.ModelMetaclass'>
walkoff_core_api.1.dgq4r551ojm1@ip-192-168-0-16.ap-southeast-2.compute.internal    | pwd admin
walkoff_core_api.1.dgq4r551ojm1@ip-192-168-0-16.ap-southeast-2.compute.internal    | vals {'id_': UUID('00000000-0000-6164-6d69-6e5f75736572'), 'hashed': False, 'username': 'admin'}
walkoff_core_api.1.dgq4r551ojm1@ip-192-168-0-16.ap-southeast-2.compute.internal    | cls - user.py <class 'api.server.db.user.UserModel'> <class 'pydantic.main.ModelMetaclass'>
walkoff_core_api.1.dgq4r551ojm1@ip-192-168-0-16.ap-southeast-2.compute.internal    | pwd admin
walkoff_core_api.1.dgq4r551ojm1@ip-192-168-0-16.ap-southeast-2.compute.internal    | vals {'id_': UUID('00000000-0000-6164-6d69-6e5f75736572'), 'hashed': False, 'username': 'admin'}
walkoff_core_api.1.dgq4r551ojm1@ip-192-168-0-16.ap-southeast-2.compute.internal    | pwd-r $pbkdf2-sha512$25000$751zzllrrbVWCqEUgrDWeg$n7P1bdV7DvcJaXNLysEu7GnzJhT1UJbJFNM96R/VZJK9SIonoiiNcI3gdVt7RZr7MJE7QjApe9WbGw3zkLXoeg
walkoff_core_api.1.dgq4r551ojm1@ip-192-168-0-16.ap-southeast-2.compute.internal    | INFO:     10.0.3.216:59978 - "GET /walkoff/api/users/permissions/ HTTP/1.0" 200 OK
walkoff_core_api.1.dgq4r551ojm1@ip-192-168-0-16.ap-southeast-2.compute.internal    | cls - user.py <class 'api.server.db.user.UserModel'> <class 'pydantic.main.ModelMetaclass'>
walkoff_core_api.1.dgq4r551ojm1@ip-192-168-0-16.ap-southeast-2.compute.internal    | pwd admin
walkoff_core_api.1.dgq4r551ojm1@ip-192-168-0-16.ap-southeast-2.compute.internal    | vals {'id_': UUID('00000000-0000-6164-6d69-6e5f75736572'), 'hashed': False, 'username': 'admin'}
walkoff_core_api.1.dgq4r551ojm1@ip-192-168-0-16.ap-southeast-2.compute.internal    | cls - user.py <class 'api.server.db.user.UserModel'> <class 'pydantic.main.ModelMetaclass'>
walkoff_core_api.1.dgq4r551ojm1@ip-192-168-0-16.ap-southeast-2.compute.internal    | pwd admin
walkoff_core_api.1.dgq4r551ojm1@ip-192-168-0-16.ap-southeast-2.compute.internal    | vals {'id_': UUID('00000000-0000-6164-6d69-6e5f75736572'), 'hashed': False, 'username': 'admin'}
walkoff_core_api.1.dgq4r551ojm1@ip-192-168-0-16.ap-southeast-2.compute.internal    | pwd-r $pbkdf2-sha512$25000$npNS6t3bey.F0DqndK5VKg$of/CFTL/KuHkCIj97TldQ9bZUydWMswyL.TUH1u8u64qvYkEhoBtDR3TaqPxU6Se4/.qlnZXZSReIHaYqrmRdA
walkoff_core_api.1.dgq4r551ojm1@ip-192-168-0-16.ap-southeast-2.compute.internal    | INFO:     10.0.3.216:60076 - "GET /walkoff/api/users/permissions/ HTTP/1.0" 200 OK
walkoff_core_api.1.dgq4r551ojm1@ip-192-168-0-16.ap-southeast-2.compute.internal    | cls - user.py <class 'api.server.db.user.UserModel'> <class 'pydantic.main.ModelMetaclass'>
walkoff_core_api.1.dgq4r551ojm1@ip-192-168-0-16.ap-southeast-2.compute.internal    | pwd admin
walkoff_core_api.1.dgq4r551ojm1@ip-192-168-0-16.ap-southeast-2.compute.internal    | vals {'id_': UUID('00000000-0000-6164-6d69-6e5f75736572'), 'hashed': False, 'username': 'admin'}
walkoff_core_api.1.dgq4r551ojm1@ip-192-168-0-16.ap-southeast-2.compute.internal    | cls - user.py <class 'api.server.db.user.UserModel'> <class 'pydantic.main.ModelMetaclass'>
walkoff_core_api.1.dgq4r551ojm1@ip-192-168-0-16.ap-southeast-2.compute.internal    | pwd admin
walkoff_core_api.1.dgq4r551ojm1@ip-192-168-0-16.ap-southeast-2.compute.internal    | vals {'id_': UUID('00000000-0000-6164-6d69-6e5f75736572'), 'hashed': False, 'username': 'admin'}
walkoff_core_api.1.dgq4r551ojm1@ip-192-168-0-16.ap-southeast-2.compute.internal    | pwd-r $pbkdf2-sha512$25000$jDGGUEpJyfk/x/gf4xxDCA$KAEkmwdG.bF/9BTN/B4aXmlw2.urP6QWLbs/0.CQDHVN8NIr601isFqIE42Bjy/PlEBZxoCY7UAHtgl8IWHfHA
walkoff_core_api.1.dgq4r551ojm1@ip-192-168-0-16.ap-southeast-2.compute.internal    | INFO:     10.0.3.216:60124 - "GET /walkoff/api/users/permissions/ HTTP/1.0" 200 OK
walkoff_core_api.1.dgq4r551ojm1@ip-192-168-0-16.ap-southeast-2.compute.internal    | cls - user.py <class 'api.server.db.user.UserModel'> <class 'pydantic.main.ModelMetaclass'>
walkoff_core_api.1.dgq4r551ojm1@ip-192-168-0-16.ap-southeast-2.compute.internal    | pwd admin
walkoff_core_api.1.dgq4r551ojm1@ip-192-168-0-16.ap-southeast-2.compute.internal    | vals {'id_': UUID('00000000-0000-6164-6d69-6e5f75736572'), 'hashed': False, 'username': 'admin'}
walkoff_core_api.1.dgq4r551ojm1@ip-192-168-0-16.ap-southeast-2.compute.internal    | cls - user.py <class 'api.server.db.user.UserModel'> <class 'pydantic.main.ModelMetaclass'>
walkoff_core_api.1.dgq4r551ojm1@ip-192-168-0-16.ap-southeast-2.compute.internal    | pwd admin
walkoff_core_api.1.dgq4r551ojm1@ip-192-168-0-16.ap-southeast-2.compute.internal    | vals {'id_': UUID('00000000-0000-6164-6d69-6e5f75736572'), 'hashed': False, 'username': 'admin'}
walkoff_core_api.1.dgq4r551ojm1@ip-192-168-0-16.ap-southeast-2.compute.internal    | pwd-r $pbkdf2-sha512$25000$U2ptrXXu3fuf03rPuZfSOg$/3jFtmUMK2tGx3xMcnElPWBbhunt2hlPcjhCFc3TEOMSfTBz7qk0PpqWVEFFkzZoQOyBt/b/ngxxSDCt0VAbmw
walkoff_core_api.1.dgq4r551ojm1@ip-192-168-0-16.ap-southeast-2.compute.internal    | INFO:     10.0.3.216:60232 - "GET /walkoff/api/users/permissions/ HTTP/1.0" 200 OK
walkoff_core_api.1.dgq4r551ojm1@ip-192-168-0-16.ap-southeast-2.compute.internal    | cls - user.py <class 'api.server.db.user.UserModel'> <class 'pydantic.main.ModelMetaclass'>
walkoff_core_api.1.dgq4r551ojm1@ip-192-168-0-16.ap-southeast-2.compute.internal    | pwd admin
walkoff_core_api.1.dgq4r551ojm1@ip-192-168-0-16.ap-southeast-2.compute.internal    | vals {'id_': UUID('00000000-0000-6164-6d69-6e5f75736572'), 'hashed': False, 'username': 'admin'}
walkoff_core_api.1.dgq4r551ojm1@ip-192-168-0-16.ap-southeast-2.compute.internal    | cls - user.py <class 'api.server.db.user.UserModel'> <class 'pydantic.main.ModelMetaclass'>
walkoff_core_api.1.dgq4r551ojm1@ip-192-168-0-16.ap-southeast-2.compute.internal    | pwd admin
walkoff_core_api.1.dgq4r551ojm1@ip-192-168-0-16.ap-southeast-2.compute.internal    | vals {'id_': UUID('00000000-0000-6164-6d69-6e5f75736572'), 'hashed': False, 'username': 'admin'}
walkoff_core_api.1.dgq4r551ojm1@ip-192-168-0-16.ap-southeast-2.compute.internal    | pwd-r $pbkdf2-sha512$25000$1XpvrbWWEuI8p9QaA8B47w$O5n92UXw/ArE2z/N6UkKlzdf6tls1PkhDlLcGgbFlsf3m4j6bm/Di8kbIxT3lTNsa8JAitmgzFBLlsvEX/jC.w
walkoff_core_api.1.dgq4r551ojm1@ip-192-168-0-16.ap-southeast-2.compute.internal    | INFO:     10.0.3.216:60248 - "GET /walkoff/api/users/permissions/ HTTP/1.0" 200 OK
walkoff_core_api.1.dgq4r551ojm1@ip-192-168-0-16.ap-southeast-2.compute.internal    | cls - user.py <class 'api.server.db.user.UserModel'> <class 'pydantic.main.ModelMetaclass'>
walkoff_core_api.1.dgq4r551ojm1@ip-192-168-0-16.ap-southeast-2.compute.internal    | pwd admin
walkoff_core_api.1.dgq4r551ojm1@ip-192-168-0-16.ap-southeast-2.compute.internal    | vals {'id_': UUID('00000000-0000-6164-6d69-6e5f75736572'), 'hashed': False, 'username': 'admin'}
walkoff_core_api.1.dgq4r551ojm1@ip-192-168-0-16.ap-southeast-2.compute.internal    | cls - user.py <class 'api.server.db.user.UserModel'> <class 'pydantic.main.ModelMetaclass'>
walkoff_core_api.1.dgq4r551ojm1@ip-192-168-0-16.ap-southeast-2.compute.internal    | pwd admin
walkoff_core_api.1.dgq4r551ojm1@ip-192-168-0-16.ap-southeast-2.compute.internal    | vals {'id_': UUID('00000000-0000-6164-6d69-6e5f75736572'), 'hashed': False, 'username': 'admin'}
walkoff_core_api.1.dgq4r551ojm1@ip-192-168-0-16.ap-southeast-2.compute.internal    | pwd-r $pbkdf2-sha512$25000$KCXEOEfImXMuxVjrnTOmFA$aFgZ2UkxJjApcYO9oGoUeHTN/kRTh7RKmXLcea4NwgWMcEHo0tiNEyIkLKiXzNKy6HpKKQSxpnQEDoF/bFmtrg
walkoff_core_api.1.dgq4r551ojm1@ip-192-168-0-16.ap-southeast-2.compute.internal    | INFO:     10.0.3.216:60298 - "GET /walkoff/api/users/permissions/ HTTP/1.0" 200 OK
walkoff_core_api.1.dgq4r551ojm1@ip-192-168-0-16.ap-southeast-2.compute.internal    | cls - user.py <class 'api.server.db.user.UserModel'> <class 'pydantic.main.ModelMetaclass'>
walkoff_core_api.1.dgq4r551ojm1@ip-192-168-0-16.ap-southeast-2.compute.internal    | pwd admin
walkoff_core_api.1.dgq4r551ojm1@ip-192-168-0-16.ap-southeast-2.compute.internal    | vals {'id_': UUID('00000000-0000-6164-6d69-6e5f75736572'), 'hashed': False, 'username': 'admin'}
walkoff_core_api.1.dgq4r551ojm1@ip-192-168-0-16.ap-southeast-2.compute.internal    | cls - user.py <class 'api.server.db.user.UserModel'> <class 'pydantic.main.ModelMetaclass'>
walkoff_core_api.1.dgq4r551ojm1@ip-192-168-0-16.ap-southeast-2.compute.internal    | pwd admin
walkoff_core_api.1.dgq4r551ojm1@ip-192-168-0-16.ap-southeast-2.compute.internal    | vals {'id_': UUID('00000000-0000-6164-6d69-6e5f75736572'), 'hashed': False, 'username': 'admin'}
walkoff_core_api.1.dgq4r551ojm1@ip-192-168-0-16.ap-southeast-2.compute.internal    | pwd-r $pbkdf2-sha512$25000$hhCi1Bqj1FrrPYeQshailA$IZgTUCMiYQazucjA14PNZDdiwnFAgDh27fRODAPiQRQs5CExUtO61Cp9IVXD3P7MlQET4QbrmC/Rem.vIXRWIA
walkoff_core_api.1.dgq4r551ojm1@ip-192-168-0-16.ap-southeast-2.compute.internal    | INFO:     10.0.3.216:60312 - "GET /walkoff/api/users/permissions/ HTTP/1.0" 200 OK
walkoff_core_api.1.dgq4r551ojm1@ip-192-168-0-16.ap-southeast-2.compute.internal    | cls - user.py <class 'api.server.db.user.UserModel'> <class 'pydantic.main.ModelMetaclass'>
walkoff_core_api.1.dgq4r551ojm1@ip-192-168-0-16.ap-southeast-2.compute.internal    | pwd admin
walkoff_core_api.1.dgq4r551ojm1@ip-192-168-0-16.ap-southeast-2.compute.internal    | vals {'id_': UUID('00000000-0000-6164-6d69-6e5f75736572'), 'hashed': False, 'username': 'admin'}
walkoff_core_api.1.dgq4r551ojm1@ip-192-168-0-16.ap-southeast-2.compute.internal    | cls - user.py <class 'api.server.db.user.UserModel'> <class 'pydantic.main.ModelMetaclass'>
walkoff_core_api.1.dgq4r551ojm1@ip-192-168-0-16.ap-southeast-2.compute.internal    | pwd admin
walkoff_core_api.1.dgq4r551ojm1@ip-192-168-0-16.ap-southeast-2.compute.internal    | vals {'id_': UUID('00000000-0000-6164-6d69-6e5f75736572'), 'hashed': False, 'username': 'admin'}
walkoff_core_api.1.dgq4r551ojm1@ip-192-168-0-16.ap-southeast-2.compute.internal    | pwd-r $pbkdf2-sha512$25000$Vyql1Prf.x8DYEwpxfj/fw$gCge1TwOdJSJzRmWBgOLVAMatvRqBwPStEjcdYJiPaARxBfZZ2/IEONC4c3RwJvg2VA0WQZ3REpMHyXU1ukcmg
walkoff_core_api.1.dgq4r551ojm1@ip-192-168-0-16.ap-southeast-2.compute.internal    | INFO:     10.0.3.216:60372 - "GET /walkoff/api/users/permissions/ HTTP/1.0" 200 OK
walkoff_core_api.1.dgq4r551ojm1@ip-192-168-0-16.ap-southeast-2.compute.internal    | cls - user.py <class 'api.server.db.user.UserModel'> <class 'pydantic.main.ModelMetaclass'>
walkoff_core_api.1.dgq4r551ojm1@ip-192-168-0-16.ap-southeast-2.compute.internal    | pwd admin
walkoff_core_api.1.dgq4r551ojm1@ip-192-168-0-16.ap-southeast-2.compute.internal    | vals {'id_': UUID('00000000-0000-6164-6d69-6e5f75736572'), 'hashed': False, 'username': 'admin'}
walkoff_core_api.1.dgq4r551ojm1@ip-192-168-0-16.ap-southeast-2.compute.internal    | cls - user.py <class 'api.server.db.user.UserModel'> <class 'pydantic.main.ModelMetaclass'>
walkoff_core_api.1.dgq4r551ojm1@ip-192-168-0-16.ap-southeast-2.compute.internal    | pwd admin
walkoff_core_api.1.dgq4r551ojm1@ip-192-168-0-16.ap-southeast-2.compute.internal    | vals {'id_': UUID('00000000-0000-6164-6d69-6e5f75736572'), 'hashed': False, 'username': 'admin'}
walkoff_core_api.1.dgq4r551ojm1@ip-192-168-0-16.ap-southeast-2.compute.internal    | pwd-r $pbkdf2-sha512$25000$ipGy9t6bM6a09l7Lee/9Pw$UinW5ALec3X6eTJzMjLCzacuocaQ1w5hJpgUMuT8Fkmvea.NXlKeBDLbpzAklgCKH3wkNjrVZ/8ysXptdMipnw
walkoff_core_api.1.dgq4r551ojm1@ip-192-168-0-16.ap-southeast-2.compute.internal    | INFO:     10.0.3.216:60388 - "GET /walkoff/api/users/permissions/ HTTP/1.0" 200 OK
walkoff_core_api.1.dgq4r551ojm1@ip-192-168-0-16.ap-southeast-2.compute.internal    | cls - user.py <class 'api.server.db.user.UserModel'> <class 'pydantic.main.ModelMetaclass'>
walkoff_core_api.1.dgq4r551ojm1@ip-192-168-0-16.ap-southeast-2.compute.internal    | pwd admin
walkoff_core_api.1.dgq4r551ojm1@ip-192-168-0-16.ap-southeast-2.compute.internal    | vals {'id_': UUID('00000000-0000-6164-6d69-6e5f75736572'), 'hashed': False, 'username': 'admin'}
walkoff_core_api.1.dgq4r551ojm1@ip-192-168-0-16.ap-southeast-2.compute.internal    | cls - user.py <class 'api.server.db.user.UserModel'> <class 'pydantic.main.ModelMetaclass'>
walkoff_core_api.1.dgq4r551ojm1@ip-192-168-0-16.ap-southeast-2.compute.internal    | pwd admin
walkoff_core_api.1.dgq4r551ojm1@ip-192-168-0-16.ap-southeast-2.compute.internal    | vals {'id_': UUID('00000000-0000-6164-6d69-6e5f75736572'), 'hashed': False, 'username': 'admin'}
walkoff_core_api.1.dgq4r551ojm1@ip-192-168-0-16.ap-southeast-2.compute.internal    | pwd-r $pbkdf2-sha512$25000$ICSEsJayNkboPceYcw5ByA$bdgVDOe19xn/w4rXtv0ZXUASxZiSPiawyUTBUtEm2z891Fn83NJ2Mt9tGFLQMdbZg0vv5SJhyNlf60HRvdRJ0A
walkoff_core_api.1.dgq4r551ojm1@ip-192-168-0-16.ap-southeast-2.compute.internal    | INFO:     10.0.3.216:60450 - "GET /walkoff/api/users/permissions/ HTTP/1.0" 200 OK
walkoff_core_api.1.dgq4r551ojm1@ip-192-168-0-16.ap-southeast-2.compute.internal    | cls - user.py <class 'api.server.db.user.UserModel'> <class 'pydantic.main.ModelMetaclass'>
walkoff_core_api.1.dgq4r551ojm1@ip-192-168-0-16.ap-southeast-2.compute.internal    | pwd admin
walkoff_core_api.1.dgq4r551ojm1@ip-192-168-0-16.ap-southeast-2.compute.internal    | vals {'id_': UUID('00000000-0000-6164-6d69-6e5f75736572'), 'hashed': False, 'username': 'admin'}
walkoff_core_api.1.dgq4r551ojm1@ip-192-168-0-16.ap-southeast-2.compute.internal    | cls - user.py <class 'api.server.db.user.UserModel'> <class 'pydantic.main.ModelMetaclass'>
walkoff_core_api.1.dgq4r551ojm1@ip-192-168-0-16.ap-southeast-2.compute.internal    | pwd admin
walkoff_core_api.1.dgq4r551ojm1@ip-192-168-0-16.ap-southeast-2.compute.internal    | vals {'id_': UUID('00000000-0000-6164-6d69-6e5f75736572'), 'hashed': False, 'username': 'admin'}
walkoff_core_api.1.dgq4r551ojm1@ip-192-168-0-16.ap-southeast-2.compute.internal    | pwd-r $pbkdf2-sha512$25000$LaXUmtN6r1Wq1TqnFIIQog$K4..f2DHFkHkLAZH303fKNAL5XMG4eZrWoYcZRONLrfpnK1WDvmRwJ3uhSrpzwyg3N3p5haMGEmkviDm.6pLXw
walkoff_core_api.1.dgq4r551ojm1@ip-192-168-0-16.ap-southeast-2.compute.internal    | INFO:     10.0.3.216:60464 - "GET /walkoff/api/users/permissions/ HTTP/1.0" 200 OK
walkoff_core_api.1.dgq4r551ojm1@ip-192-168-0-16.ap-southeast-2.compute.internal    | cls - user.py <class 'api.server.db.user.UserModel'> <class 'pydantic.main.ModelMetaclass'>
walkoff_core_api.1.dgq4r551ojm1@ip-192-168-0-16.ap-southeast-2.compute.internal    | pwd admin
walkoff_core_api.1.dgq4r551ojm1@ip-192-168-0-16.ap-southeast-2.compute.internal    | vals {'id_': UUID('00000000-0000-6164-6d69-6e5f75736572'), 'hashed': False, 'username': 'admin'}
walkoff_core_api.1.dgq4r551ojm1@ip-192-168-0-16.ap-southeast-2.compute.internal    | cls - user.py <class 'api.server.db.user.UserModel'> <class 'pydantic.main.ModelMetaclass'>
walkoff_core_api.1.dgq4r551ojm1@ip-192-168-0-16.ap-southeast-2.compute.internal    | pwd admin
walkoff_core_api.1.dgq4r551ojm1@ip-192-168-0-16.ap-southeast-2.compute.internal    | vals {'id_': UUID('00000000-0000-6164-6d69-6e5f75736572'), 'hashed': False, 'username': 'admin'}
walkoff_core_api.1.dgq4r551ojm1@ip-192-168-0-16.ap-southeast-2.compute.internal    | pwd-r $pbkdf2-sha512$25000$qvU.55yzthYihDBmDOF8jw$bKnE/Etwqfd5XUtFupXnF4eN2tb1uMxXJeaUiUMoAnm690sq1YpQ/7S46/f5tEFonyyZrBv44oYSl0tE27LvKg
walkoff_core_api.1.dgq4r551ojm1@ip-192-168-0-16.ap-southeast-2.compute.internal    | INFO:     10.0.3.216:60526 - "GET /walkoff/api/users/permissions/ HTTP/1.0" 200 OK
walkoff_core_api.1.dgq4r551ojm1@ip-192-168-0-16.ap-southeast-2.compute.internal    | cls - user.py <class 'api.server.db.user.UserModel'> <class 'pydantic.main.ModelMetaclass'>
walkoff_core_api.1.dgq4r551ojm1@ip-192-168-0-16.ap-southeast-2.compute.internal    | pwd admin
walkoff_core_api.1.dgq4r551ojm1@ip-192-168-0-16.ap-southeast-2.compute.internal    | vals {'id_': UUID('00000000-0000-6164-6d69-6e5f75736572'), 'hashed': False, 'username': 'admin'}
walkoff_core_api.1.dgq4r551ojm1@ip-192-168-0-16.ap-southeast-2.compute.internal    | cls - user.py <class 'api.server.db.user.UserModel'> <class 'pydantic.main.ModelMetaclass'>
walkoff_core_api.1.dgq4r551ojm1@ip-192-168-0-16.ap-southeast-2.compute.internal    | pwd admin
walkoff_core_api.1.dgq4r551ojm1@ip-192-168-0-16.ap-southeast-2.compute.internal    | vals {'id_': UUID('00000000-0000-6164-6d69-6e5f75736572'), 'hashed': False, 'username': 'admin'}
walkoff_core_api.1.dgq4r551ojm1@ip-192-168-0-16.ap-southeast-2.compute.internal    | pwd-r $pbkdf2-sha512$25000$/v//vzfmfI8Rwvh/b815bw$jokueVcuXS3HqUi0OvcrxRHERFwiXKHCrsZX6raHFE0HaB8r2rWcnrhH5E.O5uzCyQG0Cl2sSaOvoXS8GdO83g
walkoff_core_api.1.dgq4r551ojm1@ip-192-168-0-16.ap-southeast-2.compute.internal    | INFO:     10.0.3.216:60542 - "GET /walkoff/api/users/permissions/ HTTP/1.0" 200 OK
walkoff_core_api.1.dgq4r551ojm1@ip-192-168-0-16.ap-southeast-2.compute.internal    | cls - user.py <class 'api.server.db.user.UserModel'> <class 'pydantic.main.ModelMetaclass'>
walkoff_core_api.1.dgq4r551ojm1@ip-192-168-0-16.ap-southeast-2.compute.internal    | pwd admin
walkoff_core_api.1.dgq4r551ojm1@ip-192-168-0-16.ap-southeast-2.compute.internal    | vals {'id_': UUID('00000000-0000-6164-6d69-6e5f75736572'), 'hashed': False, 'username': 'admin'}
walkoff_core_api.1.dgq4r551ojm1@ip-192-168-0-16.ap-southeast-2.compute.internal    | cls - user.py <class 'api.server.db.user.UserModel'> <class 'pydantic.main.ModelMetaclass'>
walkoff_core_api.1.dgq4r551ojm1@ip-192-168-0-16.ap-southeast-2.compute.internal    | pwd admin
walkoff_core_api.1.dgq4r551ojm1@ip-192-168-0-16.ap-southeast-2.compute.internal    | vals {'id_': UUID('00000000-0000-6164-6d69-6e5f75736572'), 'hashed': False, 'username': 'admin'}
walkoff_core_api.1.dgq4r551ojm1@ip-192-168-0-16.ap-southeast-2.compute.internal    | pwd-r $pbkdf2-sha512$25000$EEKoVWpNqTUmhNAa4/y/tw$agO2xwwcU3oUgiQBekKlbt8U5SzRTa2Xsf7QfIep9J1A3CPQIZXI3ce4O.Nl/bM2Z6n/U3e0GnQoREUS1Yqq0Q
walkoff_core_api.1.dgq4r551ojm1@ip-192-168-0-16.ap-southeast-2.compute.internal    | INFO:     10.0.3.216:60602 - "GET /walkoff/api/users/permissions/ HTTP/1.0" 200 OK
walkoff_core_api.1.dgq4r551ojm1@ip-192-168-0-16.ap-southeast-2.compute.internal    | cls - user.py <class 'api.server.db.user.UserModel'> <class 'pydantic.main.ModelMetaclass'>
walkoff_core_api.1.dgq4r551ojm1@ip-192-168-0-16.ap-southeast-2.compute.internal    | pwd admin
walkoff_core_api.1.dgq4r551ojm1@ip-192-168-0-16.ap-southeast-2.compute.internal    | vals {'id_': UUID('00000000-0000-6164-6d69-6e5f75736572'), 'hashed': False, 'username': 'admin'}
walkoff_core_api.1.dgq4r551ojm1@ip-192-168-0-16.ap-southeast-2.compute.internal    | cls - user.py <class 'api.server.db.user.UserModel'> <class 'pydantic.main.ModelMetaclass'>
walkoff_core_api.1.dgq4r551ojm1@ip-192-168-0-16.ap-southeast-2.compute.internal    | pwd admin
walkoff_core_api.1.dgq4r551ojm1@ip-192-168-0-16.ap-southeast-2.compute.internal    | vals {'id_': UUID('00000000-0000-6164-6d69-6e5f75736572'), 'hashed': False, 'username': 'admin'}
walkoff_core_api.1.dgq4r551ojm1@ip-192-168-0-16.ap-southeast-2.compute.internal    | pwd-r $pbkdf2-sha512$25000$rdXa23sv5XxPyRmDECKklA$aA//bc0HJk.sYdMSJE3yujqQ8wiRv.2vB19eP9Z8UARK8VhVSd7owfzhTVh/jFFICQKYUZg83p1fgBs0Ckzjhw
walkoff_core_api.1.dgq4r551ojm1@ip-192-168-0-16.ap-southeast-2.compute.internal    | INFO:     10.0.3.216:60616 - "GET /walkoff/api/users/permissions/ HTTP/1.0" 200 OK
walkoff_core_api.1.dgq4r551ojm1@ip-192-168-0-16.ap-southeast-2.compute.internal    | cls - user.py <class 'api.server.db.user.UserModel'> <class 'pydantic.main.ModelMetaclass'>
walkoff_core_api.1.dgq4r551ojm1@ip-192-168-0-16.ap-southeast-2.compute.internal    | pwd admin
walkoff_core_api.1.dgq4r551ojm1@ip-192-168-0-16.ap-southeast-2.compute.internal    | vals {'id_': UUID('00000000-0000-6164-6d69-6e5f75736572'), 'hashed': False, 'username': 'admin'}
walkoff_core_api.1.dgq4r551ojm1@ip-192-168-0-16.ap-southeast-2.compute.internal    | cls - user.py <class 'api.server.db.user.UserModel'> <class 'pydantic.main.ModelMetaclass'>
walkoff_core_api.1.dgq4r551ojm1@ip-192-168-0-16.ap-southeast-2.compute.internal    | pwd admin
walkoff_core_api.1.dgq4r551ojm1@ip-192-168-0-16.ap-southeast-2.compute.internal    | vals {'id_': UUID('00000000-0000-6164-6d69-6e5f75736572'), 'hashed': False, 'username': 'admin'}
walkoff_core_api.1.dgq4r551ojm1@ip-192-168-0-16.ap-southeast-2.compute.internal    | pwd-r $pbkdf2-sha512$25000$4BzD.F8L4TynlBLCOMeYMw$tE8nR0WuOGqnQtRZrqzA9oljjzNH5TU0as/9/QbG/iCAX8wGeGKZIaq9StTyti/wv1p9BmmX01VaQ5hFXK0f5Q
walkoff_core_api.1.dgq4r551ojm1@ip-192-168-0-16.ap-southeast-2.compute.internal    | INFO:     10.0.3.216:60676 - "GET /walkoff/api/users/permissions/ HTTP/1.0" 200 OK
walkoff_core_api.1.dgq4r551ojm1@ip-192-168-0-16.ap-southeast-2.compute.internal    | cls - user.py <class 'api.server.db.user.UserModel'> <class 'pydantic.main.ModelMetaclass'>
walkoff_core_api.1.dgq4r551ojm1@ip-192-168-0-16.ap-southeast-2.compute.internal    | pwd admin
walkoff_core_api.1.dgq4r551ojm1@ip-192-168-0-16.ap-southeast-2.compute.internal    | vals {'id_': UUID('00000000-0000-6164-6d69-6e5f75736572'), 'hashed': False, 'username': 'admin'}
walkoff_core_api.1.dgq4r551ojm1@ip-192-168-0-16.ap-southeast-2.compute.internal    | cls - user.py <class 'api.server.db.user.UserModel'> <class 'pydantic.main.ModelMetaclass'>
walkoff_core_api.1.dgq4r551ojm1@ip-192-168-0-16.ap-southeast-2.compute.internal    | pwd admin
walkoff_core_api.1.dgq4r551ojm1@ip-192-168-0-16.ap-southeast-2.compute.internal    | vals {'id_': UUID('00000000-0000-6164-6d69-6e5f75736572'), 'hashed': False, 'username': 'admin'}
walkoff_core_api.1.dgq4r551ojm1@ip-192-168-0-16.ap-southeast-2.compute.internal    | pwd-r $pbkdf2-sha512$25000$CoFwjhECAOC8l/L.3/s/pw$9PZdruKpjEwEvrTmGbN5R.UGjyXYCPUhLq064XdQF3gXNzCpRsXiHbknp364sueKeHZST0yFmYWhdGRzYNaQeg
walkoff_core_api.1.dgq4r551ojm1@ip-192-168-0-16.ap-southeast-2.compute.internal    | INFO:     10.0.3.216:60690 - "GET /walkoff/api/users/permissions/ HTTP/1.0" 200 OK
walkoff_core_api.1.dgq4r551ojm1@ip-192-168-0-16.ap-southeast-2.compute.internal    | cls - user.py <class 'api.server.db.user.UserModel'> <class 'pydantic.main.ModelMetaclass'>
walkoff_core_api.1.dgq4r551ojm1@ip-192-168-0-16.ap-southeast-2.compute.internal    | pwd admin
walkoff_core_api.1.dgq4r551ojm1@ip-192-168-0-16.ap-southeast-2.compute.internal    | vals {'id_': UUID('00000000-0000-6164-6d69-6e5f75736572'), 'hashed': False, 'username': 'admin'}
walkoff_core_api.1.dgq4r551ojm1@ip-192-168-0-16.ap-southeast-2.compute.internal    | cls - user.py <class 'api.server.db.user.UserModel'> <class 'pydantic.main.ModelMetaclass'>
walkoff_core_api.1.dgq4r551ojm1@ip-192-168-0-16.ap-southeast-2.compute.internal    | pwd admin
walkoff_core_api.1.dgq4r551ojm1@ip-192-168-0-16.ap-southeast-2.compute.internal    | vals {'id_': UUID('00000000-0000-6164-6d69-6e5f75736572'), 'hashed': False, 'username': 'admin'}
walkoff_core_api.1.dgq4r551ojm1@ip-192-168-0-16.ap-southeast-2.compute.internal    | pwd-r $pbkdf2-sha512$25000$0pqT8t57T2lNSYkR4vzfmw$RWRRbTBxorBo.kPbIE.t.AqXMSjmma/1aSSNaTLLIUSktYyxGoDo.9BsE37cWobLlOY/5pIzAaVmRI.GcB00YQ
walkoff_core_api.1.dgq4r551ojm1@ip-192-168-0-16.ap-southeast-2.compute.internal    | INFO:     10.0.3.216:60752 - "GET /walkoff/api/users/permissions/ HTTP/1.0" 200 OK
walkoff_core_api.1.dgq4r551ojm1@ip-192-168-0-16.ap-southeast-2.compute.internal    | cls - user.py <class 'api.server.db.user.UserModel'> <class 'pydantic.main.ModelMetaclass'>
walkoff_core_api.1.dgq4r551ojm1@ip-192-168-0-16.ap-southeast-2.compute.internal    | pwd admin
walkoff_core_api.1.dgq4r551ojm1@ip-192-168-0-16.ap-southeast-2.compute.internal    | vals {'id_': UUID('00000000-0000-6164-6d69-6e5f75736572'), 'hashed': False, 'username': 'admin'}
walkoff_core_api.1.dgq4r551ojm1@ip-192-168-0-16.ap-southeast-2.compute.internal    | cls - user.py <class 'api.server.db.user.UserModel'> <class 'pydantic.main.ModelMetaclass'>
walkoff_core_api.1.dgq4r551ojm1@ip-192-168-0-16.ap-southeast-2.compute.internal    | pwd admin
walkoff_core_api.1.dgq4r551ojm1@ip-192-168-0-16.ap-southeast-2.compute.internal    | vals {'id_': UUID('00000000-0000-6164-6d69-6e5f75736572'), 'hashed': False, 'username': 'admin'}
walkoff_core_api.1.dgq4r551ojm1@ip-192-168-0-16.ap-southeast-2.compute.internal    | pwd-r $pbkdf2-sha512$25000$RUjJec9Zq7UWYszZ.z8nBA$/IeCazbaC8dK50r6xQmTn5US8hS1Mv7h/5Z98TbBkiZswauKb5ywHoEfCx34Ps.e30hc/Isannf/jHU3QXpTmg
walkoff_core_api.1.dgq4r551ojm1@ip-192-168-0-16.ap-southeast-2.compute.internal    | INFO:     10.0.3.216:60766 - "GET /walkoff/api/users/permissions/ HTTP/1.0" 200 OK
walkoff_core_api.1.dgq4r551ojm1@ip-192-168-0-16.ap-southeast-2.compute.internal    | cls - user.py <class 'api.server.db.user.UserModel'> <class 'pydantic.main.ModelMetaclass'>
walkoff_core_api.1.dgq4r551ojm1@ip-192-168-0-16.ap-southeast-2.compute.internal    | pwd admin
walkoff_core_api.1.dgq4r551ojm1@ip-192-168-0-16.ap-southeast-2.compute.internal    | vals {'id_': UUID('00000000-0000-6164-6d69-6e5f75736572'), 'hashed': False, 'username': 'admin'}
walkoff_core_api.1.dgq4r551ojm1@ip-192-168-0-16.ap-southeast-2.compute.internal    | cls - user.py <class 'api.server.db.user.UserModel'> <class 'pydantic.main.ModelMetaclass'>
walkoff_core_api.1.dgq4r551ojm1@ip-192-168-0-16.ap-southeast-2.compute.internal    | pwd admin
walkoff_core_api.1.dgq4r551ojm1@ip-192-168-0-16.ap-southeast-2.compute.internal    | vals {'id_': UUID('00000000-0000-6164-6d69-6e5f75736572'), 'hashed': False, 'username': 'admin'}
walkoff_core_api.1.dgq4r551ojm1@ip-192-168-0-16.ap-southeast-2.compute.internal    | pwd-r $pbkdf2-sha512$25000$LqU0BoDwnjOG0Po/B6AUYg$sH6orDeL7Wz5XDVGY9f2lQXCSc1ij7d75TYZRa4THIjKVJW2y6nEMlq8IOq/BznJlW9Fuw4T2j1I7xsmKXCc2g
walkoff_core_api.1.dgq4r551ojm1@ip-192-168-0-16.ap-southeast-2.compute.internal    | INFO:     10.0.3.216:60826 - "GET /walkoff/api/users/permissions/ HTTP/1.0" 200 OK
walkoff_core_api.1.dgq4r551ojm1@ip-192-168-0-16.ap-southeast-2.compute.internal    | cls - user.py <class 'api.server.db.user.UserModel'> <class 'pydantic.main.ModelMetaclass'>
walkoff_core_api.1.dgq4r551ojm1@ip-192-168-0-16.ap-southeast-2.compute.internal    | pwd admin
walkoff_core_api.1.dgq4r551ojm1@ip-192-168-0-16.ap-southeast-2.compute.internal    | vals {'id_': UUID('00000000-0000-6164-6d69-6e5f75736572'), 'hashed': False, 'username': 'admin'}
walkoff_core_api.1.dgq4r551ojm1@ip-192-168-0-16.ap-southeast-2.compute.internal    | cls - user.py <class 'api.server.db.user.UserModel'> <class 'pydantic.main.ModelMetaclass'>
walkoff_core_api.1.dgq4r551ojm1@ip-192-168-0-16.ap-southeast-2.compute.internal    | pwd admin
walkoff_core_api.1.dgq4r551ojm1@ip-192-168-0-16.ap-southeast-2.compute.internal    | vals {'id_': UUID('00000000-0000-6164-6d69-6e5f75736572'), 'hashed': False, 'username': 'admin'}
walkoff_core_api.1.dgq4r551ojm1@ip-192-168-0-16.ap-southeast-2.compute.internal    | pwd-r $pbkdf2-sha512$25000$0xojBKDU.h9DSOl9b21trQ$tiWeJ0L2MOy.84jSMO8QWa7sJS7ijE6yris6DQChGW6opEjzlFQ30GXs7o.FJMBbZk.IwN.vV0Z4WbvDnKp.KQ
walkoff_core_api.1.dgq4r551ojm1@ip-192-168-0-16.ap-southeast-2.compute.internal    | INFO:     10.0.3.216:60840 - "GET /walkoff/api/users/permissions/ HTTP/1.0" 200 OK
walkoff_core_api.1.dgq4r551ojm1@ip-192-168-0-16.ap-southeast-2.compute.internal    | cls - user.py <class 'api.server.db.user.UserModel'> <class 'pydantic.main.ModelMetaclass'>
walkoff_core_api.1.dgq4r551ojm1@ip-192-168-0-16.ap-southeast-2.compute.internal    | pwd admin
walkoff_core_api.1.dgq4r551ojm1@ip-192-168-0-16.ap-southeast-2.compute.internal    | vals {'id_': UUID('00000000-0000-6164-6d69-6e5f75736572'), 'hashed': False, 'username': 'admin'}
walkoff_core_api.1.dgq4r551ojm1@ip-192-168-0-16.ap-southeast-2.compute.internal    | cls - user.py <class 'api.server.db.user.UserModel'> <class 'pydantic.main.ModelMetaclass'>
walkoff_core_api.1.dgq4r551ojm1@ip-192-168-0-16.ap-southeast-2.compute.internal    | pwd admin
walkoff_core_api.1.dgq4r551ojm1@ip-192-168-0-16.ap-southeast-2.compute.internal    | vals {'id_': UUID('00000000-0000-6164-6d69-6e5f75736572'), 'hashed': False, 'username': 'admin'}
walkoff_core_api.1.dgq4r551ojm1@ip-192-168-0-16.ap-southeast-2.compute.internal    | pwd-r $pbkdf2-sha512$25000$QqjVGgPgfM8ZQyiF8D7nvA$H/YgjqS3QtZ1fF6PTtkuFDuqnHACFiMc1URPVFvSBlNevWgHHhiMC4WGRbdFiAtB0dxPUrKL1eJZnrESAmBAwg
walkoff_core_api.1.dgq4r551ojm1@ip-192-168-0-16.ap-southeast-2.compute.internal    | INFO:     10.0.3.216:60902 - "POST /walkoff/api/auth/refresh HTTP/1.0" 200 OK
walkoff_core_api.1.dgq4r551ojm1@ip-192-168-0-16.ap-southeast-2.compute.internal    | cls - user.py <class 'api.server.db.user.UserModel'> <class 'pydantic.main.ModelMetaclass'>
walkoff_core_api.1.dgq4r551ojm1@ip-192-168-0-16.ap-southeast-2.compute.internal    | pwd admin
walkoff_core_api.1.dgq4r551ojm1@ip-192-168-0-16.ap-southeast-2.compute.internal    | vals {'id_': UUID('00000000-0000-6164-6d69-6e5f75736572'), 'hashed': False, 'username': 'admin'}
walkoff_core_api.1.dgq4r551ojm1@ip-192-168-0-16.ap-southeast-2.compute.internal    | cls - user.py <class 'api.server.db.user.UserModel'> <class 'pydantic.main.ModelMetaclass'>
walkoff_core_api.1.dgq4r551ojm1@ip-192-168-0-16.ap-southeast-2.compute.internal    | pwd admin
walkoff_core_api.1.dgq4r551ojm1@ip-192-168-0-16.ap-southeast-2.compute.internal    | vals {'id_': UUID('00000000-0000-6164-6d69-6e5f75736572'), 'hashed': False, 'username': 'admin'}
walkoff_core_api.1.dgq4r551ojm1@ip-192-168-0-16.ap-southeast-2.compute.internal    | pwd-r $pbkdf2-sha512$25000$wBgD4HwvBaBUSsmZM2ZMCQ$nJLCX87YMCRdQ4.RC3vVfxK2tXjklsAu1qMDApRFkXLY.DgUImL6DsQTAhyvp/8f9slCeBvmvQyBogRyBOumMg
walkoff_core_api.1.dgq4r551ojm1@ip-192-168-0-16.ap-southeast-2.compute.internal    | INFO:     10.0.3.216:60904 - "GET /walkoff/api/users/permissions/ HTTP/1.0" 200 OK
walkoff_core_api.1.dgq4r551ojm1@ip-192-168-0-16.ap-southeast-2.compute.internal    | cls - user.py <class 'api.server.db.user.UserModel'> <class 'pydantic.main.ModelMetaclass'>
walkoff_core_api.1.dgq4r551ojm1@ip-192-168-0-16.ap-southeast-2.compute.internal    | pwd admin
walkoff_core_api.1.dgq4r551ojm1@ip-192-168-0-16.ap-southeast-2.compute.internal    | vals {'id_': UUID('00000000-0000-6164-6d69-6e5f75736572'), 'hashed': False, 'username': 'admin'}
walkoff_core_api.1.dgq4r551ojm1@ip-192-168-0-16.ap-southeast-2.compute.internal    | cls - user.py <class 'api.server.db.user.UserModel'> <class 'pydantic.main.ModelMetaclass'>
walkoff_core_api.1.dgq4r551ojm1@ip-192-168-0-16.ap-southeast-2.compute.internal    | pwd admin
walkoff_core_api.1.dgq4r551ojm1@ip-192-168-0-16.ap-southeast-2.compute.internal    | vals {'id_': UUID('00000000-0000-6164-6d69-6e5f75736572'), 'hashed': False, 'username': 'admin'}
walkoff_core_api.1.dgq4r551ojm1@ip-192-168-0-16.ap-southeast-2.compute.internal    | pwd-r $pbkdf2-sha512$25000$phTifC8FYExJyVlrLQVAKA$D6tBUXHsVhmWqpRRNQYcctFT6og8kAO.GrRESlglgm6A24LFmLye5RJWrz1BNP55zWWnaah20ThFza5VtLuZkw
walkoff_core_api.1.dgq4r551ojm1@ip-192-168-0-16.ap-southeast-2.compute.internal    | INFO:     10.0.3.216:60918 - "GET /walkoff/api/users/permissions/ HTTP/1.0" 200 OK
walkoff_core_api.1.dgq4r551ojm1@ip-192-168-0-16.ap-southeast-2.compute.internal    | cls - user.py <class 'api.server.db.user.UserModel'> <class 'pydantic.main.ModelMetaclass'>
walkoff_core_api.1.dgq4r551ojm1@ip-192-168-0-16.ap-southeast-2.compute.internal    | pwd admin
walkoff_core_api.1.dgq4r551ojm1@ip-192-168-0-16.ap-southeast-2.compute.internal    | vals {'id_': UUID('00000000-0000-6164-6d69-6e5f75736572'), 'hashed': False, 'username': 'admin'}
walkoff_core_api.1.dgq4r551ojm1@ip-192-168-0-16.ap-southeast-2.compute.internal    | cls - user.py <class 'api.server.db.user.UserModel'> <class 'pydantic.main.ModelMetaclass'>
walkoff_core_api.1.dgq4r551ojm1@ip-192-168-0-16.ap-southeast-2.compute.internal    | pwd admin
walkoff_core_api.1.dgq4r551ojm1@ip-192-168-0-16.ap-southeast-2.compute.internal    | vals {'id_': UUID('00000000-0000-6164-6d69-6e5f75736572'), 'hashed': False, 'username': 'admin'}
walkoff_core_api.1.dgq4r551ojm1@ip-192-168-0-16.ap-southeast-2.compute.internal    | pwd-r $pbkdf2-sha512$25000$iPEeA6B07t3bG2NsrVVKaQ$do5sW2.BSWGMDObbUk8Dh8/3i5AxyxksVfjDZgT4hQ0GNGxk8RxTeB41CYNobTKom0tDGhqYLjEtsueLpODmUw
walkoff_core_api.1.dgq4r551ojm1@ip-192-168-0-16.ap-southeast-2.compute.internal    | INFO:     10.0.3.216:60978 - "GET /walkoff/api/users/permissions/ HTTP/1.0" 200 OK
walkoff_core_api.1.dgq4r551ojm1@ip-192-168-0-16.ap-southeast-2.compute.internal    | cls - user.py <class 'api.server.db.user.UserModel'> <class 'pydantic.main.ModelMetaclass'>
walkoff_core_api.1.dgq4r551ojm1@ip-192-168-0-16.ap-southeast-2.compute.internal    | pwd admin
walkoff_core_api.1.dgq4r551ojm1@ip-192-168-0-16.ap-southeast-2.compute.internal    | vals {'id_': UUID('00000000-0000-6164-6d69-6e5f75736572'), 'hashed': False, 'username': 'admin'}
walkoff_core_api.1.dgq4r551ojm1@ip-192-168-0-16.ap-southeast-2.compute.internal    | cls - user.py <class 'api.server.db.user.UserModel'> <class 'pydantic.main.ModelMetaclass'>
walkoff_core_api.1.dgq4r551ojm1@ip-192-168-0-16.ap-southeast-2.compute.internal    | pwd admin
walkoff_core_api.1.dgq4r551ojm1@ip-192-168-0-16.ap-southeast-2.compute.internal    | vals {'id_': UUID('00000000-0000-6164-6d69-6e5f75736572'), 'hashed': False, 'username': 'admin'}
walkoff_core_api.1.dgq4r551ojm1@ip-192-168-0-16.ap-southeast-2.compute.internal    | pwd-r $pbkdf2-sha512$25000$zznHOAdg7P3fe./dW0tpTQ$I.uH0yuh0HGQcfrPa8/ejT.JJo2KgLMGwsSlmhNZNIww/FtYHvwDkZtmoBvNu.y6pziB2Nb7YKaZXpFnfdaIyg
walkoff_core_api.1.dgq4r551ojm1@ip-192-168-0-16.ap-southeast-2.compute.internal    | INFO:     10.0.3.216:60992 - "GET /walkoff/api/users/permissions/ HTTP/1.0" 200 OK
walkoff_core_api.1.dgq4r551ojm1@ip-192-168-0-16.ap-southeast-2.compute.internal    | cls - user.py <class 'api.server.db.user.UserModel'> <class 'pydantic.main.ModelMetaclass'>
walkoff_core_api.1.dgq4r551ojm1@ip-192-168-0-16.ap-southeast-2.compute.internal    | pwd admin
walkoff_core_api.1.dgq4r551ojm1@ip-192-168-0-16.ap-southeast-2.compute.internal    | vals {'id_': UUID('00000000-0000-6164-6d69-6e5f75736572'), 'hashed': False, 'username': 'admin'}
walkoff_core_api.1.dgq4r551ojm1@ip-192-168-0-16.ap-southeast-2.compute.internal    | cls - user.py <class 'api.server.db.user.UserModel'> <class 'pydantic.main.ModelMetaclass'>
walkoff_core_api.1.dgq4r551ojm1@ip-192-168-0-16.ap-southeast-2.compute.internal    | pwd admin
walkoff_core_api.1.dgq4r551ojm1@ip-192-168-0-16.ap-southeast-2.compute.internal    | vals {'id_': UUID('00000000-0000-6164-6d69-6e5f75736572'), 'hashed': False, 'username': 'admin'}
walkoff_core_api.1.dgq4r551ojm1@ip-192-168-0-16.ap-southeast-2.compute.internal    | pwd-r $pbkdf2-sha512$25000$Pec8JySEUCql9F4rhXBuLQ$m/DKA5BXkvmNzNYqMp4T7XXOzJD3C6y83Gdx/HziP/9aOVKAm4qEv3vcTSZnGwT5bGWcVygZIXzIPLyLYrw.dQ
walkoff_core_api.1.dgq4r551ojm1@ip-192-168-0-16.ap-southeast-2.compute.internal    | INFO:     10.0.3.216:32892 - "GET /walkoff/api/users/permissions/ HTTP/1.0" 200 OK
walkoff_core_api.1.dgq4r551ojm1@ip-192-168-0-16.ap-southeast-2.compute.internal    | cls - user.py <class 'api.server.db.user.UserModel'> <class 'pydantic.main.ModelMetaclass'>
walkoff_core_api.1.dgq4r551ojm1@ip-192-168-0-16.ap-southeast-2.compute.internal    | pwd admin
walkoff_core_api.1.dgq4r551ojm1@ip-192-168-0-16.ap-southeast-2.compute.internal    | vals {'id_': UUID('00000000-0000-6164-6d69-6e5f75736572'), 'hashed': False, 'username': 'admin'}
walkoff_core_api.1.dgq4r551ojm1@ip-192-168-0-16.ap-southeast-2.compute.internal    | cls - user.py <class 'api.server.db.user.UserModel'> <class 'pydantic.main.ModelMetaclass'>
walkoff_core_api.1.dgq4r551ojm1@ip-192-168-0-16.ap-southeast-2.compute.internal    | pwd admin
walkoff_core_api.1.dgq4r551ojm1@ip-192-168-0-16.ap-southeast-2.compute.internal    | vals {'id_': UUID('00000000-0000-6164-6d69-6e5f75736572'), 'hashed': False, 'username': 'admin'}
walkoff_core_api.1.dgq4r551ojm1@ip-192-168-0-16.ap-southeast-2.compute.internal    | pwd-r $pbkdf2-sha512$25000$s/YeA8AYQ8g5J4TwHsN4jw$8sPav4pj7f3d8Y/JMJ0YCnuWbGSHnK2a785fZKFeV8p6BFXFPKy8TWDSIYG0prxjuyv0xEX145kuITbyHVljmQ
walkoff_core_api.1.dgq4r551ojm1@ip-192-168-0-16.ap-southeast-2.compute.internal    | INFO:     10.0.3.216:32942 - "GET /walkoff/api/users/permissions/ HTTP/1.0" 200 OK
walkoff_core_api.1.dgq4r551ojm1@ip-192-168-0-16.ap-southeast-2.compute.internal    | cls - user.py <class 'api.server.db.user.UserModel'> <class 'pydantic.main.ModelMetaclass'>
walkoff_core_api.1.dgq4r551ojm1@ip-192-168-0-16.ap-southeast-2.compute.internal    | pwd admin
walkoff_core_api.1.dgq4r551ojm1@ip-192-168-0-16.ap-southeast-2.compute.internal    | vals {'id_': UUID('00000000-0000-6164-6d69-6e5f75736572'), 'hashed': False, 'username': 'admin'}
walkoff_core_api.1.dgq4r551ojm1@ip-192-168-0-16.ap-southeast-2.compute.internal    | cls - user.py <class 'api.server.db.user.UserModel'> <class 'pydantic.main.ModelMetaclass'>
walkoff_core_api.1.dgq4r551ojm1@ip-192-168-0-16.ap-southeast-2.compute.internal    | pwd admin
walkoff_core_api.1.dgq4r551ojm1@ip-192-168-0-16.ap-southeast-2.compute.internal    | vals {'id_': UUID('00000000-0000-6164-6d69-6e5f75736572'), 'hashed': False, 'username': 'admin'}
walkoff_core_api.1.dgq4r551ojm1@ip-192-168-0-16.ap-southeast-2.compute.internal    | pwd-r $pbkdf2-sha512$25000$DEEopdSa0zoHQMg5JyTEOA$DpRy6htG2e8Kz7BmfImgZS29Dxda4YLIVupNpIbtMD2spxhwmh9nBLgmHLAShO/5K4GlpxGFuvJQ9tibwZ7lag
walkoff_core_api.1.dgq4r551ojm1@ip-192-168-0-16.ap-southeast-2.compute.internal    | INFO:     10.0.3.216:33042 - "GET /walkoff/api/users/permissions/ HTTP/1.0" 200 OK
walkoff_core_api.1.dgq4r551ojm1@ip-192-168-0-16.ap-southeast-2.compute.internal    | cls - user.py <class 'api.server.db.user.UserModel'> <class 'pydantic.main.ModelMetaclass'>
walkoff_core_api.1.dgq4r551ojm1@ip-192-168-0-16.ap-southeast-2.compute.internal    | pwd admin
walkoff_core_api.1.dgq4r551ojm1@ip-192-168-0-16.ap-southeast-2.compute.internal    | vals {'id_': UUID('00000000-0000-6164-6d69-6e5f75736572'), 'hashed': False, 'username': 'admin'}
walkoff_core_api.1.dgq4r551ojm1@ip-192-168-0-16.ap-southeast-2.compute.internal    | cls - user.py <class 'api.server.db.user.UserModel'> <class 'pydantic.main.ModelMetaclass'>
walkoff_core_api.1.dgq4r551ojm1@ip-192-168-0-16.ap-southeast-2.compute.internal    | pwd admin
walkoff_core_api.1.dgq4r551ojm1@ip-192-168-0-16.ap-southeast-2.compute.internal    | vals {'id_': UUID('00000000-0000-6164-6d69-6e5f75736572'), 'hashed': False, 'username': 'admin'}
walkoff_core_api.1.dgq4r551ojm1@ip-192-168-0-16.ap-southeast-2.compute.internal    | pwd-r $pbkdf2-sha512$25000$mBMi5Nx7r9V6730Pwdibsw$Fp2he5EpWpnpo2.2sfDfqt6ZWR5pbyX6cNtQKiIbn9MQr.Ow2/6C7m7rCLC6xaG1iCtP/Wd2wRFRtEN9HbX2MQ
walkoff_core_api.1.dgq4r551ojm1@ip-192-168-0-16.ap-southeast-2.compute.internal    | INFO:     10.0.3.216:33092 - "GET /walkoff/api/users/permissions/ HTTP/1.0" 200 OK
walkoff_core_api.1.dgq4r551ojm1@ip-192-168-0-16.ap-southeast-2.compute.internal    | cls - user.py <class 'api.server.db.user.UserModel'> <class 'pydantic.main.ModelMetaclass'>
walkoff_core_api.1.dgq4r551ojm1@ip-192-168-0-16.ap-southeast-2.compute.internal    | pwd admin
walkoff_core_api.1.dgq4r551ojm1@ip-192-168-0-16.ap-southeast-2.compute.internal    | vals {'id_': UUID('00000000-0000-6164-6d69-6e5f75736572'), 'hashed': False, 'username': 'admin'}
walkoff_core_api.1.dgq4r551ojm1@ip-192-168-0-16.ap-southeast-2.compute.internal    | cls - user.py <class 'api.server.db.user.UserModel'> <class 'pydantic.main.ModelMetaclass'>
walkoff_core_api.1.dgq4r551ojm1@ip-192-168-0-16.ap-southeast-2.compute.internal    | pwd admin
walkoff_core_api.1.dgq4r551ojm1@ip-192-168-0-16.ap-southeast-2.compute.internal    | vals {'id_': UUID('00000000-0000-6164-6d69-6e5f75736572'), 'hashed': False, 'username': 'admin'}
walkoff_core_api.1.dgq4r551ojm1@ip-192-168-0-16.ap-southeast-2.compute.internal    | pwd-r $pbkdf2-sha512$25000$sLaWUmptDeH8f691DkFICQ$9X6QkSpjyLL7a1xpxIGBwwxsBxNO5G9hYXNI935S0Mg.pcBmAi5bhzMpoIhqhB4g61kY0B.PipVAryAWOQLUPQ
walkoff_core_api.1.dgq4r551ojm1@ip-192-168-0-16.ap-southeast-2.compute.internal    | INFO:     10.0.3.216:33192 - "GET /walkoff/api/users/permissions/ HTTP/1.0" 200 OK
walkoff_core_api.1.dgq4r551ojm1@ip-192-168-0-16.ap-southeast-2.compute.internal    | cls - user.py <class 'api.server.db.user.UserModel'> <class 'pydantic.main.ModelMetaclass'>
walkoff_core_api.1.dgq4r551ojm1@ip-192-168-0-16.ap-southeast-2.compute.internal    | pwd admin
walkoff_core_api.1.dgq4r551ojm1@ip-192-168-0-16.ap-southeast-2.compute.internal    | vals {'id_': UUID('00000000-0000-6164-6d69-6e5f75736572'), 'hashed': False, 'username': 'admin'}
walkoff_core_api.1.dgq4r551ojm1@ip-192-168-0-16.ap-southeast-2.compute.internal    | cls - user.py <class 'api.server.db.user.UserModel'> <class 'pydantic.main.ModelMetaclass'>
walkoff_core_api.1.dgq4r551ojm1@ip-192-168-0-16.ap-southeast-2.compute.internal    | pwd admin
walkoff_core_api.1.dgq4r551ojm1@ip-192-168-0-16.ap-southeast-2.compute.internal    | vals {'id_': UUID('00000000-0000-6164-6d69-6e5f75736572'), 'hashed': False, 'username': 'admin'}
walkoff_core_api.1.dgq4r551ojm1@ip-192-168-0-16.ap-southeast-2.compute.internal    | pwd-r $pbkdf2-sha512$25000$hDBmrHUOgZAyptT6n7MW4g$ZZ/atGIvpaVfxsBVTtNC9Avt1j3B7MSxg6MkkKRwJ7mr560t6.4Tmvw7v9Fc/K1eyKlFDO5rXGgPc/DZ9V6/Ww
walkoff_core_api.1.dgq4r551ojm1@ip-192-168-0-16.ap-southeast-2.compute.internal    | INFO:     10.0.3.216:33230 - "GET /walkoff/api/users/permissions/ HTTP/1.0" 200 OK
walkoff_core_api.1.dgq4r551ojm1@ip-192-168-0-16.ap-southeast-2.compute.internal    | cls - user.py <class 'api.server.db.user.UserModel'> <class 'pydantic.main.ModelMetaclass'>
walkoff_core_api.1.dgq4r551ojm1@ip-192-168-0-16.ap-southeast-2.compute.internal    | pwd admin
walkoff_core_api.1.dgq4r551ojm1@ip-192-168-0-16.ap-southeast-2.compute.internal    | vals {'id_': UUID('00000000-0000-6164-6d69-6e5f75736572'), 'hashed': False, 'username': 'admin'}
walkoff_core_api.1.dgq4r551ojm1@ip-192-168-0-16.ap-southeast-2.compute.internal    | cls - user.py <class 'api.server.db.user.UserModel'> <class 'pydantic.main.ModelMetaclass'>
walkoff_core_api.1.dgq4r551ojm1@ip-192-168-0-16.ap-southeast-2.compute.internal    | pwd admin
walkoff_core_api.1.dgq4r551ojm1@ip-192-168-0-16.ap-southeast-2.compute.internal    | vals {'id_': UUID('00000000-0000-6164-6d69-6e5f75736572'), 'hashed': False, 'username': 'admin'}
walkoff_core_api.1.dgq4r551ojm1@ip-192-168-0-16.ap-southeast-2.compute.internal    | pwd-r $pbkdf2-sha512$25000$LoUwBoDQmlPKuffeO.ccww$PRqAsC5nZb/kVQ6DL/QgkrOgHbwDgnVovb1st0Cwo71lXdyPBamrW7t.oeXeC5a32G3uBMOUgwdaB4N/cMV5vQ
walkoff_core_api.1.dgq4r551ojm1@ip-192-168-0-16.ap-southeast-2.compute.internal    | INFO:     10.0.3.216:33346 - "GET /walkoff/api/users/permissions/ HTTP/1.0" 200 OK
walkoff_core_api.1.dgq4r551ojm1@ip-192-168-0-16.ap-southeast-2.compute.internal    | cls - user.py <class 'api.server.db.user.UserModel'> <class 'pydantic.main.ModelMetaclass'>
walkoff_core_api.1.dgq4r551ojm1@ip-192-168-0-16.ap-southeast-2.compute.internal    | pwd admin
walkoff_core_api.1.dgq4r551ojm1@ip-192-168-0-16.ap-southeast-2.compute.internal    | vals {'id_': UUID('00000000-0000-6164-6d69-6e5f75736572'), 'hashed': False, 'username': 'admin'}
walkoff_core_api.1.dgq4r551ojm1@ip-192-168-0-16.ap-southeast-2.compute.internal    | cls - user.py <class 'api.server.db.user.UserModel'> <class 'pydantic.main.ModelMetaclass'>
walkoff_core_api.1.dgq4r551ojm1@ip-192-168-0-16.ap-southeast-2.compute.internal    | pwd admin
walkoff_core_api.1.dgq4r551ojm1@ip-192-168-0-16.ap-southeast-2.compute.internal    | vals {'id_': UUID('00000000-0000-6164-6d69-6e5f75736572'), 'hashed': False, 'username': 'admin'}
walkoff_core_api.1.dgq4r551ojm1@ip-192-168-0-16.ap-southeast-2.compute.internal    | pwd-r $pbkdf2-sha512$25000$hHBOSanVmnNurVWK0ZqTkg$/Dnn2.zYw8K89WIVJyK3z0B7Q5UU9nnWQX4Thq.EebcafMKAU35C9a74tzN8HC.HISAcuLzNGYk8nJv0wvV7ug
walkoff_core_api.1.dgq4r551ojm1@ip-192-168-0-16.ap-southeast-2.compute.internal    | INFO:     10.0.3.216:33374 - "GET /walkoff/api/users/permissions/ HTTP/1.0" 200 OK
walkoff_core_api.1.dgq4r551ojm1@ip-192-168-0-16.ap-southeast-2.compute.internal    | cls - user.py <class 'api.server.db.user.UserModel'> <class 'pydantic.main.ModelMetaclass'>
walkoff_core_api.1.dgq4r551ojm1@ip-192-168-0-16.ap-southeast-2.compute.internal    | pwd admin
walkoff_core_api.1.dgq4r551ojm1@ip-192-168-0-16.ap-southeast-2.compute.internal    | vals {'id_': UUID('00000000-0000-6164-6d69-6e5f75736572'), 'hashed': False, 'username': 'admin'}
walkoff_core_api.1.dgq4r551ojm1@ip-192-168-0-16.ap-southeast-2.compute.internal    | cls - user.py <class 'api.server.db.user.UserModel'> <class 'pydantic.main.ModelMetaclass'>
walkoff_core_api.1.dgq4r551ojm1@ip-192-168-0-16.ap-southeast-2.compute.internal    | pwd admin
walkoff_core_api.1.dgq4r551ojm1@ip-192-168-0-16.ap-southeast-2.compute.internal    | vals {'id_': UUID('00000000-0000-6164-6d69-6e5f75736572'), 'hashed': False, 'username': 'admin'}
walkoff_core_api.1.dgq4r551ojm1@ip-192-168-0-16.ap-southeast-2.compute.internal    | pwd-r $pbkdf2-sha512$25000$Oqe09l7rvbcWIoSQUqqVMg$UrDWeVvVCKR5j3SL22b8bsYe8zh/fnc8BENyMf7MWo3nxaB/jAC5y0j3sXqogaGqBxZta9CMvRsPJRZT22vUCg
walkoff_core_api.1.dgq4r551ojm1@ip-192-168-0-16.ap-southeast-2.compute.internal    | INFO:     10.0.3.216:33412 - "GET /walkoff/api/users/permissions/ HTTP/1.0" 200 OK
walkoff_core_api.1.dgq4r551ojm1@ip-192-168-0-16.ap-southeast-2.compute.internal    | cls - user.py <class 'api.server.db.user.UserModel'> <class 'pydantic.main.ModelMetaclass'>
walkoff_core_api.1.dgq4r551ojm1@ip-192-168-0-16.ap-southeast-2.compute.internal    | pwd admin
walkoff_core_api.1.dgq4r551ojm1@ip-192-168-0-16.ap-southeast-2.compute.internal    | vals {'id_': UUID('00000000-0000-6164-6d69-6e5f75736572'), 'hashed': False, 'username': 'admin'}
walkoff_core_api.1.dgq4r551ojm1@ip-192-168-0-16.ap-southeast-2.compute.internal    | cls - user.py <class 'api.server.db.user.UserModel'> <class 'pydantic.main.ModelMetaclass'>
walkoff_core_api.1.dgq4r551ojm1@ip-192-168-0-16.ap-southeast-2.compute.internal    | pwd admin
walkoff_core_api.1.dgq4r551ojm1@ip-192-168-0-16.ap-southeast-2.compute.internal    | vals {'id_': UUID('00000000-0000-6164-6d69-6e5f75736572'), 'hashed': False, 'username': 'admin'}
walkoff_core_api.1.dgq4r551ojm1@ip-192-168-0-16.ap-southeast-2.compute.internal    | pwd-r $pbkdf2-sha512$25000$MYbQeq/1HiMEwFgLwfi/9w$FbvcsFSx2Et4mvNTGkKgnM659vOeo8mGzzsyebI/.iWq6.RwDmhePWD01QXDmjRu.emxyAsk16QXuPpp4l3m9Q
walkoff_core_api.1.dgq4r551ojm1@ip-192-168-0-16.ap-southeast-2.compute.internal    | INFO:     10.0.3.216:33426 - "GET /walkoff/api/users/permissions/ HTTP/1.0" 200 OK
walkoff_core_api.1.dgq4r551ojm1@ip-192-168-0-16.ap-southeast-2.compute.internal    | cls - user.py <class 'api.server.db.user.UserModel'> <class 'pydantic.main.ModelMetaclass'>
walkoff_core_api.1.dgq4r551ojm1@ip-192-168-0-16.ap-southeast-2.compute.internal    | pwd admin
walkoff_core_api.1.dgq4r551ojm1@ip-192-168-0-16.ap-southeast-2.compute.internal    | vals {'id_': UUID('00000000-0000-6164-6d69-6e5f75736572'), 'hashed': False, 'username': 'admin'}
walkoff_core_api.1.dgq4r551ojm1@ip-192-168-0-16.ap-southeast-2.compute.internal    | cls - user.py <class 'api.server.db.user.UserModel'> <class 'pydantic.main.ModelMetaclass'>
walkoff_core_api.1.dgq4r551ojm1@ip-192-168-0-16.ap-southeast-2.compute.internal    | pwd admin
walkoff_core_api.1.dgq4r551ojm1@ip-192-168-0-16.ap-southeast-2.compute.internal    | vals {'id_': UUID('00000000-0000-6164-6d69-6e5f75736572'), 'hashed': False, 'username': 'admin'}
walkoff_core_api.1.dgq4r551ojm1@ip-192-168-0-16.ap-southeast-2.compute.internal    | pwd-r $pbkdf2-sha512$25000$Z6wVwphTyllrLcV4r/W.9w$RZpw.qZ2bjujtfEnwlUblSAhjaCaxmLeD9FJMlPe1JlyscWPhV8qdtXABbBHP.GFVTEtrxPTi5LLUF91/eH0Vw
walkoff_core_api.1.dgq4r551ojm1@ip-192-168-0-16.ap-southeast-2.compute.internal    | INFO:     10.0.3.216:33486 - "GET /walkoff/api/users/permissions/ HTTP/1.0" 200 OK
walkoff_core_api.1.dgq4r551ojm1@ip-192-168-0-16.ap-southeast-2.compute.internal    | cls - user.py <class 'api.server.db.user.UserModel'> <class 'pydantic.main.ModelMetaclass'>
walkoff_core_api.1.dgq4r551ojm1@ip-192-168-0-16.ap-southeast-2.compute.internal    | pwd admin
walkoff_core_api.1.dgq4r551ojm1@ip-192-168-0-16.ap-southeast-2.compute.internal    | vals {'id_': UUID('00000000-0000-6164-6d69-6e5f75736572'), 'hashed': False, 'username': 'admin'}
walkoff_core_api.1.dgq4r551ojm1@ip-192-168-0-16.ap-southeast-2.compute.internal    | cls - user.py <class 'api.server.db.user.UserModel'> <class 'pydantic.main.ModelMetaclass'>
walkoff_core_api.1.dgq4r551ojm1@ip-192-168-0-16.ap-southeast-2.compute.internal    | pwd admin
walkoff_core_api.1.dgq4r551ojm1@ip-192-168-0-16.ap-southeast-2.compute.internal    | vals {'id_': UUID('00000000-0000-6164-6d69-6e5f75736572'), 'hashed': False, 'username': 'admin'}
walkoff_core_api.1.dgq4r551ojm1@ip-192-168-0-16.ap-southeast-2.compute.internal    | pwd-r $pbkdf2-sha512$25000$KWWM8V4rRWhtjTHG.J.ztg$/NXMNonISmOkMOQ.UKFiqibEz./sYB8iTUvJXkHtLvtqFcraiIGeDzEINoYQ3RSkuD8Jjlxyuh3..I5d6stkuA
walkoff_core_api.1.dgq4r551ojm1@ip-192-168-0-16.ap-southeast-2.compute.internal    | INFO:     10.0.3.216:33500 - "GET /walkoff/api/users/permissions/ HTTP/1.0" 200 OK
walkoff_core_api.1.dgq4r551ojm1@ip-192-168-0-16.ap-southeast-2.compute.internal    | cls - user.py <class 'api.server.db.user.UserModel'> <class 'pydantic.main.ModelMetaclass'>
walkoff_core_api.1.dgq4r551ojm1@ip-192-168-0-16.ap-southeast-2.compute.internal    | pwd admin
walkoff_core_api.1.dgq4r551ojm1@ip-192-168-0-16.ap-southeast-2.compute.internal    | vals {'id_': UUID('00000000-0000-6164-6d69-6e5f75736572'), 'hashed': False, 'username': 'admin'}
walkoff_core_api.1.dgq4r551ojm1@ip-192-168-0-16.ap-southeast-2.compute.internal    | cls - user.py <class 'api.server.db.user.UserModel'> <class 'pydantic.main.ModelMetaclass'>
walkoff_core_api.1.dgq4r551ojm1@ip-192-168-0-16.ap-southeast-2.compute.internal    | pwd admin
walkoff_core_api.1.dgq4r551ojm1@ip-192-168-0-16.ap-southeast-2.compute.internal    | vals {'id_': UUID('00000000-0000-6164-6d69-6e5f75736572'), 'hashed': False, 'username': 'admin'}
walkoff_core_api.1.dgq4r551ojm1@ip-192-168-0-16.ap-southeast-2.compute.internal    | pwd-r $pbkdf2-sha512$25000$NaY0pjRGSEnpPaf0XgthLA$LNr/eecl/9O63ATJ3cak3xNE1kAN5YJJZ5AQ8mBU7M0mjDwZNx1F.5xhK7WtlDdsqX7JrsWFrbaYV2Fr9jyNmw
walkoff_core_api.1.dgq4r551ojm1@ip-192-168-0-16.ap-southeast-2.compute.internal    | INFO:     10.0.3.216:33566 - "GET /walkoff/api/users/permissions/ HTTP/1.0" 200 OK
walkoff_core_api.1.dgq4r551ojm1@ip-192-168-0-16.ap-southeast-2.compute.internal    | cls - user.py <class 'api.server.db.user.UserModel'> <class 'pydantic.main.ModelMetaclass'>
walkoff_core_api.1.dgq4r551ojm1@ip-192-168-0-16.ap-southeast-2.compute.internal    | pwd admin
walkoff_core_api.1.dgq4r551ojm1@ip-192-168-0-16.ap-southeast-2.compute.internal    | vals {'id_': UUID('00000000-0000-6164-6d69-6e5f75736572'), 'hashed': False, 'username': 'admin'}
walkoff_core_api.1.dgq4r551ojm1@ip-192-168-0-16.ap-southeast-2.compute.internal    | cls - user.py <class 'api.server.db.user.UserModel'> <class 'pydantic.main.ModelMetaclass'>
walkoff_core_api.1.dgq4r551ojm1@ip-192-168-0-16.ap-southeast-2.compute.internal    | pwd admin
walkoff_core_api.1.dgq4r551ojm1@ip-192-168-0-16.ap-southeast-2.compute.internal    | vals {'id_': UUID('00000000-0000-6164-6d69-6e5f75736572'), 'hashed': False, 'username': 'admin'}
walkoff_core_api.1.dgq4r551ojm1@ip-192-168-0-16.ap-southeast-2.compute.internal    | pwd-r $pbkdf2-sha512$25000$Rug9B6DUOocQIsQYQ.g9pw$1IvisNeKaNUxzJj7VqMeFgQPue44qeFt41RwBVZXyt2B1KeeTLZCWT.lmTi1CFPwAUTY1JYVq54oSoHLlndg8A
walkoff_core_api.1.dgq4r551ojm1@ip-192-168-0-16.ap-southeast-2.compute.internal    | INFO:     10.0.3.216:33580 - "GET /walkoff/api/users/permissions/ HTTP/1.0" 200 OK
walkoff_core_api.1.dgq4r551ojm1@ip-192-168-0-16.ap-southeast-2.compute.internal    | cls - user.py <class 'api.server.db.user.UserModel'> <class 'pydantic.main.ModelMetaclass'>
walkoff_core_api.1.dgq4r551ojm1@ip-192-168-0-16.ap-southeast-2.compute.internal    | pwd admin
walkoff_core_api.1.dgq4r551ojm1@ip-192-168-0-16.ap-southeast-2.compute.internal    | vals {'id_': UUID('00000000-0000-6164-6d69-6e5f75736572'), 'hashed': False, 'username': 'admin'}
walkoff_core_api.1.dgq4r551ojm1@ip-192-168-0-16.ap-southeast-2.compute.internal    | cls - user.py <class 'api.server.db.user.UserModel'> <class 'pydantic.main.ModelMetaclass'>
walkoff_core_api.1.dgq4r551ojm1@ip-192-168-0-16.ap-southeast-2.compute.internal    | pwd admin
walkoff_core_api.1.dgq4r551ojm1@ip-192-168-0-16.ap-southeast-2.compute.internal    | vals {'id_': UUID('00000000-0000-6164-6d69-6e5f75736572'), 'hashed': False, 'username': 'admin'}
walkoff_core_api.1.dgq4r551ojm1@ip-192-168-0-16.ap-southeast-2.compute.internal    | pwd-r $pbkdf2-sha512$25000$UsoZIwSAEEJIyXnvHaPUOg$ataNYGayEI8.utQAldjuRlSho7CDIztVxqdeDw8.Rcf6gvxfgVxo0hTwkjCyDuE9/HNtRDWaigduMbcqcRe6Rw
walkoff_core_api.1.dgq4r551ojm1@ip-192-168-0-16.ap-southeast-2.compute.internal    | INFO:     10.0.3.216:33640 - "GET /walkoff/api/users/permissions/ HTTP/1.0" 200 OK
walkoff_core_api.1.dgq4r551ojm1@ip-192-168-0-16.ap-southeast-2.compute.internal    | cls - user.py <class 'api.server.db.user.UserModel'> <class 'pydantic.main.ModelMetaclass'>
walkoff_core_api.1.dgq4r551ojm1@ip-192-168-0-16.ap-southeast-2.compute.internal    | pwd admin
walkoff_core_api.1.dgq4r551ojm1@ip-192-168-0-16.ap-southeast-2.compute.internal    | vals {'id_': UUID('00000000-0000-6164-6d69-6e5f75736572'), 'hashed': False, 'username': 'admin'}
walkoff_core_api.1.dgq4r551ojm1@ip-192-168-0-16.ap-southeast-2.compute.internal    | cls - user.py <class 'api.server.db.user.UserModel'> <class 'pydantic.main.ModelMetaclass'>
walkoff_core_api.1.dgq4r551ojm1@ip-192-168-0-16.ap-southeast-2.compute.internal    | pwd admin
walkoff_core_api.1.dgq4r551ojm1@ip-192-168-0-16.ap-southeast-2.compute.internal    | vals {'id_': UUID('00000000-0000-6164-6d69-6e5f75736572'), 'hashed': False, 'username': 'admin'}
walkoff_core_api.1.dgq4r551ojm1@ip-192-168-0-16.ap-southeast-2.compute.internal    | pwd-r $pbkdf2-sha512$25000$1hqjlNLa.98bQ2iNsbY2Zg$XsXm2sfre9tgkvw3z7WSx7Jsw4lbO4eTposCOWrHFzChsrFou4ULourZZPC.L8RblZggLR1Y7xRpI/f6ECbGrg
walkoff_core_api.1.dgq4r551ojm1@ip-192-168-0-16.ap-southeast-2.compute.internal    | INFO:     10.0.3.216:33654 - "GET /walkoff/api/users/permissions/ HTTP/1.0" 200 OK
walkoff_core_api.1.dgq4r551ojm1@ip-192-168-0-16.ap-southeast-2.compute.internal    | cls - user.py <class 'api.server.db.user.UserModel'> <class 'pydantic.main.ModelMetaclass'>
walkoff_core_api.1.dgq4r551ojm1@ip-192-168-0-16.ap-southeast-2.compute.internal    | pwd admin
walkoff_core_api.1.dgq4r551ojm1@ip-192-168-0-16.ap-southeast-2.compute.internal    | vals {'id_': UUID('00000000-0000-6164-6d69-6e5f75736572'), 'hashed': False, 'username': 'admin'}
walkoff_core_api.1.dgq4r551ojm1@ip-192-168-0-16.ap-southeast-2.compute.internal    | cls - user.py <class 'api.server.db.user.UserModel'> <class 'pydantic.main.ModelMetaclass'>
walkoff_core_api.1.dgq4r551ojm1@ip-192-168-0-16.ap-southeast-2.compute.internal    | pwd admin
walkoff_core_api.1.dgq4r551ojm1@ip-192-168-0-16.ap-southeast-2.compute.internal    | vals {'id_': UUID('00000000-0000-6164-6d69-6e5f75736572'), 'hashed': False, 'username': 'admin'}
walkoff_core_api.1.dgq4r551ojm1@ip-192-168-0-16.ap-southeast-2.compute.internal    | pwd-r $pbkdf2-sha512$25000$XqsVgpDS2ltLKUUoJWRMCQ$02UITcAytl4JD7d7DPOsssCaCCaenXxbvaGnjQWRLh4ip0C0awOr/XeYWNtJ5HHMbQ0DwKjRUdlKR0q918RDHg
walkoff_core_api.1.dgq4r551ojm1@ip-192-168-0-16.ap-southeast-2.compute.internal    | INFO:     10.0.3.216:33716 - "GET /walkoff/api/users/permissions/ HTTP/1.0" 200 OK
walkoff_core_api.1.dgq4r551ojm1@ip-192-168-0-16.ap-southeast-2.compute.internal    | cls - user.py <class 'api.server.db.user.UserModel'> <class 'pydantic.main.ModelMetaclass'>
walkoff_core_api.1.dgq4r551ojm1@ip-192-168-0-16.ap-southeast-2.compute.internal    | pwd admin
walkoff_core_api.1.dgq4r551ojm1@ip-192-168-0-16.ap-southeast-2.compute.internal    | vals {'id_': UUID('00000000-0000-6164-6d69-6e5f75736572'), 'hashed': False, 'username': 'admin'}
walkoff_core_api.1.dgq4r551ojm1@ip-192-168-0-16.ap-southeast-2.compute.internal    | cls - user.py <class 'api.server.db.user.UserModel'> <class 'pydantic.main.ModelMetaclass'>
walkoff_core_api.1.dgq4r551ojm1@ip-192-168-0-16.ap-southeast-2.compute.internal    | pwd admin
walkoff_core_api.1.dgq4r551ojm1@ip-192-168-0-16.ap-southeast-2.compute.internal    | vals {'id_': UUID('00000000-0000-6164-6d69-6e5f75736572'), 'hashed': False, 'username': 'admin'}
walkoff_core_api.1.dgq4r551ojm1@ip-192-168-0-16.ap-southeast-2.compute.internal    | pwd-r $pbkdf2-sha512$25000$gpByrtW6NybEeK91zhnjnA$Y9EKs1S0gI4/AtXMA3.ujpchQ3Wlh24RFKgj6cPI4vjMLq7emPaiGwM69.ZfejKrHUzzjGCLFF33ceXgPptEAw
walkoff_core_api.1.dgq4r551ojm1@ip-192-168-0-16.ap-southeast-2.compute.internal    | INFO:     10.0.3.216:33732 - "GET /walkoff/api/users/permissions/ HTTP/1.0" 200 OK
walkoff_core_api.1.dgq4r551ojm1@ip-192-168-0-16.ap-southeast-2.compute.internal    | cls - user.py <class 'api.server.db.user.UserModel'> <class 'pydantic.main.ModelMetaclass'>
walkoff_core_api.1.dgq4r551ojm1@ip-192-168-0-16.ap-southeast-2.compute.internal    | pwd admin
walkoff_core_api.1.dgq4r551ojm1@ip-192-168-0-16.ap-southeast-2.compute.internal    | vals {'id_': UUID('00000000-0000-6164-6d69-6e5f75736572'), 'hashed': False, 'username': 'admin'}
walkoff_core_api.1.dgq4r551ojm1@ip-192-168-0-16.ap-southeast-2.compute.internal    | cls - user.py <class 'api.server.db.user.UserModel'> <class 'pydantic.main.ModelMetaclass'>
walkoff_core_api.1.dgq4r551ojm1@ip-192-168-0-16.ap-southeast-2.compute.internal    | pwd admin
walkoff_core_api.1.dgq4r551ojm1@ip-192-168-0-16.ap-southeast-2.compute.internal    | vals {'id_': UUID('00000000-0000-6164-6d69-6e5f75736572'), 'hashed': False, 'username': 'admin'}
walkoff_core_api.1.dgq4r551ojm1@ip-192-168-0-16.ap-southeast-2.compute.internal    | pwd-r $pbkdf2-sha512$25000$CsF4r7U2xphzjlHqHYPwHg$w7l.q5SGzGBdYAttlcRfzpeNfOUqyBZ4oE6s4.izAqfYN/RooqlcoZJoGgh.5TACVOm2ACqFlGvqazLiX1EWcQ
walkoff_core_api.1.dgq4r551ojm1@ip-192-168-0-16.ap-southeast-2.compute.internal    | INFO:     10.0.3.216:33794 - "GET /walkoff/api/users/permissions/ HTTP/1.0" 200 OK
walkoff_core_api.1.dgq4r551ojm1@ip-192-168-0-16.ap-southeast-2.compute.internal    | cls - user.py <class 'api.server.db.user.UserModel'> <class 'pydantic.main.ModelMetaclass'>
walkoff_core_api.1.dgq4r551ojm1@ip-192-168-0-16.ap-southeast-2.compute.internal    | pwd admin
walkoff_core_api.1.dgq4r551ojm1@ip-192-168-0-16.ap-southeast-2.compute.internal    | vals {'id_': UUID('00000000-0000-6164-6d69-6e5f75736572'), 'hashed': False, 'username': 'admin'}
walkoff_core_api.1.dgq4r551ojm1@ip-192-168-0-16.ap-southeast-2.compute.internal    | cls - user.py <class 'api.server.db.user.UserModel'> <class 'pydantic.main.ModelMetaclass'>
walkoff_core_api.1.dgq4r551ojm1@ip-192-168-0-16.ap-southeast-2.compute.internal    | pwd admin
walkoff_core_api.1.dgq4r551ojm1@ip-192-168-0-16.ap-southeast-2.compute.internal    | vals {'id_': UUID('00000000-0000-6164-6d69-6e5f75736572'), 'hashed': False, 'username': 'admin'}
walkoff_core_api.1.dgq4r551ojm1@ip-192-168-0-16.ap-southeast-2.compute.internal    | pwd-r $pbkdf2-sha512$25000$23svpdTaOwegNGbMee.99w$FaG1F1M8JHwIF6vz5WtZyoTb/oUw1QyMxB/2.5UjTVcopuEfeyDyM5OhRNh6UtbXVv9gDG6S59pZbl/asCVCuQ
walkoff_core_api.1.dgq4r551ojm1@ip-192-168-0-16.ap-southeast-2.compute.internal    | INFO:     10.0.3.216:33808 - "GET /walkoff/api/users/permissions/ HTTP/1.0" 200 OK
walkoff_core_api.1.dgq4r551ojm1@ip-192-168-0-16.ap-southeast-2.compute.internal    | cls - user.py <class 'api.server.db.user.UserModel'> <class 'pydantic.main.ModelMetaclass'>
walkoff_core_api.1.dgq4r551ojm1@ip-192-168-0-16.ap-southeast-2.compute.internal    | pwd admin
walkoff_core_api.1.dgq4r551ojm1@ip-192-168-0-16.ap-southeast-2.compute.internal    | vals {'id_': UUID('00000000-0000-6164-6d69-6e5f75736572'), 'hashed': False, 'username': 'admin'}
walkoff_core_api.1.dgq4r551ojm1@ip-192-168-0-16.ap-southeast-2.compute.internal    | cls - user.py <class 'api.server.db.user.UserModel'> <class 'pydantic.main.ModelMetaclass'>
walkoff_core_api.1.dgq4r551ojm1@ip-192-168-0-16.ap-southeast-2.compute.internal    | pwd admin
walkoff_core_api.1.dgq4r551ojm1@ip-192-168-0-16.ap-southeast-2.compute.internal    | vals {'id_': UUID('00000000-0000-6164-6d69-6e5f75736572'), 'hashed': False, 'username': 'admin'}
walkoff_core_api.1.dgq4r551ojm1@ip-192-168-0-16.ap-southeast-2.compute.internal    | pwd-r $pbkdf2-sha512$25000$Yyzl/F/LGeMcY0zJ.X9vbQ$MSrKQyzNKmOqWSy/6XLgJGCwjaAswZLNMW3kCA4ZLaFkuGdS7fUlUFHbRUYlW7OB2cGgswGt3.iXLe.Fn8FisQ
walkoff_core_api.1.dgq4r551ojm1@ip-192-168-0-16.ap-southeast-2.compute.internal    | INFO:     10.0.3.216:33868 - "GET /walkoff/api/users/permissions/ HTTP/1.0" 200 OK
walkoff_core_api.1.dgq4r551ojm1@ip-192-168-0-16.ap-southeast-2.compute.internal    | cls - user.py <class 'api.server.db.user.UserModel'> <class 'pydantic.main.ModelMetaclass'>
walkoff_core_api.1.dgq4r551ojm1@ip-192-168-0-16.ap-southeast-2.compute.internal    | pwd admin
walkoff_core_api.1.dgq4r551ojm1@ip-192-168-0-16.ap-southeast-2.compute.internal    | vals {'id_': UUID('00000000-0000-6164-6d69-6e5f75736572'), 'hashed': False, 'username': 'admin'}
walkoff_core_api.1.dgq4r551ojm1@ip-192-168-0-16.ap-southeast-2.compute.internal    | cls - user.py <class 'api.server.db.user.UserModel'> <class 'pydantic.main.ModelMetaclass'>
walkoff_core_api.1.dgq4r551ojm1@ip-192-168-0-16.ap-southeast-2.compute.internal    | pwd admin
walkoff_core_api.1.dgq4r551ojm1@ip-192-168-0-16.ap-southeast-2.compute.internal    | vals {'id_': UUID('00000000-0000-6164-6d69-6e5f75736572'), 'hashed': False, 'username': 'admin'}
walkoff_core_api.1.dgq4r551ojm1@ip-192-168-0-16.ap-southeast-2.compute.internal    | pwd-r $pbkdf2-sha512$25000$Tsk5B2AspZQS4jynlDLGGA$stpcEHBDJc73.9yOIhPbaljJ8vLei6.mTEMscsBDQfDI1KPkN4dVR2F0DUz4Ca3WqYUUPmzw6zl3jw.T3n2nPA
walkoff_core_api.1.dgq4r551ojm1@ip-192-168-0-16.ap-southeast-2.compute.internal    | INFO:     10.0.3.216:33884 - "GET /walkoff/api/users/permissions/ HTTP/1.0" 200 OK
walkoff_core_api.1.dgq4r551ojm1@ip-192-168-0-16.ap-southeast-2.compute.internal    | cls - user.py <class 'api.server.db.user.UserModel'> <class 'pydantic.main.ModelMetaclass'>
walkoff_core_api.1.dgq4r551ojm1@ip-192-168-0-16.ap-southeast-2.compute.internal    | pwd admin
walkoff_core_api.1.dgq4r551ojm1@ip-192-168-0-16.ap-southeast-2.compute.internal    | vals {'id_': UUID('00000000-0000-6164-6d69-6e5f75736572'), 'hashed': False, 'username': 'admin'}
walkoff_core_api.1.dgq4r551ojm1@ip-192-168-0-16.ap-southeast-2.compute.internal    | cls - user.py <class 'api.server.db.user.UserModel'> <class 'pydantic.main.ModelMetaclass'>
walkoff_core_api.1.dgq4r551ojm1@ip-192-168-0-16.ap-southeast-2.compute.internal    | pwd admin
walkoff_core_api.1.dgq4r551ojm1@ip-192-168-0-16.ap-southeast-2.compute.internal    | vals {'id_': UUID('00000000-0000-6164-6d69-6e5f75736572'), 'hashed': False, 'username': 'admin'}
walkoff_core_api.1.dgq4r551ojm1@ip-192-168-0-16.ap-southeast-2.compute.internal    | pwd-r $pbkdf2-sha512$25000$sNb6n5PSGmPsXYvxvrf2ng$/SKBDTwMiFuw8lkrdFG.fu50dr5uP8cV4K7HeVcyCSRGgxBq.iaZNShHNLtco.8iYL7WZPqrJtdyCFFi8iADZg
walkoff_core_api.1.dgq4r551ojm1@ip-192-168-0-16.ap-southeast-2.compute.internal    | INFO:     10.0.3.216:33944 - "GET /walkoff/api/users/permissions/ HTTP/1.0" 200 OK
walkoff_core_api.1.dgq4r551ojm1@ip-192-168-0-16.ap-southeast-2.compute.internal    | cls - user.py <class 'api.server.db.user.UserModel'> <class 'pydantic.main.ModelMetaclass'>
walkoff_core_api.1.dgq4r551ojm1@ip-192-168-0-16.ap-southeast-2.compute.internal    | pwd admin
walkoff_core_api.1.dgq4r551ojm1@ip-192-168-0-16.ap-southeast-2.compute.internal    | vals {'id_': UUID('00000000-0000-6164-6d69-6e5f75736572'), 'hashed': False, 'username': 'admin'}
walkoff_core_api.1.dgq4r551ojm1@ip-192-168-0-16.ap-southeast-2.compute.internal    | cls - user.py <class 'api.server.db.user.UserModel'> <class 'pydantic.main.ModelMetaclass'>
walkoff_core_api.1.dgq4r551ojm1@ip-192-168-0-16.ap-southeast-2.compute.internal    | pwd admin
walkoff_core_api.1.dgq4r551ojm1@ip-192-168-0-16.ap-southeast-2.compute.internal    | vals {'id_': UUID('00000000-0000-6164-6d69-6e5f75736572'), 'hashed': False, 'username': 'admin'}
walkoff_core_api.1.dgq4r551ojm1@ip-192-168-0-16.ap-southeast-2.compute.internal    | pwd-r $pbkdf2-sha512$25000$GUPoPceYU8rZW2vNmROCMA$43LHs1LQ83MI1iaW0K0L3wfuFV2OSbcSi2AmaE6vlaMrZPP2xy.GpaQGvqGWaRObbJXn3Lds8huMUi8EWPBzAg
walkoff_core_api.1.dgq4r551ojm1@ip-192-168-0-16.ap-southeast-2.compute.internal    | INFO:     10.0.3.216:33958 - "GET /walkoff/api/users/permissions/ HTTP/1.0" 200 OK
walkoff_core_api.1.dgq4r551ojm1@ip-192-168-0-16.ap-southeast-2.compute.internal    | cls - user.py <class 'api.server.db.user.UserModel'> <class 'pydantic.main.ModelMetaclass'>
walkoff_core_api.1.dgq4r551ojm1@ip-192-168-0-16.ap-southeast-2.compute.internal    | pwd admin
walkoff_core_api.1.dgq4r551ojm1@ip-192-168-0-16.ap-southeast-2.compute.internal    | vals {'id_': UUID('00000000-0000-6164-6d69-6e5f75736572'), 'hashed': False, 'username': 'admin'}
walkoff_core_api.1.dgq4r551ojm1@ip-192-168-0-16.ap-southeast-2.compute.internal    | cls - user.py <class 'api.server.db.user.UserModel'> <class 'pydantic.main.ModelMetaclass'>
walkoff_core_api.1.dgq4r551ojm1@ip-192-168-0-16.ap-southeast-2.compute.internal    | pwd admin
walkoff_core_api.1.dgq4r551ojm1@ip-192-168-0-16.ap-southeast-2.compute.internal    | vals {'id_': UUID('00000000-0000-6164-6d69-6e5f75736572'), 'hashed': False, 'username': 'admin'}
walkoff_core_api.1.dgq4r551ojm1@ip-192-168-0-16.ap-southeast-2.compute.internal    | pwd-r $pbkdf2-sha512$25000$b22NsfY.B6A0ZgyhFMKY8w$v9KBQCQJaKn.IgRPGLm/8YH9mvzGwRnOxUZBWh33O5Gi8aTsMEs7mBS94Lq6iYZR7CkasHOjjT6Y4aeaUmDSDg
walkoff_core_api.1.dgq4r551ojm1@ip-192-168-0-16.ap-southeast-2.compute.internal    | INFO:     10.0.3.216:34016 - "GET /walkoff/api/users/permissions/ HTTP/1.0" 200 OK
walkoff_core_api.1.dgq4r551ojm1@ip-192-168-0-16.ap-southeast-2.compute.internal    | cls - user.py <class 'api.server.db.user.UserModel'> <class 'pydantic.main.ModelMetaclass'>
walkoff_core_api.1.dgq4r551ojm1@ip-192-168-0-16.ap-southeast-2.compute.internal    | pwd admin
walkoff_core_api.1.dgq4r551ojm1@ip-192-168-0-16.ap-southeast-2.compute.internal    | vals {'id_': UUID('00000000-0000-6164-6d69-6e5f75736572'), 'hashed': False, 'username': 'admin'}
walkoff_core_api.1.dgq4r551ojm1@ip-192-168-0-16.ap-southeast-2.compute.internal    | cls - user.py <class 'api.server.db.user.UserModel'> <class 'pydantic.main.ModelMetaclass'>
walkoff_core_api.1.dgq4r551ojm1@ip-192-168-0-16.ap-southeast-2.compute.internal    | pwd admin
walkoff_core_api.1.dgq4r551ojm1@ip-192-168-0-16.ap-southeast-2.compute.internal    | vals {'id_': UUID('00000000-0000-6164-6d69-6e5f75736572'), 'hashed': False, 'username': 'admin'}
walkoff_core_api.1.dgq4r551ojm1@ip-192-168-0-16.ap-southeast-2.compute.internal    | pwd-r $pbkdf2-sha512$25000$Mkao9b43xpizFgIgBADgPA$sNpVQkKKl.v/8XyqduyooYbAfqXEGGwOTfHzy238A4sx27G63umyT5/uaz7XsNcUhtj0odOcLOrTq8ePiJazDw
walkoff_core_api.1.dgq4r551ojm1@ip-192-168-0-16.ap-southeast-2.compute.internal    | INFO:     10.0.3.216:34034 - "GET /walkoff/api/users/permissions/ HTTP/1.0" 200 OK
walkoff_core_api.1.dgq4r551ojm1@ip-192-168-0-16.ap-southeast-2.compute.internal    | cls - user.py <class 'api.server.db.user.UserModel'> <class 'pydantic.main.ModelMetaclass'>
walkoff_core_api.1.dgq4r551ojm1@ip-192-168-0-16.ap-southeast-2.compute.internal    | pwd admin
walkoff_core_api.1.dgq4r551ojm1@ip-192-168-0-16.ap-southeast-2.compute.internal    | vals {'id_': UUID('00000000-0000-6164-6d69-6e5f75736572'), 'hashed': False, 'username': 'admin'}
walkoff_core_api.1.dgq4r551ojm1@ip-192-168-0-16.ap-southeast-2.compute.internal    | cls - user.py <class 'api.server.db.user.UserModel'> <class 'pydantic.main.ModelMetaclass'>
walkoff_core_api.1.dgq4r551ojm1@ip-192-168-0-16.ap-southeast-2.compute.internal    | pwd admin
walkoff_core_api.1.dgq4r551ojm1@ip-192-168-0-16.ap-southeast-2.compute.internal    | vals {'id_': UUID('00000000-0000-6164-6d69-6e5f75736572'), 'hashed': False, 'username': 'admin'}
walkoff_core_api.1.dgq4r551ojm1@ip-192-168-0-16.ap-southeast-2.compute.internal    | pwd-r $pbkdf2-sha512$25000$V.r9X6vV.h.DUCplbA0BoA$n3hAP5340IWLkVBsaz26vub.DKH0zl5UHUlv.4koREUPzwbNFYzOWi1/mFiwHIdpxzMKFqp5k3S8Tasm72ONPA
walkoff_core_api.1.dgq4r551ojm1@ip-192-168-0-16.ap-southeast-2.compute.internal    | INFO:     10.0.3.216:34094 - "GET /walkoff/api/users/permissions/ HTTP/1.0" 200 OK
walkoff_core_api.1.dgq4r551ojm1@ip-192-168-0-16.ap-southeast-2.compute.internal    | cls - user.py <class 'api.server.db.user.UserModel'> <class 'pydantic.main.ModelMetaclass'>
walkoff_core_api.1.dgq4r551ojm1@ip-192-168-0-16.ap-southeast-2.compute.internal    | pwd admin
walkoff_core_api.1.dgq4r551ojm1@ip-192-168-0-16.ap-southeast-2.compute.internal    | vals {'id_': UUID('00000000-0000-6164-6d69-6e5f75736572'), 'hashed': False, 'username': 'admin'}
walkoff_core_api.1.dgq4r551ojm1@ip-192-168-0-16.ap-southeast-2.compute.internal    | cls - user.py <class 'api.server.db.user.UserModel'> <class 'pydantic.main.ModelMetaclass'>
walkoff_core_api.1.dgq4r551ojm1@ip-192-168-0-16.ap-southeast-2.compute.internal    | pwd admin
walkoff_core_api.1.dgq4r551ojm1@ip-192-168-0-16.ap-southeast-2.compute.internal    | vals {'id_': UUID('00000000-0000-6164-6d69-6e5f75736572'), 'hashed': False, 'username': 'admin'}
walkoff_core_api.1.dgq4r551ojm1@ip-192-168-0-16.ap-southeast-2.compute.internal    | pwd-r $pbkdf2-sha512$25000$7907Z2wNYcz5v/d.r3VuTQ$JqrdbB3LFSJ0L9544mZe2j3MSJakOED9ltHXLpfIMT0CQzA5MDzqVx.j1DYjxnwS1XwsXOED3/f7K.QskQb8mQ
walkoff_core_api.1.dgq4r551ojm1@ip-192-168-0-16.ap-southeast-2.compute.internal    | INFO:     10.0.3.216:34108 - "GET /walkoff/api/users/permissions/ HTTP/1.0" 200 OK
walkoff_core_api.1.dgq4r551ojm1@ip-192-168-0-16.ap-southeast-2.compute.internal    | cls - user.py <class 'api.server.db.user.UserModel'> <class 'pydantic.main.ModelMetaclass'>
walkoff_core_api.1.dgq4r551ojm1@ip-192-168-0-16.ap-southeast-2.compute.internal    | pwd admin
walkoff_core_api.1.dgq4r551ojm1@ip-192-168-0-16.ap-southeast-2.compute.internal    | vals {'id_': UUID('00000000-0000-6164-6d69-6e5f75736572'), 'hashed': False, 'username': 'admin'}
walkoff_core_api.1.dgq4r551ojm1@ip-192-168-0-16.ap-southeast-2.compute.internal    | cls - user.py <class 'api.server.db.user.UserModel'> <class 'pydantic.main.ModelMetaclass'>
walkoff_core_api.1.dgq4r551ojm1@ip-192-168-0-16.ap-southeast-2.compute.internal    | pwd admin
walkoff_core_api.1.dgq4r551ojm1@ip-192-168-0-16.ap-southeast-2.compute.internal    | vals {'id_': UUID('00000000-0000-6164-6d69-6e5f75736572'), 'hashed': False, 'username': 'admin'}
walkoff_core_api.1.dgq4r551ojm1@ip-192-168-0-16.ap-southeast-2.compute.internal    | pwd-r $pbkdf2-sha512$25000$sLb2fs/ZG0MohZDyfu8dQw$Y9.JiFzkhD1p22fGQDvKqTK5lDksyWYcC.2e2yWDB656mYjWIjhyFfQsou1ODhizsKKcfFvPjPqVXOGFsrMaUg
walkoff_core_api.1.dgq4r551ojm1@ip-192-168-0-16.ap-southeast-2.compute.internal    | INFO:     10.0.3.216:34240 - "GET /walkoff/api/users/permissions/ HTTP/1.0" 200 OK
walkoff_core_api.1.dgq4r551ojm1@ip-192-168-0-16.ap-southeast-2.compute.internal    | cls - user.py <class 'api.server.db.user.UserModel'> <class 'pydantic.main.ModelMetaclass'>
walkoff_core_api.1.dgq4r551ojm1@ip-192-168-0-16.ap-southeast-2.compute.internal    | pwd admin
walkoff_core_api.1.dgq4r551ojm1@ip-192-168-0-16.ap-southeast-2.compute.internal    | vals {'id_': UUID('00000000-0000-6164-6d69-6e5f75736572'), 'hashed': False, 'username': 'admin'}
walkoff_core_api.1.dgq4r551ojm1@ip-192-168-0-16.ap-southeast-2.compute.internal    | cls - user.py <class 'api.server.db.user.UserModel'> <class 'pydantic.main.ModelMetaclass'>
walkoff_core_api.1.dgq4r551ojm1@ip-192-168-0-16.ap-southeast-2.compute.internal    | pwd admin
walkoff_core_api.1.dgq4r551ojm1@ip-192-168-0-16.ap-southeast-2.compute.internal    | vals {'id_': UUID('00000000-0000-6164-6d69-6e5f75736572'), 'hashed': False, 'username': 'admin'}
walkoff_core_api.1.dgq4r551ojm1@ip-192-168-0-16.ap-southeast-2.compute.internal    | pwd-r $pbkdf2-sha512$25000$a23NeQ.BsFbqvRfCuPd.bw$Aia9Eiloer0zre15/XF2fISYUhzuKSTPIrl/DpfQhrqJlTMg/8gnOVnhlcRDMPoM7kkzhfKcgQm2Hz3rieFNlw
walkoff_core_api.1.dgq4r551ojm1@ip-192-168-0-16.ap-southeast-2.compute.internal    | INFO:     10.0.3.216:34278 - "GET /walkoff/api/users/permissions/ HTTP/1.0" 200 OK
walkoff_core_api.1.dgq4r551ojm1@ip-192-168-0-16.ap-southeast-2.compute.internal    | cls - user.py <class 'api.server.db.user.UserModel'> <class 'pydantic.main.ModelMetaclass'>
walkoff_core_api.1.dgq4r551ojm1@ip-192-168-0-16.ap-southeast-2.compute.internal    | pwd admin
walkoff_core_api.1.dgq4r551ojm1@ip-192-168-0-16.ap-southeast-2.compute.internal    | vals {'id_': UUID('00000000-0000-6164-6d69-6e5f75736572'), 'hashed': False, 'username': 'admin'}
walkoff_core_api.1.dgq4r551ojm1@ip-192-168-0-16.ap-southeast-2.compute.internal    | cls - user.py <class 'api.server.db.user.UserModel'> <class 'pydantic.main.ModelMetaclass'>
walkoff_core_api.1.dgq4r551ojm1@ip-192-168-0-16.ap-southeast-2.compute.internal    | pwd admin
walkoff_core_api.1.dgq4r551ojm1@ip-192-168-0-16.ap-southeast-2.compute.internal    | vals {'id_': UUID('00000000-0000-6164-6d69-6e5f75736572'), 'hashed': False, 'username': 'admin'}
walkoff_core_api.1.dgq4r551ojm1@ip-192-168-0-16.ap-southeast-2.compute.internal    | pwd-r $pbkdf2-sha512$25000$itF6r7UWYkyJEaKUEoIQgg$5xYgyDET03YEvuFfApGwWOHOaJDmDsP7DuRa8.1R67GvRerF2Vpw4U1r6CuEPQHPOjO2qttlFSNsA6KFnxa7FQ
walkoff_core_api.1.dgq4r551ojm1@ip-192-168-0-16.ap-southeast-2.compute.internal    | INFO:     10.0.3.216:34386 - "GET /walkoff/api/users/permissions/ HTTP/1.0" 200 OK
walkoff_core_api.1.dgq4r551ojm1@ip-192-168-0-16.ap-southeast-2.compute.internal    | cls - user.py <class 'api.server.db.user.UserModel'> <class 'pydantic.main.ModelMetaclass'>
walkoff_core_api.1.dgq4r551ojm1@ip-192-168-0-16.ap-southeast-2.compute.internal    | pwd admin
walkoff_core_api.1.dgq4r551ojm1@ip-192-168-0-16.ap-southeast-2.compute.internal    | vals {'id_': UUID('00000000-0000-6164-6d69-6e5f75736572'), 'hashed': False, 'username': 'admin'}
walkoff_core_api.1.dgq4r551ojm1@ip-192-168-0-16.ap-southeast-2.compute.internal    | cls - user.py <class 'api.server.db.user.UserModel'> <class 'pydantic.main.ModelMetaclass'>
walkoff_core_api.1.dgq4r551ojm1@ip-192-168-0-16.ap-southeast-2.compute.internal    | pwd admin
walkoff_core_api.1.dgq4r551ojm1@ip-192-168-0-16.ap-southeast-2.compute.internal    | vals {'id_': UUID('00000000-0000-6164-6d69-6e5f75736572'), 'hashed': False, 'username': 'admin'}
walkoff_core_api.1.dgq4r551ojm1@ip-192-168-0-16.ap-southeast-2.compute.internal    | pwd-r $pbkdf2-sha512$25000$R8g5JySkdO59r1WKkdKaMw$bpDMSpOzf2e3j1R0B8LhPbSAOCXanSGWE0HacmisDKAUov2w3poYBFc8xRte2RAwD2Gtc7rJOvZvbc5VhipXGw
walkoff_core_api.1.dgq4r551ojm1@ip-192-168-0-16.ap-southeast-2.compute.internal    | INFO:     10.0.3.216:34424 - "GET /walkoff/api/users/permissions/ HTTP/1.0" 200 OK
walkoff_core_api.1.dgq4r551ojm1@ip-192-168-0-16.ap-southeast-2.compute.internal    | cls - user.py <class 'api.server.db.user.UserModel'> <class 'pydantic.main.ModelMetaclass'>
walkoff_core_api.1.dgq4r551ojm1@ip-192-168-0-16.ap-southeast-2.compute.internal    | pwd admin
walkoff_core_api.1.dgq4r551ojm1@ip-192-168-0-16.ap-southeast-2.compute.internal    | vals {'id_': UUID('00000000-0000-6164-6d69-6e5f75736572'), 'hashed': False, 'username': 'admin'}
walkoff_core_api.1.dgq4r551ojm1@ip-192-168-0-16.ap-southeast-2.compute.internal    | cls - user.py <class 'api.server.db.user.UserModel'> <class 'pydantic.main.ModelMetaclass'>
walkoff_core_api.1.dgq4r551ojm1@ip-192-168-0-16.ap-southeast-2.compute.internal    | pwd admin
walkoff_core_api.1.dgq4r551ojm1@ip-192-168-0-16.ap-southeast-2.compute.internal    | vals {'id_': UUID('00000000-0000-6164-6d69-6e5f75736572'), 'hashed': False, 'username': 'admin'}
walkoff_core_api.1.dgq4r551ojm1@ip-192-168-0-16.ap-southeast-2.compute.internal    | pwd-r $pbkdf2-sha512$25000$/3.P8X7vnVOqlTLmPCdkDA$Ew1HBn8gpw/Lb5mb5uDuIjAKNN7tevwcrO9BgDreKpjMTeQ1X8aITlZ/W40tpA3TdDj0cGxe1ursQcqCxGz5SA
walkoff_core_api.1.dgq4r551ojm1@ip-192-168-0-16.ap-southeast-2.compute.internal    | INFO:     10.0.3.216:34538 - "GET /walkoff/api/users/permissions/ HTTP/1.0" 200 OK
walkoff_core_api.1.dgq4r551ojm1@ip-192-168-0-16.ap-southeast-2.compute.internal    | cls - user.py <class 'api.server.db.user.UserModel'> <class 'pydantic.main.ModelMetaclass'>
walkoff_core_api.1.dgq4r551ojm1@ip-192-168-0-16.ap-southeast-2.compute.internal    | pwd admin
walkoff_core_api.1.dgq4r551ojm1@ip-192-168-0-16.ap-southeast-2.compute.internal    | vals {'id_': UUID('00000000-0000-6164-6d69-6e5f75736572'), 'hashed': False, 'username': 'admin'}
walkoff_core_api.1.dgq4r551ojm1@ip-192-168-0-16.ap-southeast-2.compute.internal    | cls - user.py <class 'api.server.db.user.UserModel'> <class 'pydantic.main.ModelMetaclass'>
walkoff_core_api.1.dgq4r551ojm1@ip-192-168-0-16.ap-southeast-2.compute.internal    | pwd admin
walkoff_core_api.1.dgq4r551ojm1@ip-192-168-0-16.ap-southeast-2.compute.internal    | vals {'id_': UUID('00000000-0000-6164-6d69-6e5f75736572'), 'hashed': False, 'username': 'admin'}
walkoff_core_api.1.dgq4r551ojm1@ip-192-168-0-16.ap-southeast-2.compute.internal    | pwd-r $pbkdf2-sha512$25000$OUdordX6H6P0fo8xBqD0vg$xZvjfVxYvE/WK2OSuOh73PGZ.SnOzQ2LK2tZN.fwLAtSYAhuLgl8gPVyRaVqtt803XY9wrl0RKPM3GUcpf0CfA
walkoff_core_api.1.dgq4r551ojm1@ip-192-168-0-16.ap-southeast-2.compute.internal    | INFO:     10.0.3.216:34576 - "GET /walkoff/api/users/permissions/ HTTP/1.0" 200 OK
walkoff_core_api.1.dgq4r551ojm1@ip-192-168-0-16.ap-southeast-2.compute.internal    | cls - user.py <class 'api.server.db.user.UserModel'> <class 'pydantic.main.ModelMetaclass'>
walkoff_core_api.1.dgq4r551ojm1@ip-192-168-0-16.ap-southeast-2.compute.internal    | pwd admin
walkoff_core_api.1.dgq4r551ojm1@ip-192-168-0-16.ap-southeast-2.compute.internal    | vals {'id_': UUID('00000000-0000-6164-6d69-6e5f75736572'), 'hashed': False, 'username': 'admin'}
walkoff_core_api.1.dgq4r551ojm1@ip-192-168-0-16.ap-southeast-2.compute.internal    | cls - user.py <class 'api.server.db.user.UserModel'> <class 'pydantic.main.ModelMetaclass'>
walkoff_core_api.1.dgq4r551ojm1@ip-192-168-0-16.ap-southeast-2.compute.internal    | pwd admin
walkoff_core_api.1.dgq4r551ojm1@ip-192-168-0-16.ap-southeast-2.compute.internal    | vals {'id_': UUID('00000000-0000-6164-6d69-6e5f75736572'), 'hashed': False, 'username': 'admin'}
walkoff_core_api.1.dgq4r551ojm1@ip-192-168-0-16.ap-southeast-2.compute.internal    | pwd-r $pbkdf2-sha512$25000$xlgLIQTAeI8RYuz9X4ux1g$04JMVspCm1bPtPFe0eOXO47.C4LhwDArxq8JUoQGFKtxT05WWu4y.n9Y6TvhTdETj75jElyubb9DLQiqqa9hGQ
walkoff_core_api.1.dgq4r551ojm1@ip-192-168-0-16.ap-southeast-2.compute.internal    | INFO:     10.0.3.216:34610 - "GET /walkoff/api/users/permissions/ HTTP/1.0" 200 OK
walkoff_core_api.1.dgq4r551ojm1@ip-192-168-0-16.ap-southeast-2.compute.internal    | cls - user.py <class 'api.server.db.user.UserModel'> <class 'pydantic.main.ModelMetaclass'>
walkoff_core_api.1.dgq4r551ojm1@ip-192-168-0-16.ap-southeast-2.compute.internal    | pwd admin
walkoff_core_api.1.dgq4r551ojm1@ip-192-168-0-16.ap-southeast-2.compute.internal    | vals {'id_': UUID('00000000-0000-6164-6d69-6e5f75736572'), 'hashed': False, 'username': 'admin'}
walkoff_core_api.1.dgq4r551ojm1@ip-192-168-0-16.ap-southeast-2.compute.internal    | cls - user.py <class 'api.server.db.user.UserModel'> <class 'pydantic.main.ModelMetaclass'>
walkoff_core_api.1.dgq4r551ojm1@ip-192-168-0-16.ap-southeast-2.compute.internal    | pwd admin
walkoff_core_api.1.dgq4r551ojm1@ip-192-168-0-16.ap-southeast-2.compute.internal    | vals {'id_': UUID('00000000-0000-6164-6d69-6e5f75736572'), 'hashed': False, 'username': 'admin'}
walkoff_core_api.1.dgq4r551ojm1@ip-192-168-0-16.ap-southeast-2.compute.internal    | pwd-r $pbkdf2-sha512$25000$l7K2NoYQYswZY.zde08J4Q$PApZIcMK4RMjN.NaOrvwJm81hn2IGhO7q1u9YsfaoY7u1yK8HDqABRSL65hJOZdk31ViD8Yv3KywF9sZIY6srg
walkoff_core_api.1.dgq4r551ojm1@ip-192-168-0-16.ap-southeast-2.compute.internal    | INFO:     10.0.3.216:34626 - "GET /walkoff/api/users/permissions/ HTTP/1.0" 200 OK
walkoff_core_api.1.dgq4r551ojm1@ip-192-168-0-16.ap-southeast-2.compute.internal    | cls - user.py <class 'api.server.db.user.UserModel'> <class 'pydantic.main.ModelMetaclass'>
walkoff_core_api.1.dgq4r551ojm1@ip-192-168-0-16.ap-southeast-2.compute.internal    | pwd admin
walkoff_core_api.1.dgq4r551ojm1@ip-192-168-0-16.ap-southeast-2.compute.internal    | vals {'id_': UUID('00000000-0000-6164-6d69-6e5f75736572'), 'hashed': False, 'username': 'admin'}
walkoff_core_api.1.dgq4r551ojm1@ip-192-168-0-16.ap-southeast-2.compute.internal    | cls - user.py <class 'api.server.db.user.UserModel'> <class 'pydantic.main.ModelMetaclass'>
walkoff_core_api.1.dgq4r551ojm1@ip-192-168-0-16.ap-southeast-2.compute.internal    | pwd admin
walkoff_core_api.1.dgq4r551ojm1@ip-192-168-0-16.ap-southeast-2.compute.internal    | vals {'id_': UUID('00000000-0000-6164-6d69-6e5f75736572'), 'hashed': False, 'username': 'admin'}
walkoff_core_api.1.dgq4r551ojm1@ip-192-168-0-16.ap-southeast-2.compute.internal    | pwd-r $pbkdf2-sha512$25000$XiuFkPJ.j3GOkdK6994bYw$Coel0midYH83YpgfQTMlZRN5Y3pR4umDC9uh0wNZkgNqeDd/CKZPVPFGd0EljezUzFv1PEY6vg20roiveM79FQ
walkoff_core_api.1.dgq4r551ojm1@ip-192-168-0-16.ap-southeast-2.compute.internal    | INFO:     10.0.3.216:34686 - "GET /walkoff/api/users/permissions/ HTTP/1.0" 200 OK
walkoff_core_api.1.dgq4r551ojm1@ip-192-168-0-16.ap-southeast-2.compute.internal    | cls - user.py <class 'api.server.db.user.UserModel'> <class 'pydantic.main.ModelMetaclass'>
walkoff_core_api.1.dgq4r551ojm1@ip-192-168-0-16.ap-southeast-2.compute.internal    | pwd admin
walkoff_core_api.1.dgq4r551ojm1@ip-192-168-0-16.ap-southeast-2.compute.internal    | vals {'id_': UUID('00000000-0000-6164-6d69-6e5f75736572'), 'hashed': False, 'username': 'admin'}
walkoff_core_api.1.dgq4r551ojm1@ip-192-168-0-16.ap-southeast-2.compute.internal    | cls - user.py <class 'api.server.db.user.UserModel'> <class 'pydantic.main.ModelMetaclass'>
walkoff_core_api.1.dgq4r551ojm1@ip-192-168-0-16.ap-southeast-2.compute.internal    | pwd admin
walkoff_core_api.1.dgq4r551ojm1@ip-192-168-0-16.ap-southeast-2.compute.internal    | vals {'id_': UUID('00000000-0000-6164-6d69-6e5f75736572'), 'hashed': False, 'username': 'admin'}
walkoff_core_api.1.dgq4r551ojm1@ip-192-168-0-16.ap-southeast-2.compute.internal    | pwd-r $pbkdf2-sha512$25000$FCIE4Nybc25trfVeS8l5zw$vsWEisXnfkXEDuSkfLueRYwyjWMF.ltG14XGy.4H/3xr1yGMohw2Yw1LdHjk0XqqJRnL3T/WINIWco9TRJDRvQ
walkoff_core_api.1.dgq4r551ojm1@ip-192-168-0-16.ap-southeast-2.compute.internal    | INFO:     10.0.3.216:34700 - "GET /walkoff/api/users/permissions/ HTTP/1.0" 200 OK
